[2026-08-12 18:59:13] root: INFO: Starting Flye 2.9.6-b1802
[2026-08-12 18:59:13] root: DEBUG: Cmd: /home/iris-hp/miniconda3/envs/flye/bin/flye --nano-raw runs/output/animal-lr-recruitment-diagnostics/D/recruited.v03-25000.fastq.gz --genome-size 15k --asm-coverage 50 --iterations 1 --threads 4 --out-dir runs/output/animal-lr-recruitment-diagnostics/D/flye-baseline-rep2-2.9.6
[2026-08-12 18:59:13] root: DEBUG: Python version: 3.10.14 | packaged by conda-forge | (main, Mar 20 2024, 12:45:18) [GCC 12.3.0]
[2026-08-12 18:59:13] root: INFO: >>>STAGE: configure
[2026-08-12 18:59:13] root: INFO: Configuring run
[2026-08-12 18:59:13] root: INFO: Total read length: 1895308
[2026-08-12 18:59:13] root: INFO: Input genome size: 15000
[2026-08-12 18:59:13] root: INFO: Estimated coverage: 126
[2026-08-12 18:59:13] root: INFO: Reads N50/N90: 8024 / 1867
[2026-08-12 18:59:13] root: INFO: Minimum overlap set to 2000
[2026-08-12 18:59:13] root: INFO: Using longest 50x reads for contig assembly
[2026-08-12 18:59:13] root: DEBUG: Min read length cutoff: 11043
[2026-08-12 18:59:13] root: INFO: >>>STAGE: assembly
[2026-08-12 18:59:13] root: INFO: Assembling disjointigs
[2026-08-12 18:59:13] root: DEBUG: -----Begin assembly log------
[2026-08-12 18:59:13] root: DEBUG: Running: flye-modules assemble --reads /home/iris-hp/Project/organelle-auth-ci-fix/runs/output/animal-lr-recruitment-diagnostics/D/recruited.v03-25000.fastq.gz --out-asm /home/iris-hp/Project/organelle-auth-ci-fix/runs/output/animal-lr-recruitment-diagnostics/D/flye-baseline-rep2-2.9.6/00-assembly/draft_assembly.fasta --config /home/iris-hp/miniconda3/envs/flye/lib/python3.10/site-packages/flye/config/bin_cfg/asm_raw_reads.cfg --log /home/iris-hp/Project/organelle-auth-ci-fix/runs/output/animal-lr-recruitment-diagnostics/D/flye-baseline-rep2-2.9.6/flye.log --threads 4 --genome-size 15000 --min-ovlp 2000 --min-read 11043
[2026-08-12 18:59:13] DEBUG: Build date: May  4 2025 23:20:28
[2026-08-12 18:59:13] DEBUG: Total RAM: 188 Gb
[2026-08-12 18:59:13] DEBUG: Available RAM: 159 Gb
[2026-08-12 18:59:13] DEBUG: Total CPUs: 32
[2026-08-12 18:59:13] DEBUG: Loading /home/iris-hp/miniconda3/envs/flye/lib/python3.10/site-packages/flye/config/bin_cfg/asm_raw_reads.cfg
[2026-08-12 18:59:13] DEBUG: Loading /home/iris-hp/miniconda3/envs/flye/lib/python3.10/site-packages/flye/config/bin_cfg/asm_defaults.cfg
[2026-08-12 18:59:13] DEBUG: 	big_genome_threshold=29000000
[2026-08-12 18:59:13] DEBUG: 	meta_read_filter_kmer_freq=100
[2026-08-12 18:59:13] DEBUG: 	chain_large_gap_penalty=2
[2026-08-12 18:59:13] DEBUG: 	chain_small_gap_penalty=0.5
[2026-08-12 18:59:13] DEBUG: 	chain_gap_jump_threshold=100
[2026-08-12 18:59:13] DEBUG: 	max_jump_gap=500
[2026-08-12 18:59:13] DEBUG: 	max_coverage_drop_rate=5
[2026-08-12 18:59:13] DEBUG: 	max_extensions_drop_rate=5
[2026-08-12 18:59:13] DEBUG: 	chimera_window=100
[2026-08-12 18:59:13] DEBUG: 	chimera_overhang=1000
[2026-08-12 18:59:13] DEBUG: 	min_reads_in_disjointig=4
[2026-08-12 18:59:13] DEBUG: 	max_inner_reads=10
[2026-08-12 18:59:13] DEBUG: 	max_inner_fraction=0.25
[2026-08-12 18:59:13] DEBUG: 	aggressive_dup_filter=1
[2026-08-12 18:59:13] DEBUG: 	max_separation=500
[2026-08-12 18:59:13] DEBUG: 	unique_edge_length=50000
[2026-08-12 18:59:13] DEBUG: 	min_repeat_res_support=0.51
[2026-08-12 18:59:13] DEBUG: 	out_paths_ratio=5
[2026-08-12 18:59:13] DEBUG: 	graph_cov_drop_rate=5
[2026-08-12 18:59:13] DEBUG: 	coverage_estimate_window=100
[2026-08-12 18:59:13] DEBUG: 	max_bubble_length=50000
[2026-08-12 18:59:13] DEBUG: 	loop_coverage_rate=1.5
[2026-08-12 18:59:13] DEBUG: 	repeat_edge_cov_mult=1.75
[2026-08-12 18:59:13] DEBUG: 	weak_detach_rate=5
[2026-08-12 18:59:13] DEBUG: 	tip_coverage_rate=2
[2026-08-12 18:59:13] DEBUG: 	tip_length_rate=2
[2026-08-12 18:59:13] DEBUG: 	output_gfa_before_rr=1
[2026-08-12 18:59:13] DEBUG: 	remove_alt_edges=0
[2026-08-12 18:59:13] DEBUG: 	low_cutoff_warning=1
[2026-08-12 18:59:13] DEBUG: 	kmer_size=17
[2026-08-12 18:59:13] DEBUG: 	use_minimizers=0
[2026-08-12 18:59:13] DEBUG: 	reads_base_alignment=0
[2026-08-12 18:59:13] DEBUG: 	meta_read_top_kmer_rate=0.40
[2026-08-12 18:59:13] DEBUG: 	maximum_jump=1500
[2026-08-12 18:59:13] DEBUG: 	maximum_overhang=1500
[2026-08-12 18:59:13] DEBUG: 	repeat_kmer_rate=100
[2026-08-12 18:59:13] DEBUG: 	assemble_ovlp_divergence=0.10
[2026-08-12 18:59:13] DEBUG: 	assemble_divergence_relative=1
[2026-08-12 18:59:13] DEBUG: 	repeat_graph_ovlp_divergence=0.08
[2026-08-12 18:59:13] DEBUG: 	read_align_ovlp_divergence=0.25
[2026-08-12 18:59:13] DEBUG: 	hpc_scoring_on=0
[2026-08-12 18:59:13] DEBUG: 	add_unassembled_reads=0
[2026-08-12 18:59:13] DEBUG: 	extend_contigs_with_repeats=0
[2026-08-12 18:59:13] DEBUG: 	min_read_cov_cutoff=3
[2026-08-12 18:59:13] DEBUG: 	short_tip_length=20000
[2026-08-12 18:59:13] DEBUG: 	long_tip_length=100000
[2026-08-12 18:59:13] DEBUG: Running with k-mer size: 17
[2026-08-12 18:59:13] DEBUG: Running with minimum overlap 2000
[2026-08-12 18:59:13] DEBUG: Metagenome mode: N
[2026-08-12 18:59:13] DEBUG: Short mode: N
[2026-08-12 18:59:13] INFO: Reading sequences
[2026-08-12 18:59:13] DEBUG: Building positional index
[2026-08-12 18:59:13] DEBUG: Total sequence: 741203 bp
[2026-08-12 18:59:21] INFO: Counting k-mers:
[2026-08-12 18:59:21] DEBUG: Updating k-mer histogram
[2026-08-12 19:00:53] DEBUG: Hash size: 14681
[2026-08-12 19:00:53] DEBUG: Total k-mers 173029
[2026-08-12 19:00:53] INFO: Filling index table (1/2)
[2026-08-12 19:00:53] DEBUG: Mean k-mer frequency: 33.3873
[2026-08-12 19:00:53] DEBUG: Repetitive k-mer frequency: 3338
[2026-08-12 19:00:53] DEBUG: Filtered 0 repetitive k-mers (0)
[2026-08-12 19:00:53] INFO: Filling index table (2/2)
[2026-08-12 19:00:54] DEBUG: Sorting k-mer index
[2026-08-12 19:00:54] DEBUG: Selected k-mers: 9717
[2026-08-12 19:00:54] DEBUG: Index size: 298438
[2026-08-12 19:00:54] DEBUG: Mean k-mer index frequency: 30.713
[2026-08-12 19:00:54] DEBUG: Peak RAM usage: 8 Gb
[2026-08-12 19:00:54] DEBUG: Estimating k-mer identity bias
[2026-08-12 19:15:51] DEBUG: Initial divergence estimate : 0.0653443
[2026-08-12 19:15:51] DEBUG: Relative threshold: Y
[2026-08-12 19:15:51] DEBUG: Max divergence threshold set to 0.165344
[2026-08-12 19:15:51] INFO: Extending reads
[2026-08-12 19:15:51] DEBUG: Estimating overlap coverage
[2026-08-12 19:18:05] INFO: Overlap-based coverage: 23
[2026-08-12 19:18:05] INFO: Median overlap divergence: 0.0655194
[2026-08-12 19:18:05] DEBUG: Sequence divergence distribution:

    |             *                   |
    |             *                   |
    |             *                   |
    |             *                   |
    |             *                   |
    |         *   *                   |
    |         **  *                   |
    |         **  *                   |
    |         *******                 |
    |         *******                 |
    |         *******                 |
    |         *******                 |
    |         *******                 |
    |         *******                 |
    |         *******                 |
    |      *  *******                 |
    |      *  ********** *            |
    |      *  ********** *            |
    |     ************** *            * *  *        ***
    |     ************** *            * *  *        ***
    ----------------------------------------------------------------------------------------------------
    0%        5%        10%       15%       20%       25%       30%       35%       40%       45%

    Q25 = 0.053, Q50 = 0.066, Q75 = 0.076

[2026-08-12 19:18:13] DEBUG: Assembled disjointig 1
	With 9 reads
	Start read: +SRR27841065.651137
	At position: 5
	leftTip: 1 rightTip: 0
	Suspicious: 4
	Short ext: 0
	Mean extensions: 13
	Avg overlap len: 13631
	Min overlap len: 4076
	Inner reads: 0
	Length: 38338
[2026-08-12 19:18:13] DEBUG: Inner: 36 covered: 88 total: 90
[2026-08-12 19:18:13] DEBUG: Discarded disjointig with 4 reads and 2 inner overlaps
[2026-08-12 19:18:14] DEBUG: Discarded disjointig with 8 reads and 5 inner overlaps
[2026-08-12 19:18:40] DEBUG: Assembled disjointig 2
	With 3 reads
	Start read: +SRR27841065.1750737
	At position: 2
	leftTip: 0 rightTip: 0
	Suspicious: 0
	Short ext: 0
	Mean extensions: 27
	Avg overlap len: 10492
	Min overlap len: 2807
	Inner reads: 0
	Length: 27497
[2026-08-12 19:18:40] DEBUG: Inner: 40 covered: 90 total: 90
[2026-08-12 19:18:40] INFO: Assembled 2 disjointigs
[2026-08-12 19:18:40] INFO: Generating sequence
[2026-08-12 19:18:40] DEBUG: Building positional index
[2026-08-12 19:18:40] DEBUG: Total sequence: 47174 bp
[2026-08-12 19:18:40] DEBUG: Mean k-mer frequency: 2.05914
[2026-08-12 19:18:40] DEBUG: Repetitive k-mer frequency: 205
[2026-08-12 19:18:40] DEBUG: Filtered 648 repetitive k-mers (0.0137463)
[2026-08-12 19:18:40] DEBUG: Sorting k-mer index
[2026-08-12 19:18:40] DEBUG: Selected k-mers: 22891
[2026-08-12 19:18:40] DEBUG: K-mer index size: 46492
[2026-08-12 19:18:40] DEBUG: Mean k-mer frequency: 2.03102
[2026-08-12 19:18:40] DEBUG: Minimizer rate: 1.01467
[2026-08-12 19:18:40] INFO: Filtering contained disjointigs
[2026-08-12 19:18:41] DEBUG: Computing transitive closure for overlaps
[2026-08-12 19:18:41] DEBUG: Found 0 overlaps
[2026-08-12 19:18:41] DEBUG: Left 0 overlaps after filtering
[2026-08-12 19:18:41] INFO: Contained seqs: 0
[2026-08-12 19:18:41] DEBUG: Writing FASTA
[2026-08-12 19:18:41] DEBUG: Peak RAM usage: 8 Gb
-----------End assembly log------------
[2026-08-12 19:18:41] root: DEBUG: Disjointigs length: 47174, N50: 27496
[2026-08-12 19:18:41] root: INFO: >>>STAGE: consensus
[2026-08-12 19:18:41] root: INFO: Running Minimap2
[2026-08-12 19:19:01] root: INFO: Computing consensus
[2026-08-12 19:19:02] root: INFO: Alignment error rate: 0.074909
[2026-08-12 19:19:02] root: INFO: >>>STAGE: repeat
[2026-08-12 19:19:02] root: INFO: Building and resolving repeat graph
[2026-08-12 19:19:02] root: DEBUG: -----Begin repeat analyser log------
[2026-08-12 19:19:02] root: DEBUG: Running: flye-modules repeat --disjointigs /home/iris-hp/Project/organelle-auth-ci-fix/runs/output/animal-lr-recruitment-diagnostics/D/flye-baseline-rep2-2.9.6/10-consensus/consensus.fasta --reads /home/iris-hp/Project/organelle-auth-ci-fix/runs/output/animal-lr-recruitment-diagnostics/D/recruited.v03-25000.fastq.gz --out-dir /home/iris-hp/Project/organelle-auth-ci-fix/runs/output/animal-lr-recruitment-diagnostics/D/flye-baseline-rep2-2.9.6/20-repeat --config /home/iris-hp/miniconda3/envs/flye/lib/python3.10/site-packages/flye/config/bin_cfg/asm_raw_reads.cfg --log /home/iris-hp/Project/organelle-auth-ci-fix/runs/output/animal-lr-recruitment-diagnostics/D/flye-baseline-rep2-2.9.6/flye.log --threads 4 --min-ovlp 2000
[2026-08-12 19:19:02] DEBUG: Build date: May  4 2025 23:20:44
[2026-08-12 19:19:02] DEBUG: Total RAM: 188 Gb
[2026-08-12 19:19:02] DEBUG: Available RAM: 159 Gb
[2026-08-12 19:19:02] DEBUG: Total CPUs: 32
[2026-08-12 19:19:02] DEBUG: Loading /home/iris-hp/miniconda3/envs/flye/lib/python3.10/site-packages/flye/config/bin_cfg/asm_raw_reads.cfg
[2026-08-12 19:19:02] DEBUG: Loading /home/iris-hp/miniconda3/envs/flye/lib/python3.10/site-packages/flye/config/bin_cfg/asm_defaults.cfg
[2026-08-12 19:19:02] DEBUG: 	big_genome_threshold=29000000
[2026-08-12 19:19:02] DEBUG: 	meta_read_filter_kmer_freq=100
[2026-08-12 19:19:02] DEBUG: 	chain_large_gap_penalty=2
[2026-08-12 19:19:02] DEBUG: 	chain_small_gap_penalty=0.5
[2026-08-12 19:19:02] DEBUG: 	chain_gap_jump_threshold=100
[2026-08-12 19:19:02] DEBUG: 	max_jump_gap=500
[2026-08-12 19:19:02] DEBUG: 	max_coverage_drop_rate=5
[2026-08-12 19:19:02] DEBUG: 	max_extensions_drop_rate=5
[2026-08-12 19:19:02] DEBUG: 	chimera_window=100
[2026-08-12 19:19:02] DEBUG: 	chimera_overhang=1000
[2026-08-12 19:19:02] DEBUG: 	min_reads_in_disjointig=4
[2026-08-12 19:19:02] DEBUG: 	max_inner_reads=10
[2026-08-12 19:19:02] DEBUG: 	max_inner_fraction=0.25
[2026-08-12 19:19:02] DEBUG: 	aggressive_dup_filter=1
[2026-08-12 19:19:02] DEBUG: 	max_separation=500
[2026-08-12 19:19:02] DEBUG: 	unique_edge_length=50000
[2026-08-12 19:19:02] DEBUG: 	min_repeat_res_support=0.51
[2026-08-12 19:19:02] DEBUG: 	out_paths_ratio=5
[2026-08-12 19:19:02] DEBUG: 	graph_cov_drop_rate=5
[2026-08-12 19:19:02] DEBUG: 	coverage_estimate_window=100
[2026-08-12 19:19:02] DEBUG: 	max_bubble_length=50000
[2026-08-12 19:19:02] DEBUG: 	loop_coverage_rate=1.5
[2026-08-12 19:19:02] DEBUG: 	repeat_edge_cov_mult=1.75
[2026-08-12 19:19:02] DEBUG: 	weak_detach_rate=5
[2026-08-12 19:19:02] DEBUG: 	tip_coverage_rate=2
[2026-08-12 19:19:02] DEBUG: 	tip_length_rate=2
[2026-08-12 19:19:02] DEBUG: 	output_gfa_before_rr=1
[2026-08-12 19:19:02] DEBUG: 	remove_alt_edges=0
[2026-08-12 19:19:02] DEBUG: 	low_cutoff_warning=1
[2026-08-12 19:19:02] DEBUG: 	kmer_size=17
[2026-08-12 19:19:02] DEBUG: 	use_minimizers=0
[2026-08-12 19:19:02] DEBUG: 	reads_base_alignment=0
[2026-08-12 19:19:02] DEBUG: 	meta_read_top_kmer_rate=0.40
[2026-08-12 19:19:02] DEBUG: 	maximum_jump=1500
[2026-08-12 19:19:02] DEBUG: 	maximum_overhang=1500
[2026-08-12 19:19:02] DEBUG: 	repeat_kmer_rate=100
[2026-08-12 19:19:02] DEBUG: 	assemble_ovlp_divergence=0.10
[2026-08-12 19:19:02] DEBUG: 	assemble_divergence_relative=1
[2026-08-12 19:19:02] DEBUG: 	repeat_graph_ovlp_divergence=0.08
[2026-08-12 19:19:02] DEBUG: 	read_align_ovlp_divergence=0.25
[2026-08-12 19:19:02] DEBUG: 	hpc_scoring_on=0
[2026-08-12 19:19:02] DEBUG: 	add_unassembled_reads=0
[2026-08-12 19:19:02] DEBUG: 	extend_contigs_with_repeats=0
[2026-08-12 19:19:02] DEBUG: 	min_read_cov_cutoff=3
[2026-08-12 19:19:02] DEBUG: 	short_tip_length=20000
[2026-08-12 19:19:02] DEBUG: 	long_tip_length=100000
[2026-08-12 19:19:02] DEBUG: Running with k-mer size: 17
[2026-08-12 19:19:02] DEBUG: Selected minimum overlap 2000
[2026-08-12 19:19:02] DEBUG: Metagenome mode: N
[2026-08-12 19:19:02] INFO: Parsing disjointigs
[2026-08-12 19:19:02] DEBUG: Building positional index
[2026-08-12 19:19:02] DEBUG: Total sequence: 44530 bp
[2026-08-12 19:19:02] INFO: Building repeat graph
[2026-08-12 19:19:03] DEBUG: Mean k-mer frequency: 2.70066
[2026-08-12 19:19:03] DEBUG: Repetitive k-mer frequency: 270
[2026-08-12 19:19:03] DEBUG: Filtered 475 repetitive k-mers (0.0106751)
[2026-08-12 19:19:03] DEBUG: Sorting k-mer index
[2026-08-12 19:19:03] DEBUG: Selected k-mers: 16474
[2026-08-12 19:19:03] DEBUG: K-mer index size: 44021
[2026-08-12 19:19:03] DEBUG: Mean k-mer frequency: 2.67215
[2026-08-12 19:19:03] DEBUG: Minimizer rate: 1.01156
[2026-08-12 19:19:03] DEBUG: Computing transitive closure for overlaps
[2026-08-12 19:19:03] DEBUG: Found 20 overlaps
[2026-08-12 19:19:03] DEBUG: Left 8 overlaps after filtering
[2026-08-12 19:19:03] INFO: Median overlap divergence: 0.0647361
[2026-08-12 19:19:03] DEBUG: Sequence divergence distribution:

    |            *   |
    |            *   |
    |            *   |
    |            *   |
    |            *   |
    |            *   |
    |            *   |
    |            *   |
    |            *   |
    |            *   |
    |           **   |
    |           **   |
    |           **   |
    |           **   |
    |           **   |
    |           **   |
    |           **   |
    |           **   |
    |           **   |
    |           **   |
    ----------------------------------------------------------------------------------------------------
    0%        5%        10%       15%       20%       25%       30%       35%       40%       45%

    Q25 = 0.058, Q50 = 0.065, Q75 = 0.065

[2026-08-12 19:19:03] DEBUG: Computing gluepoints
[2026-08-12 19:19:03] DEBUG: Added 0 gluepoint projections
[2026-08-12 19:19:03] DEBUG: Created 16 gluepoints
[2026-08-12 19:19:03] DEBUG: Artificial loops removed: 0 left, 0 right, 0 both
[2026-08-12 19:19:03] DEBUG: Initializing edges
[2026-08-12 19:19:03] DEBUG: Edges length checksum: 395690696
[2026-08-12 19:19:03] DEBUG: Filtered 0 singleton segments
[2026-08-12 19:19:03] DEBUG: Removed 0 simple and 0 double chimeric junctions
[2026-08-12 19:19:03] DEBUG: Collapsed 0 edges
[2026-08-12 19:19:03] DEBUG: *	1	+disjointig_1	0	3239	3239
[2026-08-12 19:19:03] DEBUG:  	2	+disjointig_1	3239	7007	3768
[2026-08-12 19:19:03] DEBUG:  	3	+disjointig_1	7007	17812	10805
[2026-08-12 19:19:03] DEBUG:  	-3	+disjointig_2	1	11227	11226
[2026-08-12 19:19:03] DEBUG:  	2	+disjointig_2	11227	14716	3489
[2026-08-12 19:19:03] DEBUG:  	3	+disjointig_2	14716	25489	10773
[2026-08-12 19:19:03] DEBUG: Total edges: 3
[2026-08-12 19:19:03] INFO: Parsing reads
[2026-08-12 19:19:03] DEBUG: Building positional index
[2026-08-12 19:19:03] DEBUG: Total sequence: 1895308 bp
[2026-08-12 19:19:03] DEBUG: Building positional index
[2026-08-12 19:19:03] DEBUG: Total sequence: 43300 bp
[2026-08-12 19:19:03] INFO: Aligning reads to the graph
[2026-08-12 19:19:03] DEBUG: Mean k-mer frequency: 2.73682
[2026-08-12 19:19:03] DEBUG: Repetitive k-mer frequency: 273
[2026-08-12 19:19:03] DEBUG: Filtered 469 repetitive k-mers (0.010857)
[2026-08-12 19:19:03] DEBUG: Sorting k-mer index
[2026-08-12 19:19:03] DEBUG: Selected k-mers: 15782
[2026-08-12 19:19:03] DEBUG: K-mer index size: 42729
[2026-08-12 19:19:03] DEBUG: Mean k-mer frequency: 2.70745
[2026-08-12 19:19:03] DEBUG: Minimizer rate: 1.01336
[2026-08-12 19:19:05] DEBUG: Total reads : 256
[2026-08-12 19:19:05] DEBUG: Read with aligned parts : 225
[2026-08-12 19:19:05] DEBUG: Aligned in one piece : 195
[2026-08-12 19:19:05] INFO: Aligned read sequence: 1459246 / 1678285 (0.869486)
[2026-08-12 19:19:05] INFO: Median overlap divergence: 0.0162489
[2026-08-12 19:19:05] DEBUG: Sequence divergence distribution:

    |  *                                               |
    |  *                                               |
    |  *                                               |
    |  *                                               |
    |  **                                              |
    |  **                                              |
    |  **                                              |
    |  **                                              |
    |  **                                              |
    |  **                                              |
    |  **                                              |
    |  **                                              |
    |  **                                              |
    |  ***                                             |
    | ****                                             |
    | ****                                             |
    | *****                                            |
    | ******                                           |
    | ********                                         |
    | ********** *  *   **     *                       |
    ----------------------------------------------------------------------------------------------------
    0%        5%        10%       15%       20%       25%       30%       35%       40%       45%

    Q25 = 0.012, Q50 = 0.016, Q75 = 0.022

[2026-08-12 19:19:06] INFO: Mean edge coverage: 89
[2026-08-12 19:19:06] DEBUG: 1	len:3239	cov:62	mult:0.696629
[2026-08-12 19:19:06] DEBUG: -1	len:3239	cov:62	mult:0.696629
[2026-08-12 19:19:06] DEBUG: 2	len:3628	cov:110	mult:1.23595
[2026-08-12 19:19:06] DEBUG: 3	len:10934	cov:96	mult:1.07865
[2026-08-12 19:19:06] DEBUG: -3	len:10934	cov:96	mult:1.07865
[2026-08-12 19:19:06] DEBUG: Unique coverage threshold 168
[2026-08-12 19:19:06] INFO: Simplifying the graph
[2026-08-12 19:19:06] DEBUG: Read coverage cutoff: 18
[2026-08-12 19:19:06] DEBUG: [SIMPL] Removed 0 paths with low coverage
[2026-08-12 19:19:06] DEBUG: [SIMPL] Masked 0 heterozygous loops
[2026-08-12 19:19:06] DEBUG: [SIMPL] Masked 0 simple bubbles
[2026-08-12 19:19:06] DEBUG: Finding repeats
[2026-08-12 19:19:06] DEBUG: Read coverage cutoff: 18
[2026-08-12 19:19:06] DEBUG: Self-compl: 2
[2026-08-12 19:19:06] DEBUG: Repeat detection iteration 1
[2026-08-12 19:19:06] DEBUG: Writing Dot
[2026-08-12 19:19:06] DEBUG: Writing FASTA
[2026-08-12 19:19:06] DEBUG: Writing Gfa
[2026-08-12 19:19:06] DEBUG: [SIMPL] == Iteration 1 ==
[2026-08-12 19:19:06] DEBUG: Splitting nodes
[2026-08-12 19:19:06] DEBUG: [SIMPL] Split 0 nodes
[2026-08-12 19:19:06] DEBUG: Tip -1 len:3239 cov:62
[2026-08-12 19:19:06] DEBUG: Tip 3 len:10934 cov:96
[2026-08-12 19:19:06] DEBUG: [SIMPL] Clipped 2 short and 0 long tips
[2026-08-12 19:19:06] DEBUG: [SIMPL] Masked 0 heterozygous loops
[2026-08-12 19:19:06] DEBUG: [SIMPL] Masked 0 simple bubbles
[2026-08-12 19:19:06] DEBUG: Finding repeats
[2026-08-12 19:19:06] DEBUG: Read coverage cutoff: 18
[2026-08-12 19:19:06] DEBUG: Self-compl: 2
[2026-08-12 19:19:06] DEBUG: Repeat detection iteration 1
[2026-08-12 19:19:06] DEBUG: Total unique edges: 2
[2026-08-12 19:19:06] DEBUG: [SIMPL] Resolved repeats: 0
[2026-08-12 19:19:06] DEBUG: RR links: 0
[2026-08-12 19:19:06] DEBUG: Unresolved: 0
[2026-08-12 19:19:06] DEBUG: Removed 0 simple and 0 double chimeric junctions
[2026-08-12 19:19:06] DEBUG: [SIMPL] == Iteration 2 ==
[2026-08-12 19:19:06] DEBUG: Splitting nodes
[2026-08-12 19:19:06] DEBUG: [SIMPL] Split 0 nodes
[2026-08-12 19:19:06] DEBUG: [SIMPL] Clipped 0 short and 0 long tips
[2026-08-12 19:19:06] DEBUG: [SIMPL] Masked 0 heterozygous loops
[2026-08-12 19:19:06] DEBUG: [SIMPL] Masked 0 simple bubbles
[2026-08-12 19:19:06] DEBUG: Finding repeats
[2026-08-12 19:19:06] DEBUG: Read coverage cutoff: 18
[2026-08-12 19:19:06] DEBUG: Self-compl: 2
[2026-08-12 19:19:06] DEBUG: Repeat detection iteration 1
[2026-08-12 19:19:06] DEBUG: Total unique edges: 2
[2026-08-12 19:19:06] DEBUG: [SIMPL] Resolved repeats: 0
[2026-08-12 19:19:06] DEBUG: RR links: 0
[2026-08-12 19:19:06] DEBUG: Unresolved: 0
[2026-08-12 19:19:06] DEBUG: Removed 0 simple and 0 double chimeric junctions
[2026-08-12 19:19:06] DEBUG: [SIMPL] Collapsed 0 haplotypes
[2026-08-12 19:19:06] DEBUG: [SIMPL] Resolved 0 simple repeats
[2026-08-12 19:19:06] DEBUG: Read coverage cutoff: 18
[2026-08-12 19:19:06] DEBUG: [SIMPL] Removed 0 paths with low coverage
[2026-08-12 19:19:06] DEBUG: Finding repeats
[2026-08-12 19:19:06] DEBUG: Read coverage cutoff: 18
[2026-08-12 19:19:06] DEBUG: Self-compl: 2
[2026-08-12 19:19:06] DEBUG: Repeat detection iteration 1
[2026-08-12 19:19:06] DEBUG: Writing Dot
[2026-08-12 19:19:06] DEBUG: Writing FASTA
[2026-08-12 19:19:06] DEBUG: Peak RAM usage: 0 Gb
-----------End assembly log------------
[2026-08-12 19:19:06] root: INFO: >>>STAGE: contigger
[2026-08-12 19:19:06] root: INFO: Generating contigs
[2026-08-12 19:19:06] root: DEBUG: -----Begin contigger analyser log------
[2026-08-12 19:19:06] root: DEBUG: Running: flye-modules contigger --graph-edges /home/iris-hp/Project/organelle-auth-ci-fix/runs/output/animal-lr-recruitment-diagnostics/D/flye-baseline-rep2-2.9.6/20-repeat/repeat_graph_edges.fasta --reads /home/iris-hp/Project/organelle-auth-ci-fix/runs/output/animal-lr-recruitment-diagnostics/D/recruited.v03-25000.fastq.gz --out-dir /home/iris-hp/Project/organelle-auth-ci-fix/runs/output/animal-lr-recruitment-diagnostics/D/flye-baseline-rep2-2.9.6/30-contigger --config /home/iris-hp/miniconda3/envs/flye/lib/python3.10/site-packages/flye/config/bin_cfg/asm_raw_reads.cfg --repeat-graph /home/iris-hp/Project/organelle-auth-ci-fix/runs/output/animal-lr-recruitment-diagnostics/D/flye-baseline-rep2-2.9.6/20-repeat/repeat_graph_dump --graph-aln /home/iris-hp/Project/organelle-auth-ci-fix/runs/output/animal-lr-recruitment-diagnostics/D/flye-baseline-rep2-2.9.6/20-repeat/read_alignment_dump --log /home/iris-hp/Project/organelle-auth-ci-fix/runs/output/animal-lr-recruitment-diagnostics/D/flye-baseline-rep2-2.9.6/flye.log --threads 4 --min-ovlp 2000
[2026-08-12 19:19:06] DEBUG: Build date: May  4 2025 23:21:00
[2026-08-12 19:19:06] DEBUG: Total RAM: 188 Gb
[2026-08-12 19:19:06] DEBUG: Available RAM: 159 Gb
[2026-08-12 19:19:06] DEBUG: Total CPUs: 32
[2026-08-12 19:19:06] DEBUG: Loading /home/iris-hp/miniconda3/envs/flye/lib/python3.10/site-packages/flye/config/bin_cfg/asm_raw_reads.cfg
[2026-08-12 19:19:06] DEBUG: Loading /home/iris-hp/miniconda3/envs/flye/lib/python3.10/site-packages/flye/config/bin_cfg/asm_defaults.cfg
[2026-08-12 19:19:06] DEBUG: 	big_genome_threshold=29000000
[2026-08-12 19:19:06] DEBUG: 	meta_read_filter_kmer_freq=100
[2026-08-12 19:19:06] DEBUG: 	chain_large_gap_penalty=2
[2026-08-12 19:19:06] DEBUG: 	chain_small_gap_penalty=0.5
[2026-08-12 19:19:06] DEBUG: 	chain_gap_jump_threshold=100
[2026-08-12 19:19:06] DEBUG: 	max_jump_gap=500
[2026-08-12 19:19:06] DEBUG: 	max_coverage_drop_rate=5
[2026-08-12 19:19:06] DEBUG: 	max_extensions_drop_rate=5
[2026-08-12 19:19:06] DEBUG: 	chimera_window=100
[2026-08-12 19:19:06] DEBUG: 	chimera_overhang=1000
[2026-08-12 19:19:06] DEBUG: 	min_reads_in_disjointig=4
[2026-08-12 19:19:06] DEBUG: 	max_inner_reads=10
[2026-08-12 19:19:06] DEBUG: 	max_inner_fraction=0.25
[2026-08-12 19:19:06] DEBUG: 	aggressive_dup_filter=1
[2026-08-12 19:19:06] DEBUG: 	max_separation=500
[2026-08-12 19:19:06] DEBUG: 	unique_edge_length=50000
[2026-08-12 19:19:06] DEBUG: 	min_repeat_res_support=0.51
[2026-08-12 19:19:06] DEBUG: 	out_paths_ratio=5
[2026-08-12 19:19:06] DEBUG: 	graph_cov_drop_rate=5
[2026-08-12 19:19:06] DEBUG: 	coverage_estimate_window=100
[2026-08-12 19:19:06] DEBUG: 	max_bubble_length=50000
[2026-08-12 19:19:06] DEBUG: 	loop_coverage_rate=1.5
[2026-08-12 19:19:06] DEBUG: 	repeat_edge_cov_mult=1.75
[2026-08-12 19:19:06] DEBUG: 	weak_detach_rate=5
[2026-08-12 19:19:06] DEBUG: 	tip_coverage_rate=2
[2026-08-12 19:19:06] DEBUG: 	tip_length_rate=2
[2026-08-12 19:19:06] DEBUG: 	output_gfa_before_rr=1
[2026-08-12 19:19:06] DEBUG: 	remove_alt_edges=0
[2026-08-12 19:19:06] DEBUG: 	low_cutoff_warning=1
[2026-08-12 19:19:06] DEBUG: 	kmer_size=17
[2026-08-12 19:19:06] DEBUG: 	use_minimizers=0
[2026-08-12 19:19:06] DEBUG: 	reads_base_alignment=0
[2026-08-12 19:19:06] DEBUG: 	meta_read_top_kmer_rate=0.40
[2026-08-12 19:19:06] DEBUG: 	maximum_jump=1500
[2026-08-12 19:19:06] DEBUG: 	maximum_overhang=1500
[2026-08-12 19:19:06] DEBUG: 	repeat_kmer_rate=100
[2026-08-12 19:19:06] DEBUG: 	assemble_ovlp_divergence=0.10
[2026-08-12 19:19:06] DEBUG: 	assemble_divergence_relative=1
[2026-08-12 19:19:06] DEBUG: 	repeat_graph_ovlp_divergence=0.08
[2026-08-12 19:19:06] DEBUG: 	read_align_ovlp_divergence=0.25
[2026-08-12 19:19:06] DEBUG: 	hpc_scoring_on=0
[2026-08-12 19:19:06] DEBUG: 	add_unassembled_reads=0
[2026-08-12 19:19:06] DEBUG: 	extend_contigs_with_repeats=0
[2026-08-12 19:19:06] DEBUG: 	min_read_cov_cutoff=3
[2026-08-12 19:19:06] DEBUG: 	short_tip_length=20000
[2026-08-12 19:19:06] DEBUG: 	long_tip_length=100000
[2026-08-12 19:19:06] DEBUG: Running with k-mer size: 17
[2026-08-12 19:19:06] DEBUG: Selected minimum overlap 2000
[2026-08-12 19:19:06] INFO: Reading sequences
[2026-08-12 19:19:06] DEBUG: Building positional index
[2026-08-12 19:19:06] DEBUG: Total sequence: 1895308 bp
[2026-08-12 19:19:06] DEBUG: Flipped 0
[2026-08-12 19:19:06] DEBUG: UPath 1: 1
[2026-08-12 19:19:06] DEBUG: UPath 2: 2
[2026-08-12 19:19:06] DEBUG: UPath 3: 3
[2026-08-12 19:19:06] DEBUG: Final graph contains 2 egdes
[2026-08-12 19:19:06] DEBUG: Extending contigs into repeats
[2026-08-12 19:19:06] DEBUG: Covered 0 repetitive contigs
[2026-08-12 19:19:06] INFO: Generated 3 contigs
[2026-08-12 19:19:06] DEBUG: Writing FASTA
[2026-08-12 19:19:06] DEBUG: Generating scaffold connections
[2026-08-12 19:19:06] INFO: Added 0 scaffold connections
[2026-08-12 19:19:06] DEBUG: Writing Dot
[2026-08-12 19:19:06] DEBUG: Writing FASTA
[2026-08-12 19:19:06] DEBUG: Writing Gfa
[2026-08-12 19:19:06] DEBUG: Peak RAM usage: 0 Gb
-----------End assembly log------------
[2026-08-12 19:19:06] root: INFO: >>>STAGE: polishing
[2026-08-12 19:19:06] root: INFO: Polishing genome (1/1)
[2026-08-12 19:19:06] root: INFO: Running minimap2
[2026-08-12 19:19:10] root: INFO: Separating alignment into bubbles
[2026-08-12 19:19:11] root: DEBUG: Generated 936 bubbles
[2026-08-12 19:19:11] root: DEBUG: Split 0 long bubbles
[2026-08-12 19:19:11] root: DEBUG: Skipped 0 empty bubbles
[2026-08-12 19:19:11] root: DEBUG: Skipped 0 bubbles with long branches
[2026-08-12 19:19:11] root: INFO: Alignment error rate: 0.051828
[2026-08-12 19:19:11] root: INFO: Correcting bubbles
[2026-08-12 19:19:12] root: DEBUG: Mean contig coverage: 104, selected threshold: 21
[2026-08-12 19:19:12] root: DEBUG: Filtered 0 contigs of total length 0
[2026-08-12 19:19:12] root: DEBUG: Generating polished GFA
[2026-08-12 19:19:12] root: DEBUG: 0 sequences remained unpolished
[2026-08-12 19:19:12] root: INFO: >>>STAGE: finalize
[2026-08-12 19:19:12] root: DEBUG: ---Output dir contents:----
[2026-08-12 19:19:12] root: DEBUG: flye-baseline-rep2-2.9.6/
[2026-08-12 19:19:12] root: DEBUG:     17.0 K      assembly.fasta
[2026-08-12 19:19:12] root: DEBUG:     31.0 K      flye.log
[2026-08-12 19:19:12] root: DEBUG:     828.0 B     assembly_graph.gv
[2026-08-12 19:19:12] root: DEBUG:     96.0 B      params.json
[2026-08-12 19:19:12] root: DEBUG:     17.0 K      assembly_graph.gfa
[2026-08-12 19:19:12] root: DEBUG:     20-repeat/
[2026-08-12 19:19:12] root: DEBUG:         17.0 K      graph_before_rr.fasta
[2026-08-12 19:19:12] root: DEBUG:         43.0 K      repeat_graph_edges.fasta
[2026-08-12 19:19:12] root: DEBUG:         564.0 B     graph_before_rr.gv
[2026-08-12 19:19:12] root: DEBUG:         947.0 B     repeat_graph_dump
[2026-08-12 19:19:12] root: DEBUG:         17.0 K      graph_before_rr.gfa
[2026-08-12 19:19:12] root: DEBUG:         82.0 K      read_alignment_dump
[2026-08-12 19:19:12] root: DEBUG:         834.0 B     graph_after_rr.gv
[2026-08-12 19:19:12] root: DEBUG:     00-assembly/
[2026-08-12 19:19:12] root: DEBUG:         59.0 B      draft_assembly.fasta.fai
[2026-08-12 19:19:12] root: DEBUG:         46.0 K      draft_assembly.fasta
[2026-08-12 19:19:12] root: DEBUG:     40-polishing/
[2026-08-12 19:19:12] root: DEBUG:         17.0 K      filtered_contigs.fasta
[2026-08-12 19:19:12] root: DEBUG:         1.0 K       minimap.stderr
[2026-08-12 19:19:12] root: DEBUG:         17.0 K      polished_edges.gfa
[2026-08-12 19:19:12] root: DEBUG:         79.0 B      filtered_stats.txt
[2026-08-12 19:19:12] root: DEBUG:         121.0 B     edges_aln.bam.csi
[2026-08-12 19:19:12] root: DEBUG:         74.0 B      filtered_contigs.fasta.fai
[2026-08-12 19:19:12] root: DEBUG:         129.0 B     minimap_1.bam.csi
[2026-08-12 19:19:12] root: DEBUG:         79.0 B      contigs_stats.txt
[2026-08-12 19:19:12] root: DEBUG:         4.0 K       base_coverage.bed.gz
[2026-08-12 19:19:12] root: DEBUG:     10-consensus/
[2026-08-12 19:19:12] root: DEBUG:         1.0 K       minimap.stderr
[2026-08-12 19:19:12] root: DEBUG:         44.0 K      consensus.fasta
[2026-08-12 19:19:12] root: DEBUG:         394.0 B     minimap.bam.csi
[2026-08-12 19:19:12] root: DEBUG:     30-contigger/
[2026-08-12 19:19:12] root: DEBUG:         17.0 K      graph_final.gfa
[2026-08-12 19:19:12] root: DEBUG:         0.0 B       scaffolds_links.txt
[2026-08-12 19:19:12] root: DEBUG:         17.0 K      graph_final.fasta
[2026-08-12 19:19:12] root: DEBUG:         17.0 K      contigs.fasta
[2026-08-12 19:19:12] root: DEBUG:         828.0 B     graph_final.gv
[2026-08-12 19:19:12] root: DEBUG:         175.0 B     contigs_stats.txt
[2026-08-12 19:19:12] root: DEBUG:         75.0 B      contigs.fasta.fai
[2026-08-12 19:19:12] root: DEBUG: --------------------------
[2026-08-12 19:19:12] root: INFO: Assembly statistics:

	Total length:	17641
	Fragments:	3
	Fragments N50:	10805
	Largest frg:	10805
	Scaffolds:	0
	Mean coverage:	104

[2026-08-12 19:19:12] root: INFO: Final assembly: /home/iris-hp/Project/organelle-auth-ci-fix/runs/output/animal-lr-recruitment-diagnostics/D/flye-baseline-rep2-2.9.6/assembly.fasta
