[2026-08-12 15:50:18] root: ERROR: minimap2 is not installed
[2026-08-12 15:50:18] root: ERROR: Pipeline aborted
[2026-08-12 15:50:29] root: INFO: Starting Flye 2.9.6-b1802
[2026-08-12 15:50:29] root: DEBUG: Cmd: /home/iris-hp/miniconda3/envs/flye/bin/flye --nano-raw runs/output/animal-lr-recruitment-diagnostics/D/recruited.v02.fastq.gz --out-dir runs/output/animal-lr-recruitment-diagnostics/D/flye-v02-fixed-2.9.6 --genome-size 15k --asm-coverage 50 --iterations 1 --threads 4
[2026-08-12 15:50:29] root: DEBUG: Python version: 3.10.14 | packaged by conda-forge | (main, Mar 20 2024, 12:45:18) [GCC 12.3.0]
[2026-08-12 15:50:29] root: INFO: >>>STAGE: configure
[2026-08-12 15:50:29] root: INFO: Configuring run
[2026-08-12 15:50:29] root: INFO: Total read length: 2306582
[2026-08-12 15:50:29] root: INFO: Input genome size: 15000
[2026-08-12 15:50:29] root: INFO: Estimated coverage: 153
[2026-08-12 15:50:29] root: INFO: Reads N50/N90: 9351 / 1946
[2026-08-12 15:50:29] root: INFO: Minimum overlap set to 2000
[2026-08-12 15:50:29] root: INFO: Using longest 50x reads for contig assembly
[2026-08-12 15:50:29] root: DEBUG: Min read length cutoff: 15136
[2026-08-12 15:50:29] root: INFO: >>>STAGE: assembly
[2026-08-12 15:50:29] root: INFO: Assembling disjointigs
[2026-08-12 15:50:29] root: DEBUG: -----Begin assembly log------
[2026-08-12 15:50:29] root: DEBUG: Running: flye-modules assemble --reads /home/iris-hp/Project/organelle-auth-ci-fix/runs/output/animal-lr-recruitment-diagnostics/D/recruited.v02.fastq.gz --out-asm /home/iris-hp/Project/organelle-auth-ci-fix/runs/output/animal-lr-recruitment-diagnostics/D/flye-v02-fixed-2.9.6/00-assembly/draft_assembly.fasta --config /home/iris-hp/miniconda3/envs/flye/lib/python3.10/site-packages/flye/config/bin_cfg/asm_raw_reads.cfg --log /home/iris-hp/Project/organelle-auth-ci-fix/runs/output/animal-lr-recruitment-diagnostics/D/flye-v02-fixed-2.9.6/flye.log --threads 4 --genome-size 15000 --min-ovlp 2000 --min-read 15136
[2026-08-12 15:50:29] DEBUG: Build date: May  4 2025 23:20:28
[2026-08-12 15:50:29] DEBUG: Total RAM: 188 Gb
[2026-08-12 15:50:29] DEBUG: Available RAM: 160 Gb
[2026-08-12 15:50:29] DEBUG: Total CPUs: 32
[2026-08-12 15:50:29] DEBUG: Loading /home/iris-hp/miniconda3/envs/flye/lib/python3.10/site-packages/flye/config/bin_cfg/asm_raw_reads.cfg
[2026-08-12 15:50:29] DEBUG: Loading /home/iris-hp/miniconda3/envs/flye/lib/python3.10/site-packages/flye/config/bin_cfg/asm_defaults.cfg
[2026-08-12 15:50:29] DEBUG: 	big_genome_threshold=29000000
[2026-08-12 15:50:29] DEBUG: 	meta_read_filter_kmer_freq=100
[2026-08-12 15:50:29] DEBUG: 	chain_large_gap_penalty=2
[2026-08-12 15:50:29] DEBUG: 	chain_small_gap_penalty=0.5
[2026-08-12 15:50:29] DEBUG: 	chain_gap_jump_threshold=100
[2026-08-12 15:50:29] DEBUG: 	max_jump_gap=500
[2026-08-12 15:50:29] DEBUG: 	max_coverage_drop_rate=5
[2026-08-12 15:50:29] DEBUG: 	max_extensions_drop_rate=5
[2026-08-12 15:50:29] DEBUG: 	chimera_window=100
[2026-08-12 15:50:29] DEBUG: 	chimera_overhang=1000
[2026-08-12 15:50:29] DEBUG: 	min_reads_in_disjointig=4
[2026-08-12 15:50:29] DEBUG: 	max_inner_reads=10
[2026-08-12 15:50:29] DEBUG: 	max_inner_fraction=0.25
[2026-08-12 15:50:29] DEBUG: 	aggressive_dup_filter=1
[2026-08-12 15:50:29] DEBUG: 	max_separation=500
[2026-08-12 15:50:29] DEBUG: 	unique_edge_length=50000
[2026-08-12 15:50:29] DEBUG: 	min_repeat_res_support=0.51
[2026-08-12 15:50:29] DEBUG: 	out_paths_ratio=5
[2026-08-12 15:50:29] DEBUG: 	graph_cov_drop_rate=5
[2026-08-12 15:50:29] DEBUG: 	coverage_estimate_window=100
[2026-08-12 15:50:29] DEBUG: 	max_bubble_length=50000
[2026-08-12 15:50:29] DEBUG: 	loop_coverage_rate=1.5
[2026-08-12 15:50:29] DEBUG: 	repeat_edge_cov_mult=1.75
[2026-08-12 15:50:29] DEBUG: 	weak_detach_rate=5
[2026-08-12 15:50:29] DEBUG: 	tip_coverage_rate=2
[2026-08-12 15:50:29] DEBUG: 	tip_length_rate=2
[2026-08-12 15:50:29] DEBUG: 	output_gfa_before_rr=1
[2026-08-12 15:50:29] DEBUG: 	remove_alt_edges=0
[2026-08-12 15:50:29] DEBUG: 	low_cutoff_warning=1
[2026-08-12 15:50:29] DEBUG: 	kmer_size=17
[2026-08-12 15:50:29] DEBUG: 	use_minimizers=0
[2026-08-12 15:50:29] DEBUG: 	reads_base_alignment=0
[2026-08-12 15:50:29] DEBUG: 	meta_read_top_kmer_rate=0.40
[2026-08-12 15:50:29] DEBUG: 	maximum_jump=1500
[2026-08-12 15:50:29] DEBUG: 	maximum_overhang=1500
[2026-08-12 15:50:29] DEBUG: 	repeat_kmer_rate=100
[2026-08-12 15:50:29] DEBUG: 	assemble_ovlp_divergence=0.10
[2026-08-12 15:50:29] DEBUG: 	assemble_divergence_relative=1
[2026-08-12 15:50:29] DEBUG: 	repeat_graph_ovlp_divergence=0.08
[2026-08-12 15:50:29] DEBUG: 	read_align_ovlp_divergence=0.25
[2026-08-12 15:50:29] DEBUG: 	hpc_scoring_on=0
[2026-08-12 15:50:29] DEBUG: 	add_unassembled_reads=0
[2026-08-12 15:50:29] DEBUG: 	extend_contigs_with_repeats=0
[2026-08-12 15:50:29] DEBUG: 	min_read_cov_cutoff=3
[2026-08-12 15:50:29] DEBUG: 	short_tip_length=20000
[2026-08-12 15:50:29] DEBUG: 	long_tip_length=100000
[2026-08-12 15:50:29] DEBUG: Running with k-mer size: 17
[2026-08-12 15:50:29] DEBUG: Running with minimum overlap 2000
[2026-08-12 15:50:29] DEBUG: Metagenome mode: N
[2026-08-12 15:50:29] DEBUG: Short mode: N
[2026-08-12 15:50:29] INFO: Reading sequences
[2026-08-12 15:50:29] DEBUG: Building positional index
[2026-08-12 15:50:29] DEBUG: Total sequence: 742550 bp
[2026-08-12 15:50:36] INFO: Counting k-mers:
[2026-08-12 15:50:36] DEBUG: Updating k-mer histogram
[2026-08-12 15:52:01] DEBUG: Hash size: 14699
[2026-08-12 15:52:01] DEBUG: Total k-mers 196501
[2026-08-12 15:52:01] INFO: Filling index table (1/2)
[2026-08-12 15:52:01] DEBUG: Mean k-mer frequency: 32.2472
[2026-08-12 15:52:01] DEBUG: Repetitive k-mer frequency: 3224
[2026-08-12 15:52:01] DEBUG: Filtered 0 repetitive k-mers (0)
[2026-08-12 15:52:01] INFO: Filling index table (2/2)
[2026-08-12 15:52:02] DEBUG: Sorting k-mer index
[2026-08-12 15:52:02] DEBUG: Selected k-mers: 12214
[2026-08-12 15:52:02] DEBUG: Index size: 301746
[2026-08-12 15:52:02] DEBUG: Mean k-mer index frequency: 24.7049
[2026-08-12 15:52:02] DEBUG: Peak RAM usage: 8 Gb
[2026-08-12 15:52:02] DEBUG: Estimating k-mer identity bias
[2026-08-12 16:10:24] DEBUG: Initial divergence estimate : 0.0690196
[2026-08-12 16:10:24] DEBUG: Relative threshold: Y
[2026-08-12 16:10:24] DEBUG: Max divergence threshold set to 0.16902
[2026-08-12 16:10:24] INFO: Extending reads
[2026-08-12 16:10:24] DEBUG: Estimating overlap coverage
[2026-08-12 16:13:16] INFO: Overlap-based coverage: 21
[2026-08-12 16:13:16] INFO: Median overlap divergence: 0.0673489
[2026-08-12 16:13:16] DEBUG: Sequence divergence distribution:

    |            *                    |
    |            *                    |
    |            *                    |
    |            * *                  |
    |            * *                  |
    |            ***                  |
    |           ****                  |
    |           ****                  |
    |           ****                  |
    |           ****                  |
    |           **** *                |
    |           **** *                |
    |           **** *                |
    |         * **** ***  *           |
    |         * **** ***  *           |
    |         **********  *           |
    |       ************  *           |
    |       ************  *           |
    |     ************** **      ** * |               *
    |     ************** **      ** * |               *
    ----------------------------------------------------------------------------------------------------
    0%        5%        10%       15%       20%       25%       30%       35%       40%       45%

    Q25 = 0.059, Q50 = 0.067, Q75 = 0.083

[2026-08-12 16:13:18] DEBUG: Assembled disjointig 1
	With 14 reads
	Start read: +SRR27841065.2936463
	At position: 10
	leftTip: 0 rightTip: 0
	Suspicious: 0
	Short ext: 0
	Mean extensions: 18
	Avg overlap len: 15842
	Min overlap len: 12929
	Inner reads: 0
	Length: 52550
[2026-08-12 16:13:18] DEBUG: Inner: 68 covered: 78 total: 78
[2026-08-12 16:13:29] INFO: Assembled 1 disjointigs
[2026-08-12 16:13:29] INFO: Generating sequence
[2026-08-12 16:13:29] DEBUG: Building positional index
[2026-08-12 16:13:29] DEBUG: Total sequence: 53672 bp
[2026-08-12 16:13:29] DEBUG: Mean k-mer frequency: 1.88118
[2026-08-12 16:13:29] DEBUG: Repetitive k-mer frequency: 188
[2026-08-12 16:13:29] DEBUG: Filtered 672 repetitive k-mers (0.0125245)
[2026-08-12 16:13:29] DEBUG: Sorting k-mer index
[2026-08-12 16:13:29] DEBUG: Selected k-mers: 28520
[2026-08-12 16:13:29] DEBUG: K-mer index size: 52983
[2026-08-12 16:13:29] DEBUG: Mean k-mer frequency: 1.85775
[2026-08-12 16:13:29] DEBUG: Minimizer rate: 1.013
[2026-08-12 16:13:29] INFO: Filtering contained disjointigs
[2026-08-12 16:13:30] DEBUG: Computing transitive closure for overlaps
[2026-08-12 16:13:30] DEBUG: Found 4 overlaps
[2026-08-12 16:13:30] DEBUG: Left 4 overlaps after filtering
[2026-08-12 16:13:30] INFO: Contained seqs: 0
[2026-08-12 16:13:30] DEBUG: Writing FASTA
[2026-08-12 16:13:30] DEBUG: Peak RAM usage: 8 Gb
-----------End assembly log------------
[2026-08-12 16:13:31] root: DEBUG: Disjointigs length: 53672, N50: 53672
[2026-08-12 16:13:31] root: INFO: >>>STAGE: consensus
[2026-08-12 16:13:31] root: INFO: Running Minimap2
[2026-08-12 16:13:34] root: INFO: Computing consensus
[2026-08-12 16:13:37] root: INFO: Alignment error rate: 0.082893
[2026-08-12 16:13:37] root: INFO: >>>STAGE: repeat
[2026-08-12 16:13:37] root: INFO: Building and resolving repeat graph
[2026-08-12 16:13:37] root: DEBUG: -----Begin repeat analyser log------
[2026-08-12 16:13:37] root: DEBUG: Running: flye-modules repeat --disjointigs /home/iris-hp/Project/organelle-auth-ci-fix/runs/output/animal-lr-recruitment-diagnostics/D/flye-v02-fixed-2.9.6/10-consensus/consensus.fasta --reads /home/iris-hp/Project/organelle-auth-ci-fix/runs/output/animal-lr-recruitment-diagnostics/D/recruited.v02.fastq.gz --out-dir /home/iris-hp/Project/organelle-auth-ci-fix/runs/output/animal-lr-recruitment-diagnostics/D/flye-v02-fixed-2.9.6/20-repeat --config /home/iris-hp/miniconda3/envs/flye/lib/python3.10/site-packages/flye/config/bin_cfg/asm_raw_reads.cfg --log /home/iris-hp/Project/organelle-auth-ci-fix/runs/output/animal-lr-recruitment-diagnostics/D/flye-v02-fixed-2.9.6/flye.log --threads 4 --min-ovlp 2000
[2026-08-12 16:13:37] DEBUG: Build date: May  4 2025 23:20:44
[2026-08-12 16:13:37] DEBUG: Total RAM: 188 Gb
[2026-08-12 16:13:37] DEBUG: Available RAM: 159 Gb
[2026-08-12 16:13:37] DEBUG: Total CPUs: 32
[2026-08-12 16:13:37] DEBUG: Loading /home/iris-hp/miniconda3/envs/flye/lib/python3.10/site-packages/flye/config/bin_cfg/asm_raw_reads.cfg
[2026-08-12 16:13:37] DEBUG: Loading /home/iris-hp/miniconda3/envs/flye/lib/python3.10/site-packages/flye/config/bin_cfg/asm_defaults.cfg
[2026-08-12 16:13:37] DEBUG: 	big_genome_threshold=29000000
[2026-08-12 16:13:37] DEBUG: 	meta_read_filter_kmer_freq=100
[2026-08-12 16:13:37] DEBUG: 	chain_large_gap_penalty=2
[2026-08-12 16:13:37] DEBUG: 	chain_small_gap_penalty=0.5
[2026-08-12 16:13:37] DEBUG: 	chain_gap_jump_threshold=100
[2026-08-12 16:13:37] DEBUG: 	max_jump_gap=500
[2026-08-12 16:13:37] DEBUG: 	max_coverage_drop_rate=5
[2026-08-12 16:13:37] DEBUG: 	max_extensions_drop_rate=5
[2026-08-12 16:13:37] DEBUG: 	chimera_window=100
[2026-08-12 16:13:37] DEBUG: 	chimera_overhang=1000
[2026-08-12 16:13:37] DEBUG: 	min_reads_in_disjointig=4
[2026-08-12 16:13:37] DEBUG: 	max_inner_reads=10
[2026-08-12 16:13:37] DEBUG: 	max_inner_fraction=0.25
[2026-08-12 16:13:37] DEBUG: 	aggressive_dup_filter=1
[2026-08-12 16:13:37] DEBUG: 	max_separation=500
[2026-08-12 16:13:37] DEBUG: 	unique_edge_length=50000
[2026-08-12 16:13:37] DEBUG: 	min_repeat_res_support=0.51
[2026-08-12 16:13:37] DEBUG: 	out_paths_ratio=5
[2026-08-12 16:13:37] DEBUG: 	graph_cov_drop_rate=5
[2026-08-12 16:13:37] DEBUG: 	coverage_estimate_window=100
[2026-08-12 16:13:37] DEBUG: 	max_bubble_length=50000
[2026-08-12 16:13:37] DEBUG: 	loop_coverage_rate=1.5
[2026-08-12 16:13:37] DEBUG: 	repeat_edge_cov_mult=1.75
[2026-08-12 16:13:37] DEBUG: 	weak_detach_rate=5
[2026-08-12 16:13:37] DEBUG: 	tip_coverage_rate=2
[2026-08-12 16:13:37] DEBUG: 	tip_length_rate=2
[2026-08-12 16:13:37] DEBUG: 	output_gfa_before_rr=1
[2026-08-12 16:13:37] DEBUG: 	remove_alt_edges=0
[2026-08-12 16:13:37] DEBUG: 	low_cutoff_warning=1
[2026-08-12 16:13:37] DEBUG: 	kmer_size=17
[2026-08-12 16:13:37] DEBUG: 	use_minimizers=0
[2026-08-12 16:13:37] DEBUG: 	reads_base_alignment=0
[2026-08-12 16:13:37] DEBUG: 	meta_read_top_kmer_rate=0.40
[2026-08-12 16:13:37] DEBUG: 	maximum_jump=1500
[2026-08-12 16:13:37] DEBUG: 	maximum_overhang=1500
[2026-08-12 16:13:37] DEBUG: 	repeat_kmer_rate=100
[2026-08-12 16:13:37] DEBUG: 	assemble_ovlp_divergence=0.10
[2026-08-12 16:13:37] DEBUG: 	assemble_divergence_relative=1
[2026-08-12 16:13:37] DEBUG: 	repeat_graph_ovlp_divergence=0.08
[2026-08-12 16:13:37] DEBUG: 	read_align_ovlp_divergence=0.25
[2026-08-12 16:13:37] DEBUG: 	hpc_scoring_on=0
[2026-08-12 16:13:37] DEBUG: 	add_unassembled_reads=0
[2026-08-12 16:13:37] DEBUG: 	extend_contigs_with_repeats=0
[2026-08-12 16:13:37] DEBUG: 	min_read_cov_cutoff=3
[2026-08-12 16:13:37] DEBUG: 	short_tip_length=20000
[2026-08-12 16:13:37] DEBUG: 	long_tip_length=100000
[2026-08-12 16:13:37] DEBUG: Running with k-mer size: 17
[2026-08-12 16:13:37] DEBUG: Selected minimum overlap 2000
[2026-08-12 16:13:37] DEBUG: Metagenome mode: N
[2026-08-12 16:13:37] INFO: Parsing disjointigs
[2026-08-12 16:13:37] DEBUG: Building positional index
[2026-08-12 16:13:37] DEBUG: Total sequence: 52853 bp
[2026-08-12 16:13:37] INFO: Building repeat graph
[2026-08-12 16:13:37] DEBUG: Mean k-mer frequency: 2.47117
[2026-08-12 16:13:37] DEBUG: Repetitive k-mer frequency: 247
[2026-08-12 16:13:37] DEBUG: Filtered 609 repetitive k-mers (0.0115262)
[2026-08-12 16:13:37] DEBUG: Sorting k-mer index
[2026-08-12 16:13:37] DEBUG: Selected k-mers: 21379
[2026-08-12 16:13:37] DEBUG: K-mer index size: 52227
[2026-08-12 16:13:37] DEBUG: Mean k-mer frequency: 2.44291
[2026-08-12 16:13:37] DEBUG: Minimizer rate: 1.01199
[2026-08-12 16:13:38] DEBUG: Computing transitive closure for overlaps
[2026-08-12 16:13:38] DEBUG: Found 24 overlaps
[2026-08-12 16:13:38] DEBUG: Left 12 overlaps after filtering
[2026-08-12 16:13:38] INFO: Median overlap divergence: 0.0452934
[2026-08-12 16:13:38] DEBUG: Sequence divergence distribution:

    |         *      |
    |         *      |
    |         *      |
    |         *      |
    |         *      |
    |         *      |
    |         *      |
    |         *      |
    |         *      |
    |         *      |
    |         *      |                                                    *
    |         *      |                                                    *
    |         *      |                                                    *
    |         *      |                                                    *
    |         *      |                                                    *
    |         *      |                                                    *
    |         *      |                                                    *
    |         *      |                                                    *
    |         *      |                                                    *
    |         *      |                                                    *
    ----------------------------------------------------------------------------------------------------
    0%        5%        10%       15%       20%       25%       30%       35%       40%       45%

    Q25 = 0.045, Q50 = 0.045, Q75 = 0.35

[2026-08-12 16:13:38] DEBUG: Computing gluepoints
[2026-08-12 16:13:38] DEBUG: Added 1 gluepoint projections
[2026-08-12 16:13:38] DEBUG: Added 1 gluepoint projections
[2026-08-12 16:13:38] DEBUG: Added 0 gluepoint projections
[2026-08-12 16:13:38] DEBUG: Created 34 gluepoints
[2026-08-12 16:13:38] DEBUG: Artificial loops removed: 0 left, 0 right, 0 both
[2026-08-12 16:13:38] DEBUG: Initializing edges
[2026-08-12 16:13:38] DEBUG: Edges length checksum: 620172733
[2026-08-12 16:13:38] DEBUG: Filtered 1 singleton segments
[2026-08-12 16:13:38] DEBUG: Removed 0 simple and 0 double chimeric junctions
[2026-08-12 16:13:38] DEBUG: Collapsed 0 edges
[2026-08-12 16:13:38] DEBUG:  	1	+disjointig_1	1622	15839	14217
[2026-08-12 16:13:38] DEBUG:  	2	+disjointig_1	15839	19906	4067
[2026-08-12 16:13:38] DEBUG:  	1	+disjointig_1	19906	34190	14284
[2026-08-12 16:13:38] DEBUG:  	2	+disjointig_1	34190	37739	3549
[2026-08-12 16:13:38] DEBUG:  	1	+disjointig_1	37739	52065	14326
[2026-08-12 16:13:38] DEBUG:  	2	+disjointig_1	52065	52849	784
[2026-08-12 16:13:38] DEBUG: Total edges: 2
[2026-08-12 16:13:38] INFO: Parsing reads
[2026-08-12 16:13:38] DEBUG: Building positional index
[2026-08-12 16:13:38] DEBUG: Total sequence: 2306582 bp
[2026-08-12 16:13:38] DEBUG: Building positional index
[2026-08-12 16:13:38] DEBUG: Total sequence: 51227 bp
[2026-08-12 16:13:38] INFO: Aligning reads to the graph
[2026-08-12 16:13:38] DEBUG: Mean k-mer frequency: 2.47329
[2026-08-12 16:13:38] DEBUG: Repetitive k-mer frequency: 247
[2026-08-12 16:13:38] DEBUG: Filtered 486 repetitive k-mers (0.00953465)
[2026-08-12 16:13:38] DEBUG: Sorting k-mer index
[2026-08-12 16:13:38] DEBUG: Selected k-mers: 20607
[2026-08-12 16:13:38] DEBUG: K-mer index size: 50486
[2026-08-12 16:13:38] DEBUG: Mean k-mer frequency: 2.44994
[2026-08-12 16:13:38] DEBUG: Minimizer rate: 1.01468
[2026-08-12 16:13:40] DEBUG: Total reads : 287
[2026-08-12 16:13:40] DEBUG: Read with aligned parts : 277
[2026-08-12 16:13:40] DEBUG: Aligned in one piece : 269
[2026-08-12 16:13:40] INFO: Aligned read sequence: 1990624 / 2068802 (0.962211)
[2026-08-12 16:13:40] INFO: Median overlap divergence: 0.0157467
[2026-08-12 16:13:40] DEBUG: Sequence divergence distribution:

    |  *                                               |
    |  *                                               |
    |  *                                               |
    |  *                                               |
    |  *                                               |
    |  *                                               |
    |  *                                               |
    |  *                                               |
    |  **                                              |
    |  **                                              |
    |  **                                              |
    |  **                                              |
    |  **                                              |
    | ***                                              |
    | ***                                              |
    | ****                                             |
    | *****                                            |
    | ******                                           |
    | ********                                         |
    | ********** ***  ** * *  *  *                     |
    ----------------------------------------------------------------------------------------------------
    0%        5%        10%       15%       20%       25%       30%       35%       40%       45%

    Q25 = 0.012, Q50 = 0.016, Q75 = 0.023

[2026-08-12 16:13:40] INFO: Mean edge coverage: 133
[2026-08-12 16:13:40] DEBUG: 1	len:14275	cov:115	mult:0.864662
[2026-08-12 16:13:40] DEBUG: -1	len:14275	cov:115	mult:0.864662
[2026-08-12 16:13:40] DEBUG: 2	len:700	cov:552	mult:4.15038
[2026-08-12 16:13:40] DEBUG: -2	len:700	cov:552	mult:4.15038
[2026-08-12 16:13:40] DEBUG: Unique coverage threshold 201
[2026-08-12 16:13:40] INFO: Simplifying the graph
[2026-08-12 16:13:40] DEBUG: Read coverage cutoff: 27
[2026-08-12 16:13:40] DEBUG: [SIMPL] Removed 0 paths with low coverage
[2026-08-12 16:13:40] DEBUG: [SIMPL] Masked 0 heterozygous loops
[2026-08-12 16:13:40] DEBUG: [SIMPL] Masked 0 simple bubbles
[2026-08-12 16:13:40] DEBUG: Finding repeats
[2026-08-12 16:13:40] DEBUG: Read coverage cutoff: 27
[2026-08-12 16:13:40] DEBUG: High-cov: 2	700	552
[2026-08-12 16:13:40] DEBUG: Short-loop: 2
[2026-08-12 16:13:40] DEBUG: Repeat detection iteration 1
[2026-08-12 16:13:40] DEBUG: Writing Dot
[2026-08-12 16:13:40] DEBUG: Writing FASTA
[2026-08-12 16:13:40] DEBUG: Writing Gfa
[2026-08-12 16:13:40] DEBUG: [SIMPL] == Iteration 1 ==
[2026-08-12 16:13:40] DEBUG: Splitting nodes
[2026-08-12 16:13:40] DEBUG: [SIMPL] Split 0 nodes
[2026-08-12 16:13:40] DEBUG: [SIMPL] Clipped 0 short and 0 long tips
[2026-08-12 16:13:40] DEBUG: [SIMPL] Masked 0 heterozygous loops
[2026-08-12 16:13:40] DEBUG: [SIMPL] Masked 0 simple bubbles
[2026-08-12 16:13:40] DEBUG: Finding repeats
[2026-08-12 16:13:40] DEBUG: Read coverage cutoff: 27
[2026-08-12 16:13:40] DEBUG: High-cov: 2	700	552
[2026-08-12 16:13:40] DEBUG: Short-loop: 2
[2026-08-12 16:13:40] DEBUG: Repeat detection iteration 1
[2026-08-12 16:13:40] DEBUG: Total unique edges: 1
[2026-08-12 16:13:40] DEBUG: [SIMPL] Resolved repeats: 0
[2026-08-12 16:13:40] DEBUG: RR links: 0
[2026-08-12 16:13:40] DEBUG: Unresolved: 0
[2026-08-12 16:13:40] DEBUG: Removed 0 simple and 0 double chimeric junctions
[2026-08-12 16:13:40] DEBUG: [SIMPL] Collapsed 0 haplotypes
[2026-08-12 16:13:40] DEBUG: [SIMPL] Resolved 0 simple repeats
[2026-08-12 16:13:40] DEBUG: Read coverage cutoff: 27
[2026-08-12 16:13:40] DEBUG: [SIMPL] Removed 0 paths with low coverage
[2026-08-12 16:13:40] DEBUG: Finding repeats
[2026-08-12 16:13:40] DEBUG: Read coverage cutoff: 27
[2026-08-12 16:13:40] DEBUG: High-cov: 2	700	552
[2026-08-12 16:13:40] DEBUG: Short-loop: 2
[2026-08-12 16:13:40] DEBUG: Repeat detection iteration 1
[2026-08-12 16:13:40] DEBUG: Writing Dot
[2026-08-12 16:13:40] DEBUG: Writing FASTA
[2026-08-12 16:13:40] DEBUG: Peak RAM usage: 0 Gb
-----------End assembly log------------
[2026-08-12 16:13:40] root: INFO: >>>STAGE: contigger
[2026-08-12 16:13:40] root: INFO: Generating contigs
[2026-08-12 16:13:40] root: DEBUG: -----Begin contigger analyser log------
[2026-08-12 16:13:40] root: DEBUG: Running: flye-modules contigger --graph-edges /home/iris-hp/Project/organelle-auth-ci-fix/runs/output/animal-lr-recruitment-diagnostics/D/flye-v02-fixed-2.9.6/20-repeat/repeat_graph_edges.fasta --reads /home/iris-hp/Project/organelle-auth-ci-fix/runs/output/animal-lr-recruitment-diagnostics/D/recruited.v02.fastq.gz --out-dir /home/iris-hp/Project/organelle-auth-ci-fix/runs/output/animal-lr-recruitment-diagnostics/D/flye-v02-fixed-2.9.6/30-contigger --config /home/iris-hp/miniconda3/envs/flye/lib/python3.10/site-packages/flye/config/bin_cfg/asm_raw_reads.cfg --repeat-graph /home/iris-hp/Project/organelle-auth-ci-fix/runs/output/animal-lr-recruitment-diagnostics/D/flye-v02-fixed-2.9.6/20-repeat/repeat_graph_dump --graph-aln /home/iris-hp/Project/organelle-auth-ci-fix/runs/output/animal-lr-recruitment-diagnostics/D/flye-v02-fixed-2.9.6/20-repeat/read_alignment_dump --log /home/iris-hp/Project/organelle-auth-ci-fix/runs/output/animal-lr-recruitment-diagnostics/D/flye-v02-fixed-2.9.6/flye.log --threads 4 --min-ovlp 2000
[2026-08-12 16:13:40] DEBUG: Build date: May  4 2025 23:21:00
[2026-08-12 16:13:40] DEBUG: Total RAM: 188 Gb
[2026-08-12 16:13:40] DEBUG: Available RAM: 159 Gb
[2026-08-12 16:13:40] DEBUG: Total CPUs: 32
[2026-08-12 16:13:40] DEBUG: Loading /home/iris-hp/miniconda3/envs/flye/lib/python3.10/site-packages/flye/config/bin_cfg/asm_raw_reads.cfg
[2026-08-12 16:13:40] DEBUG: Loading /home/iris-hp/miniconda3/envs/flye/lib/python3.10/site-packages/flye/config/bin_cfg/asm_defaults.cfg
[2026-08-12 16:13:40] DEBUG: 	big_genome_threshold=29000000
[2026-08-12 16:13:40] DEBUG: 	meta_read_filter_kmer_freq=100
[2026-08-12 16:13:40] DEBUG: 	chain_large_gap_penalty=2
[2026-08-12 16:13:40] DEBUG: 	chain_small_gap_penalty=0.5
[2026-08-12 16:13:40] DEBUG: 	chain_gap_jump_threshold=100
[2026-08-12 16:13:40] DEBUG: 	max_jump_gap=500
[2026-08-12 16:13:40] DEBUG: 	max_coverage_drop_rate=5
[2026-08-12 16:13:40] DEBUG: 	max_extensions_drop_rate=5
[2026-08-12 16:13:40] DEBUG: 	chimera_window=100
[2026-08-12 16:13:40] DEBUG: 	chimera_overhang=1000
[2026-08-12 16:13:40] DEBUG: 	min_reads_in_disjointig=4
[2026-08-12 16:13:40] DEBUG: 	max_inner_reads=10
[2026-08-12 16:13:40] DEBUG: 	max_inner_fraction=0.25
[2026-08-12 16:13:40] DEBUG: 	aggressive_dup_filter=1
[2026-08-12 16:13:40] DEBUG: 	max_separation=500
[2026-08-12 16:13:40] DEBUG: 	unique_edge_length=50000
[2026-08-12 16:13:40] DEBUG: 	min_repeat_res_support=0.51
[2026-08-12 16:13:40] DEBUG: 	out_paths_ratio=5
[2026-08-12 16:13:40] DEBUG: 	graph_cov_drop_rate=5
[2026-08-12 16:13:40] DEBUG: 	coverage_estimate_window=100
[2026-08-12 16:13:40] DEBUG: 	max_bubble_length=50000
[2026-08-12 16:13:40] DEBUG: 	loop_coverage_rate=1.5
[2026-08-12 16:13:40] DEBUG: 	repeat_edge_cov_mult=1.75
[2026-08-12 16:13:40] DEBUG: 	weak_detach_rate=5
[2026-08-12 16:13:40] DEBUG: 	tip_coverage_rate=2
[2026-08-12 16:13:40] DEBUG: 	tip_length_rate=2
[2026-08-12 16:13:40] DEBUG: 	output_gfa_before_rr=1
[2026-08-12 16:13:40] DEBUG: 	remove_alt_edges=0
[2026-08-12 16:13:40] DEBUG: 	low_cutoff_warning=1
[2026-08-12 16:13:40] DEBUG: 	kmer_size=17
[2026-08-12 16:13:40] DEBUG: 	use_minimizers=0
[2026-08-12 16:13:40] DEBUG: 	reads_base_alignment=0
[2026-08-12 16:13:40] DEBUG: 	meta_read_top_kmer_rate=0.40
[2026-08-12 16:13:40] DEBUG: 	maximum_jump=1500
[2026-08-12 16:13:40] DEBUG: 	maximum_overhang=1500
[2026-08-12 16:13:40] DEBUG: 	repeat_kmer_rate=100
[2026-08-12 16:13:40] DEBUG: 	assemble_ovlp_divergence=0.10
[2026-08-12 16:13:40] DEBUG: 	assemble_divergence_relative=1
[2026-08-12 16:13:40] DEBUG: 	repeat_graph_ovlp_divergence=0.08
[2026-08-12 16:13:40] DEBUG: 	read_align_ovlp_divergence=0.25
[2026-08-12 16:13:40] DEBUG: 	hpc_scoring_on=0
[2026-08-12 16:13:40] DEBUG: 	add_unassembled_reads=0
[2026-08-12 16:13:40] DEBUG: 	extend_contigs_with_repeats=0
[2026-08-12 16:13:40] DEBUG: 	min_read_cov_cutoff=3
[2026-08-12 16:13:40] DEBUG: 	short_tip_length=20000
[2026-08-12 16:13:40] DEBUG: 	long_tip_length=100000
[2026-08-12 16:13:40] DEBUG: Running with k-mer size: 17
[2026-08-12 16:13:40] DEBUG: Selected minimum overlap 2000
[2026-08-12 16:13:40] INFO: Reading sequences
[2026-08-12 16:13:40] DEBUG: Building positional index
[2026-08-12 16:13:40] DEBUG: Total sequence: 2306582 bp
[2026-08-12 16:13:40] DEBUG: Flipped 0
[2026-08-12 16:13:40] DEBUG: UPath 1: 1
[2026-08-12 16:13:40] DEBUG: UPath 2: 2
[2026-08-12 16:13:40] DEBUG: Final graph contains 2 egdes
[2026-08-12 16:13:40] DEBUG: Extending contigs into repeats
[2026-08-12 16:13:40] DEBUG: Covered 1 repetitive contigs
[2026-08-12 16:13:40] INFO: Generated 1 contigs
[2026-08-12 16:13:40] DEBUG: Writing FASTA
[2026-08-12 16:13:40] DEBUG: Generating scaffold connections
[2026-08-12 16:13:40] INFO: Added 0 scaffold connections
[2026-08-12 16:13:40] DEBUG: Writing Dot
[2026-08-12 16:13:40] DEBUG: Writing FASTA
[2026-08-12 16:13:40] DEBUG: Writing Gfa
[2026-08-12 16:13:40] DEBUG: Peak RAM usage: 0 Gb
-----------End assembly log------------
[2026-08-12 16:13:40] root: INFO: >>>STAGE: polishing
[2026-08-12 16:13:40] root: INFO: Polishing genome (1/1)
[2026-08-12 16:13:40] root: INFO: Running minimap2
[2026-08-12 16:14:23] root: INFO: Separating alignment into bubbles
[2026-08-12 16:14:26] root: DEBUG: Generated 957 bubbles
[2026-08-12 16:14:26] root: DEBUG: Split 3 long bubbles
[2026-08-12 16:14:26] root: DEBUG: Skipped 0 empty bubbles
[2026-08-12 16:14:26] root: DEBUG: Skipped 0 bubbles with long branches
[2026-08-12 16:14:26] root: INFO: Alignment error rate: 0.069236
[2026-08-12 16:14:26] root: INFO: Correcting bubbles
[2026-08-12 16:14:41] root: DEBUG: Mean contig coverage: 119, selected threshold: 24
[2026-08-12 16:14:41] root: DEBUG: Filtered 0 contigs of total length 0
[2026-08-12 16:14:41] root: DEBUG: Generating polished GFA
[2026-08-12 16:14:41] root: DEBUG: 1 sequences remained unpolished
[2026-08-12 16:14:41] root: INFO: >>>STAGE: finalize
[2026-08-12 16:14:41] root: DEBUG: ---Output dir contents:----
[2026-08-12 16:14:41] root: DEBUG: flye-v02-fixed-2.9.6/
[2026-08-12 16:14:41] root: DEBUG:     22.0 K      assembly.fasta
[2026-08-12 16:14:41] root: DEBUG:     30.0 K      flye.log
[2026-08-12 16:14:41] root: DEBUG:     334.0 B     assembly_graph.gv
[2026-08-12 16:14:41] root: DEBUG:     96.0 B      params.json
[2026-08-12 16:14:41] root: DEBUG:     15.0 K      assembly_graph.gfa
[2026-08-12 16:14:41] root: DEBUG:     20-repeat/
[2026-08-12 16:14:41] root: DEBUG:         14.0 K      graph_before_rr.fasta
[2026-08-12 16:14:41] root: DEBUG:         51.0 K      repeat_graph_edges.fasta
[2026-08-12 16:14:41] root: DEBUG:         334.0 B     graph_before_rr.gv
[2026-08-12 16:14:41] root: DEBUG:         2.0 K       repeat_graph_dump
[2026-08-12 16:14:41] root: DEBUG:         14.0 K      graph_before_rr.gfa
[2026-08-12 16:14:41] root: DEBUG:         204.0 K     read_alignment_dump
[2026-08-12 16:14:41] root: DEBUG:         334.0 B     graph_after_rr.gv
[2026-08-12 16:14:41] root: DEBUG:     00-assembly/
[2026-08-12 16:14:41] root: DEBUG:         28.0 B      draft_assembly.fasta.fai
[2026-08-12 16:14:41] root: DEBUG:         53.0 K      draft_assembly.fasta
[2026-08-12 16:14:41] root: DEBUG:     40-polishing/
[2026-08-12 16:14:41] root: DEBUG:         22.0 K      filtered_contigs.fasta
[2026-08-12 16:14:41] root: DEBUG:         1.0 K       minimap.stderr
[2026-08-12 16:14:41] root: DEBUG:         15.0 K      polished_edges.gfa
[2026-08-12 16:14:41] root: DEBUG:         45.0 B      filtered_stats.txt
[2026-08-12 16:14:41] root: DEBUG:         94.0 B      edges_aln.bam.csi
[2026-08-12 16:14:41] root: DEBUG:         24.0 B      filtered_contigs.fasta.fai
[2026-08-12 16:14:41] root: DEBUG:         545.0 B     minimap_1.bam.csi
[2026-08-12 16:14:41] root: DEBUG:         45.0 B      contigs_stats.txt
[2026-08-12 16:14:41] root: DEBUG:         4.0 K       base_coverage.bed.gz
[2026-08-12 16:14:41] root: DEBUG:     10-consensus/
[2026-08-12 16:14:41] root: DEBUG:         1.0 K       minimap.stderr
[2026-08-12 16:14:41] root: DEBUG:         52.0 K      consensus.fasta
[2026-08-12 16:14:41] root: DEBUG:         809.0 B     minimap.bam.csi
[2026-08-12 16:14:41] root: DEBUG:     30-contigger/
[2026-08-12 16:14:41] root: DEBUG:         15.0 K      graph_final.gfa
[2026-08-12 16:14:41] root: DEBUG:         0.0 B       scaffolds_links.txt
[2026-08-12 16:14:41] root: DEBUG:         14.0 K      graph_final.fasta
[2026-08-12 16:14:41] root: DEBUG:         22.0 K      contigs.fasta
[2026-08-12 16:14:41] root: DEBUG:         334.0 B     graph_final.gv
[2026-08-12 16:14:41] root: DEBUG:         143.0 B     contigs_stats.txt
[2026-08-12 16:14:41] root: DEBUG:         24.0 B      contigs.fasta.fai
[2026-08-12 16:14:41] root: DEBUG: --------------------------
[2026-08-12 16:14:41] root: INFO: Assembly statistics:

	Total length:	22967
	Fragments:	1
	Fragments N50:	22967
	Largest frg:	22967
	Scaffolds:	0
	Mean coverage:	119

[2026-08-12 16:14:41] root: INFO: Final assembly: /home/iris-hp/Project/organelle-auth-ci-fix/runs/output/animal-lr-recruitment-diagnostics/D/flye-v02-fixed-2.9.6/assembly.fasta
