[2026-08-12 18:36:44] root: INFO: Starting Flye 2.9.6-b1802
[2026-08-12 18:36:44] root: DEBUG: Cmd: /home/iris-hp/miniconda3/envs/flye/bin/flye --nano-raw runs/output/animal-lr-recruitment-diagnostics/D/recruited.shuffle-22.fastq.gz --genome-size 15k --asm-coverage 50 --iterations 1 --threads 4 --out-dir runs/output/animal-lr-recruitment-diagnostics/D/flye-shuffle-22-2.9.6
[2026-08-12 18:36:44] root: DEBUG: Python version: 3.10.14 | packaged by conda-forge | (main, Mar 20 2024, 12:45:18) [GCC 12.3.0]
[2026-08-12 18:36:44] root: INFO: >>>STAGE: configure
[2026-08-12 18:36:44] root: INFO: Configuring run
[2026-08-12 18:36:44] root: INFO: Total read length: 1895308
[2026-08-12 18:36:44] root: INFO: Input genome size: 15000
[2026-08-12 18:36:44] root: INFO: Estimated coverage: 126
[2026-08-12 18:36:44] root: INFO: Reads N50/N90: 8024 / 1867
[2026-08-12 18:36:44] root: INFO: Minimum overlap set to 2000
[2026-08-12 18:36:44] root: INFO: Using longest 50x reads for contig assembly
[2026-08-12 18:36:44] root: DEBUG: Min read length cutoff: 11043
[2026-08-12 18:36:44] root: INFO: >>>STAGE: assembly
[2026-08-12 18:36:44] root: INFO: Assembling disjointigs
[2026-08-12 18:36:44] root: DEBUG: -----Begin assembly log------
[2026-08-12 18:36:44] root: DEBUG: Running: flye-modules assemble --reads /home/iris-hp/Project/organelle-auth-ci-fix/runs/output/animal-lr-recruitment-diagnostics/D/recruited.shuffle-22.fastq.gz --out-asm /home/iris-hp/Project/organelle-auth-ci-fix/runs/output/animal-lr-recruitment-diagnostics/D/flye-shuffle-22-2.9.6/00-assembly/draft_assembly.fasta --config /home/iris-hp/miniconda3/envs/flye/lib/python3.10/site-packages/flye/config/bin_cfg/asm_raw_reads.cfg --log /home/iris-hp/Project/organelle-auth-ci-fix/runs/output/animal-lr-recruitment-diagnostics/D/flye-shuffle-22-2.9.6/flye.log --threads 4 --genome-size 15000 --min-ovlp 2000 --min-read 11043
[2026-08-12 18:36:44] DEBUG: Build date: May  4 2025 23:20:28
[2026-08-12 18:36:44] DEBUG: Total RAM: 188 Gb
[2026-08-12 18:36:44] DEBUG: Available RAM: 160 Gb
[2026-08-12 18:36:44] DEBUG: Total CPUs: 32
[2026-08-12 18:36:44] DEBUG: Loading /home/iris-hp/miniconda3/envs/flye/lib/python3.10/site-packages/flye/config/bin_cfg/asm_raw_reads.cfg
[2026-08-12 18:36:44] DEBUG: Loading /home/iris-hp/miniconda3/envs/flye/lib/python3.10/site-packages/flye/config/bin_cfg/asm_defaults.cfg
[2026-08-12 18:36:44] DEBUG: 	big_genome_threshold=29000000
[2026-08-12 18:36:44] DEBUG: 	meta_read_filter_kmer_freq=100
[2026-08-12 18:36:44] DEBUG: 	chain_large_gap_penalty=2
[2026-08-12 18:36:44] DEBUG: 	chain_small_gap_penalty=0.5
[2026-08-12 18:36:44] DEBUG: 	chain_gap_jump_threshold=100
[2026-08-12 18:36:44] DEBUG: 	max_jump_gap=500
[2026-08-12 18:36:44] DEBUG: 	max_coverage_drop_rate=5
[2026-08-12 18:36:44] DEBUG: 	max_extensions_drop_rate=5
[2026-08-12 18:36:44] DEBUG: 	chimera_window=100
[2026-08-12 18:36:44] DEBUG: 	chimera_overhang=1000
[2026-08-12 18:36:44] DEBUG: 	min_reads_in_disjointig=4
[2026-08-12 18:36:44] DEBUG: 	max_inner_reads=10
[2026-08-12 18:36:44] DEBUG: 	max_inner_fraction=0.25
[2026-08-12 18:36:44] DEBUG: 	aggressive_dup_filter=1
[2026-08-12 18:36:44] DEBUG: 	max_separation=500
[2026-08-12 18:36:44] DEBUG: 	unique_edge_length=50000
[2026-08-12 18:36:44] DEBUG: 	min_repeat_res_support=0.51
[2026-08-12 18:36:44] DEBUG: 	out_paths_ratio=5
[2026-08-12 18:36:44] DEBUG: 	graph_cov_drop_rate=5
[2026-08-12 18:36:44] DEBUG: 	coverage_estimate_window=100
[2026-08-12 18:36:44] DEBUG: 	max_bubble_length=50000
[2026-08-12 18:36:44] DEBUG: 	loop_coverage_rate=1.5
[2026-08-12 18:36:44] DEBUG: 	repeat_edge_cov_mult=1.75
[2026-08-12 18:36:44] DEBUG: 	weak_detach_rate=5
[2026-08-12 18:36:44] DEBUG: 	tip_coverage_rate=2
[2026-08-12 18:36:44] DEBUG: 	tip_length_rate=2
[2026-08-12 18:36:44] DEBUG: 	output_gfa_before_rr=1
[2026-08-12 18:36:44] DEBUG: 	remove_alt_edges=0
[2026-08-12 18:36:44] DEBUG: 	low_cutoff_warning=1
[2026-08-12 18:36:44] DEBUG: 	kmer_size=17
[2026-08-12 18:36:44] DEBUG: 	use_minimizers=0
[2026-08-12 18:36:44] DEBUG: 	reads_base_alignment=0
[2026-08-12 18:36:44] DEBUG: 	meta_read_top_kmer_rate=0.40
[2026-08-12 18:36:44] DEBUG: 	maximum_jump=1500
[2026-08-12 18:36:44] DEBUG: 	maximum_overhang=1500
[2026-08-12 18:36:44] DEBUG: 	repeat_kmer_rate=100
[2026-08-12 18:36:44] DEBUG: 	assemble_ovlp_divergence=0.10
[2026-08-12 18:36:44] DEBUG: 	assemble_divergence_relative=1
[2026-08-12 18:36:44] DEBUG: 	repeat_graph_ovlp_divergence=0.08
[2026-08-12 18:36:44] DEBUG: 	read_align_ovlp_divergence=0.25
[2026-08-12 18:36:44] DEBUG: 	hpc_scoring_on=0
[2026-08-12 18:36:44] DEBUG: 	add_unassembled_reads=0
[2026-08-12 18:36:44] DEBUG: 	extend_contigs_with_repeats=0
[2026-08-12 18:36:44] DEBUG: 	min_read_cov_cutoff=3
[2026-08-12 18:36:44] DEBUG: 	short_tip_length=20000
[2026-08-12 18:36:44] DEBUG: 	long_tip_length=100000
[2026-08-12 18:36:44] DEBUG: Running with k-mer size: 17
[2026-08-12 18:36:44] DEBUG: Running with minimum overlap 2000
[2026-08-12 18:36:44] DEBUG: Metagenome mode: N
[2026-08-12 18:36:44] DEBUG: Short mode: N
[2026-08-12 18:36:44] INFO: Reading sequences
[2026-08-12 18:36:44] DEBUG: Building positional index
[2026-08-12 18:36:44] DEBUG: Total sequence: 741203 bp
[2026-08-12 18:36:52] INFO: Counting k-mers:
[2026-08-12 18:36:52] DEBUG: Updating k-mer histogram
[2026-08-12 18:38:30] DEBUG: Hash size: 14681
[2026-08-12 18:38:30] DEBUG: Total k-mers 173029
[2026-08-12 18:38:30] INFO: Filling index table (1/2)
[2026-08-12 18:38:30] DEBUG: Mean k-mer frequency: 33.3873
[2026-08-12 18:38:30] DEBUG: Repetitive k-mer frequency: 3338
[2026-08-12 18:38:30] DEBUG: Filtered 0 repetitive k-mers (0)
[2026-08-12 18:38:30] INFO: Filling index table (2/2)
[2026-08-12 18:38:32] DEBUG: Sorting k-mer index
[2026-08-12 18:38:32] DEBUG: Selected k-mers: 9717
[2026-08-12 18:38:32] DEBUG: Index size: 298438
[2026-08-12 18:38:32] DEBUG: Mean k-mer index frequency: 30.713
[2026-08-12 18:38:32] DEBUG: Peak RAM usage: 8 Gb
[2026-08-12 18:38:32] DEBUG: Estimating k-mer identity bias
[2026-08-12 18:54:41] DEBUG: Initial divergence estimate : 0.0653855
[2026-08-12 18:54:41] DEBUG: Relative threshold: Y
[2026-08-12 18:54:41] DEBUG: Max divergence threshold set to 0.165386
[2026-08-12 18:54:41] INFO: Extending reads
[2026-08-12 18:54:41] DEBUG: Estimating overlap coverage
[2026-08-12 18:57:16] INFO: Overlap-based coverage: 23
[2026-08-12 18:57:16] INFO: Median overlap divergence: 0.0660028
[2026-08-12 18:57:16] DEBUG: Sequence divergence distribution:

    |             *                   |
    |             *                   |
    |             *                   |
    |             *                   |
    |          *  *                   |
    |          *  *                   |
    |          *  *                   |
    |          * ** *                 |
    |          * ** *                 |
    |          * ****                 |
    |         ** ****                 |
    |         ** ****                 |
    |         *******                 |
    |         *******                 |
    |         *******                 |
    |         *******                 |
    |      *  ********** *            |
    |      *  ********** *            |
    |    *************** *            * *  *        ***
    |    *************** *            * *  *        ***
    ----------------------------------------------------------------------------------------------------
    0%        5%        10%       15%       20%       25%       30%       35%       40%       45%

    Q25 = 0.055, Q50 = 0.066, Q75 = 0.076

[2026-08-12 18:57:36] DEBUG: Assembled disjointig 1
	With 8 reads
	Start read: +SRR27841065.1991239
	At position: 3
	leftTip: 1 rightTip: 0
	Suspicious: 3
	Short ext: 0
	Mean extensions: 16
	Avg overlap len: 12072
	Min overlap len: 4076
	Inner reads: 0
	Length: 38460
[2026-08-12 18:57:36] DEBUG: Inner: 36 covered: 88 total: 90
[2026-08-12 18:57:41] DEBUG: Discarded disjointig with 10 reads and 6 inner overlaps
[2026-08-12 18:57:42] DEBUG: Discarded disjointig with 5 reads and 2 inner overlaps
[2026-08-12 18:57:59] INFO: Assembled 1 disjointigs
[2026-08-12 18:57:59] INFO: Generating sequence
[2026-08-12 18:57:59] DEBUG: Building positional index
[2026-08-12 18:57:59] DEBUG: Total sequence: 19764 bp
[2026-08-12 18:57:59] DEBUG: Mean k-mer frequency: 1.32441
[2026-08-12 18:57:59] DEBUG: Repetitive k-mer frequency: 132
[2026-08-12 18:57:59] DEBUG: Filtered 404 repetitive k-mers (0.0204588)
[2026-08-12 18:57:59] DEBUG: Sorting k-mer index
[2026-08-12 18:57:59] DEBUG: Selected k-mers: 14908
[2026-08-12 18:57:59] DEBUG: K-mer index size: 19343
[2026-08-12 18:57:59] DEBUG: Mean k-mer frequency: 1.29749
[2026-08-12 18:57:59] DEBUG: Minimizer rate: 1.02176
[2026-08-12 18:57:59] INFO: Filtering contained disjointigs
[2026-08-12 18:57:59] DEBUG: Computing transitive closure for overlaps
[2026-08-12 18:57:59] DEBUG: Found 0 overlaps
[2026-08-12 18:57:59] DEBUG: Left 0 overlaps after filtering
[2026-08-12 18:57:59] INFO: Contained seqs: 0
[2026-08-12 18:57:59] DEBUG: Writing FASTA
[2026-08-12 18:57:59] DEBUG: Peak RAM usage: 8 Gb
-----------End assembly log------------
[2026-08-12 18:57:59] root: DEBUG: Disjointigs length: 19764, N50: 19764
[2026-08-12 18:57:59] root: INFO: >>>STAGE: consensus
[2026-08-12 18:57:59] root: INFO: Running Minimap2
[2026-08-12 18:58:14] root: INFO: Computing consensus
[2026-08-12 18:58:17] root: INFO: Alignment error rate: 0.075798
[2026-08-12 18:58:17] root: INFO: >>>STAGE: repeat
[2026-08-12 18:58:17] root: INFO: Building and resolving repeat graph
[2026-08-12 18:58:17] root: DEBUG: -----Begin repeat analyser log------
[2026-08-12 18:58:17] root: DEBUG: Running: flye-modules repeat --disjointigs /home/iris-hp/Project/organelle-auth-ci-fix/runs/output/animal-lr-recruitment-diagnostics/D/flye-shuffle-22-2.9.6/10-consensus/consensus.fasta --reads /home/iris-hp/Project/organelle-auth-ci-fix/runs/output/animal-lr-recruitment-diagnostics/D/recruited.shuffle-22.fastq.gz --out-dir /home/iris-hp/Project/organelle-auth-ci-fix/runs/output/animal-lr-recruitment-diagnostics/D/flye-shuffle-22-2.9.6/20-repeat --config /home/iris-hp/miniconda3/envs/flye/lib/python3.10/site-packages/flye/config/bin_cfg/asm_raw_reads.cfg --log /home/iris-hp/Project/organelle-auth-ci-fix/runs/output/animal-lr-recruitment-diagnostics/D/flye-shuffle-22-2.9.6/flye.log --threads 4 --min-ovlp 2000
[2026-08-12 18:58:17] DEBUG: Build date: May  4 2025 23:20:44
[2026-08-12 18:58:17] DEBUG: Total RAM: 188 Gb
[2026-08-12 18:58:17] DEBUG: Available RAM: 158 Gb
[2026-08-12 18:58:17] DEBUG: Total CPUs: 32
[2026-08-12 18:58:17] DEBUG: Loading /home/iris-hp/miniconda3/envs/flye/lib/python3.10/site-packages/flye/config/bin_cfg/asm_raw_reads.cfg
[2026-08-12 18:58:17] DEBUG: Loading /home/iris-hp/miniconda3/envs/flye/lib/python3.10/site-packages/flye/config/bin_cfg/asm_defaults.cfg
[2026-08-12 18:58:17] DEBUG: 	big_genome_threshold=29000000
[2026-08-12 18:58:17] DEBUG: 	meta_read_filter_kmer_freq=100
[2026-08-12 18:58:17] DEBUG: 	chain_large_gap_penalty=2
[2026-08-12 18:58:17] DEBUG: 	chain_small_gap_penalty=0.5
[2026-08-12 18:58:17] DEBUG: 	chain_gap_jump_threshold=100
[2026-08-12 18:58:17] DEBUG: 	max_jump_gap=500
[2026-08-12 18:58:17] DEBUG: 	max_coverage_drop_rate=5
[2026-08-12 18:58:17] DEBUG: 	max_extensions_drop_rate=5
[2026-08-12 18:58:17] DEBUG: 	chimera_window=100
[2026-08-12 18:58:17] DEBUG: 	chimera_overhang=1000
[2026-08-12 18:58:17] DEBUG: 	min_reads_in_disjointig=4
[2026-08-12 18:58:17] DEBUG: 	max_inner_reads=10
[2026-08-12 18:58:17] DEBUG: 	max_inner_fraction=0.25
[2026-08-12 18:58:17] DEBUG: 	aggressive_dup_filter=1
[2026-08-12 18:58:17] DEBUG: 	max_separation=500
[2026-08-12 18:58:17] DEBUG: 	unique_edge_length=50000
[2026-08-12 18:58:17] DEBUG: 	min_repeat_res_support=0.51
[2026-08-12 18:58:17] DEBUG: 	out_paths_ratio=5
[2026-08-12 18:58:17] DEBUG: 	graph_cov_drop_rate=5
[2026-08-12 18:58:17] DEBUG: 	coverage_estimate_window=100
[2026-08-12 18:58:17] DEBUG: 	max_bubble_length=50000
[2026-08-12 18:58:17] DEBUG: 	loop_coverage_rate=1.5
[2026-08-12 18:58:17] DEBUG: 	repeat_edge_cov_mult=1.75
[2026-08-12 18:58:17] DEBUG: 	weak_detach_rate=5
[2026-08-12 18:58:17] DEBUG: 	tip_coverage_rate=2
[2026-08-12 18:58:17] DEBUG: 	tip_length_rate=2
[2026-08-12 18:58:17] DEBUG: 	output_gfa_before_rr=1
[2026-08-12 18:58:17] DEBUG: 	remove_alt_edges=0
[2026-08-12 18:58:17] DEBUG: 	low_cutoff_warning=1
[2026-08-12 18:58:17] DEBUG: 	kmer_size=17
[2026-08-12 18:58:17] DEBUG: 	use_minimizers=0
[2026-08-12 18:58:17] DEBUG: 	reads_base_alignment=0
[2026-08-12 18:58:17] DEBUG: 	meta_read_top_kmer_rate=0.40
[2026-08-12 18:58:17] DEBUG: 	maximum_jump=1500
[2026-08-12 18:58:17] DEBUG: 	maximum_overhang=1500
[2026-08-12 18:58:17] DEBUG: 	repeat_kmer_rate=100
[2026-08-12 18:58:17] DEBUG: 	assemble_ovlp_divergence=0.10
[2026-08-12 18:58:17] DEBUG: 	assemble_divergence_relative=1
[2026-08-12 18:58:17] DEBUG: 	repeat_graph_ovlp_divergence=0.08
[2026-08-12 18:58:17] DEBUG: 	read_align_ovlp_divergence=0.25
[2026-08-12 18:58:17] DEBUG: 	hpc_scoring_on=0
[2026-08-12 18:58:17] DEBUG: 	add_unassembled_reads=0
[2026-08-12 18:58:17] DEBUG: 	extend_contigs_with_repeats=0
[2026-08-12 18:58:17] DEBUG: 	min_read_cov_cutoff=3
[2026-08-12 18:58:17] DEBUG: 	short_tip_length=20000
[2026-08-12 18:58:17] DEBUG: 	long_tip_length=100000
[2026-08-12 18:58:17] DEBUG: Running with k-mer size: 17
[2026-08-12 18:58:17] DEBUG: Selected minimum overlap 2000
[2026-08-12 18:58:17] DEBUG: Metagenome mode: N
[2026-08-12 18:58:17] INFO: Parsing disjointigs
[2026-08-12 18:58:17] DEBUG: Building positional index
[2026-08-12 18:58:17] DEBUG: Total sequence: 18773 bp
[2026-08-12 18:58:17] INFO: Building repeat graph
[2026-08-12 18:58:17] DEBUG: Mean k-mer frequency: 1.31612
[2026-08-12 18:58:17] DEBUG: Repetitive k-mer frequency: 131
[2026-08-12 18:58:17] DEBUG: Filtered 286 repetitive k-mers (0.0152485)
[2026-08-12 18:58:17] DEBUG: Sorting k-mer index
[2026-08-12 18:58:17] DEBUG: Selected k-mers: 14249
[2026-08-12 18:58:17] DEBUG: K-mer index size: 18470
[2026-08-12 18:58:17] DEBUG: Mean k-mer frequency: 1.29623
[2026-08-12 18:58:17] DEBUG: Minimizer rate: 1.0164
[2026-08-12 18:58:17] DEBUG: Computing transitive closure for overlaps
[2026-08-12 18:58:17] DEBUG: Found 8 overlaps
[2026-08-12 18:58:17] DEBUG: Left 4 overlaps after filtering
[2026-08-12 18:58:17] INFO: Median overlap divergence: 0.0564437
[2026-08-12 18:58:17] DEBUG: Sequence divergence distribution:

    |           *    |
    |           *    |
    |           *    |
    |           *    |
    |           *    |
    |           *    |
    |           *    |
    |           *    |
    |           *    |
    |           *    |
    |           *    |
    |           *    |
    |           *    |
    |           *    |
    |           *    |
    |           *    |
    |           *    |
    |           *    |
    |           *    |
    |           *    |
    ----------------------------------------------------------------------------------------------------
    0%        5%        10%       15%       20%       25%       30%       35%       40%       45%

    Q25 = 0.056, Q50 = 0.056, Q75 = 0.056

[2026-08-12 18:58:17] DEBUG: Computing gluepoints
[2026-08-12 18:58:17] DEBUG: Added 0 gluepoint projections
[2026-08-12 18:58:17] DEBUG: Created 16 gluepoints
[2026-08-12 18:58:17] DEBUG: Artificial loops removed: 0 left, 0 right, 0 both
[2026-08-12 18:58:17] DEBUG: Initializing edges
[2026-08-12 18:58:17] DEBUG: Edges length checksum: 129219058
[2026-08-12 18:58:17] DEBUG: Filtered 0 singleton segments
[2026-08-12 18:58:17] DEBUG: Removed 0 simple and 0 double chimeric junctions
[2026-08-12 18:58:17] DEBUG: Collapsed 0 edges
[2026-08-12 18:58:17] DEBUG: *	1	+disjointig_1	0	2893	2893
[2026-08-12 18:58:17] DEBUG:  	2	+disjointig_1	2893	3703	810
[2026-08-12 18:58:17] DEBUG:  	-3	+disjointig_1	3703	4965	1262
[2026-08-12 18:58:17] DEBUG:  	2	+disjointig_1	4965	5873	908
[2026-08-12 18:58:17] DEBUG:  	-3	+disjointig_1	5873	7124	1251
[2026-08-12 18:58:17] DEBUG:  	2	+disjointig_1	7124	8030	906
[2026-08-12 18:58:17] DEBUG: *	4	+disjointig_1	8030	18772	10742
[2026-08-12 18:58:17] DEBUG: Total edges: 4
[2026-08-12 18:58:17] INFO: Parsing reads
[2026-08-12 18:58:17] DEBUG: Building positional index
[2026-08-12 18:58:17] DEBUG: Total sequence: 1895308 bp
[2026-08-12 18:58:17] DEBUG: Building positional index
[2026-08-12 18:58:17] DEBUG: Total sequence: 18772 bp
[2026-08-12 18:58:17] INFO: Aligning reads to the graph
[2026-08-12 18:58:17] DEBUG: Mean k-mer frequency: 1.31193
[2026-08-12 18:58:17] DEBUG: Repetitive k-mer frequency: 131
[2026-08-12 18:58:17] DEBUG: Filtered 286 repetitive k-mers (0.0153327)
[2026-08-12 18:58:17] DEBUG: Sorting k-mer index
[2026-08-12 18:58:17] DEBUG: Selected k-mers: 14216
[2026-08-12 18:58:17] DEBUG: K-mer index size: 18367
[2026-08-12 18:58:17] DEBUG: Mean k-mer frequency: 1.29199
[2026-08-12 18:58:17] DEBUG: Minimizer rate: 1.02205
[2026-08-12 18:58:18] DEBUG: Total reads : 256
[2026-08-12 18:58:18] DEBUG: Read with aligned parts : 225
[2026-08-12 18:58:18] DEBUG: Aligned in one piece : 195
[2026-08-12 18:58:18] INFO: Aligned read sequence: 1453100 / 1678285 (0.865824)
[2026-08-12 18:58:18] INFO: Median overlap divergence: 0.0154287
[2026-08-12 18:58:18] DEBUG: Sequence divergence distribution:

    |  *                                               |
    |  *                                               |
    |  *                                               |
    |  *                                               |
    |  *                                               |
    |  *                                               |
    |  **                                              |
    |  **                                              |
    |  **                                              |
    |  **                                              |
    |  **                                              |
    |  **                                              |
    |  **                                              |
    | ***                                              |
    | ****                                             |
    | ****                                             |
    | ****                                             |
    | ******                                           |
    | ********                                         |
    |*********** *     ***     *                       |
    ----------------------------------------------------------------------------------------------------
    0%        5%        10%       15%       20%       25%       30%       35%       40%       45%

    Q25 = 0.012, Q50 = 0.015, Q75 = 0.021

[2026-08-12 18:58:18] INFO: Mean edge coverage: 90
[2026-08-12 18:58:18] DEBUG: 1	len:2893	cov:62	mult:0.688889
[2026-08-12 18:58:18] DEBUG: -1	len:2893	cov:62	mult:0.688889
[2026-08-12 18:58:18] DEBUG: 2	len:874	cov:135	mult:1.5
[2026-08-12 18:58:18] DEBUG: -2	len:874	cov:135	mult:1.5
[2026-08-12 18:58:18] DEBUG: 3	len:1256	cov:72	mult:0.8
[2026-08-12 18:58:18] DEBUG: -3	len:1256	cov:72	mult:0.8
[2026-08-12 18:58:18] DEBUG: 4	len:10742	cov:97	mult:1.07778
[2026-08-12 18:58:18] DEBUG: -4	len:10742	cov:97	mult:1.07778
[2026-08-12 18:58:18] DEBUG: Unique coverage threshold 169
[2026-08-12 18:58:18] INFO: Simplifying the graph
[2026-08-12 18:58:18] DEBUG: Read coverage cutoff: 18
[2026-08-12 18:58:18] DEBUG: [SIMPL] Removed 0 paths with low coverage
[2026-08-12 18:58:18] DEBUG: [SIMPL] Masked 0 heterozygous loops
[2026-08-12 18:58:18] DEBUG: [SIMPL] Masked 0 simple bubbles
[2026-08-12 18:58:18] DEBUG: Finding repeats
[2026-08-12 18:58:18] DEBUG: Read coverage cutoff: 18
[2026-08-12 18:58:18] DEBUG: Tandem: 2
[2026-08-12 18:58:18] DEBUG: Tandem: 3
[2026-08-12 18:58:18] DEBUG: Repeat detection iteration 1
[2026-08-12 18:58:18] DEBUG: Writing Dot
[2026-08-12 18:58:18] DEBUG: Writing FASTA
[2026-08-12 18:58:18] DEBUG: Writing Gfa
[2026-08-12 18:58:18] DEBUG: [SIMPL] == Iteration 1 ==
[2026-08-12 18:58:18] DEBUG: Splitting nodes
[2026-08-12 18:58:18] DEBUG: [SIMPL] Split 0 nodes
[2026-08-12 18:58:18] DEBUG: Tip -1 len:2893 cov:62
[2026-08-12 18:58:18] DEBUG: Tip 4 len:10742 cov:97
[2026-08-12 18:58:18] DEBUG: [SIMPL] Clipped 2 short and 0 long tips
[2026-08-12 18:58:18] DEBUG: [SIMPL] Masked 0 heterozygous loops
[2026-08-12 18:58:18] DEBUG: [SIMPL] Masked 0 simple bubbles
[2026-08-12 18:58:18] DEBUG: Finding repeats
[2026-08-12 18:58:18] DEBUG: Read coverage cutoff: 18
[2026-08-12 18:58:18] DEBUG: Short-loop: -3 -> 2
[2026-08-12 18:58:18] DEBUG: Repeat detection iteration 1
[2026-08-12 18:58:18] DEBUG: Total unique edges: 2
[2026-08-12 18:58:18] DEBUG: [SIMPL] Resolved repeats: 0
[2026-08-12 18:58:18] DEBUG: RR links: 0
[2026-08-12 18:58:18] DEBUG: Unresolved: 0
[2026-08-12 18:58:18] DEBUG: Removed 0 simple and 0 double chimeric junctions
[2026-08-12 18:58:18] DEBUG: [SIMPL] == Iteration 2 ==
[2026-08-12 18:58:18] DEBUG: Splitting nodes
[2026-08-12 18:58:18] DEBUG: [SIMPL] Split 0 nodes
[2026-08-12 18:58:18] DEBUG: [SIMPL] Clipped 0 short and 0 long tips
[2026-08-12 18:58:18] DEBUG: [SIMPL] Masked 0 heterozygous loops
[2026-08-12 18:58:18] DEBUG: [SIMPL] Masked 0 simple bubbles
[2026-08-12 18:58:18] DEBUG: Finding repeats
[2026-08-12 18:58:18] DEBUG: Read coverage cutoff: 18
[2026-08-12 18:58:18] DEBUG: Short-loop: -3 -> 2
[2026-08-12 18:58:18] DEBUG: Repeat detection iteration 1
[2026-08-12 18:58:18] DEBUG: Total unique edges: 2
[2026-08-12 18:58:18] DEBUG: [SIMPL] Resolved repeats: 0
[2026-08-12 18:58:18] DEBUG: RR links: 0
[2026-08-12 18:58:18] DEBUG: Unresolved: 0
[2026-08-12 18:58:18] DEBUG: Removed 0 simple and 0 double chimeric junctions
[2026-08-12 18:58:18] DEBUG: [SIMPL] Collapsed 0 haplotypes
[2026-08-12 18:58:18] DEBUG: [SIMPL] Resolved 0 simple repeats
[2026-08-12 18:58:18] DEBUG: Read coverage cutoff: 18
[2026-08-12 18:58:18] DEBUG: [SIMPL] Removed 0 paths with low coverage
[2026-08-12 18:58:18] DEBUG: Finding repeats
[2026-08-12 18:58:18] DEBUG: Read coverage cutoff: 18
[2026-08-12 18:58:18] DEBUG: Short-loop: -3 -> 2
[2026-08-12 18:58:18] DEBUG: Repeat detection iteration 1
[2026-08-12 18:58:18] DEBUG: Writing Dot
[2026-08-12 18:58:18] DEBUG: Writing FASTA
[2026-08-12 18:58:18] DEBUG: Peak RAM usage: 0 Gb
-----------End assembly log------------
[2026-08-12 18:58:18] root: INFO: >>>STAGE: contigger
[2026-08-12 18:58:18] root: INFO: Generating contigs
[2026-08-12 18:58:18] root: DEBUG: -----Begin contigger analyser log------
[2026-08-12 18:58:18] root: DEBUG: Running: flye-modules contigger --graph-edges /home/iris-hp/Project/organelle-auth-ci-fix/runs/output/animal-lr-recruitment-diagnostics/D/flye-shuffle-22-2.9.6/20-repeat/repeat_graph_edges.fasta --reads /home/iris-hp/Project/organelle-auth-ci-fix/runs/output/animal-lr-recruitment-diagnostics/D/recruited.shuffle-22.fastq.gz --out-dir /home/iris-hp/Project/organelle-auth-ci-fix/runs/output/animal-lr-recruitment-diagnostics/D/flye-shuffle-22-2.9.6/30-contigger --config /home/iris-hp/miniconda3/envs/flye/lib/python3.10/site-packages/flye/config/bin_cfg/asm_raw_reads.cfg --repeat-graph /home/iris-hp/Project/organelle-auth-ci-fix/runs/output/animal-lr-recruitment-diagnostics/D/flye-shuffle-22-2.9.6/20-repeat/repeat_graph_dump --graph-aln /home/iris-hp/Project/organelle-auth-ci-fix/runs/output/animal-lr-recruitment-diagnostics/D/flye-shuffle-22-2.9.6/20-repeat/read_alignment_dump --log /home/iris-hp/Project/organelle-auth-ci-fix/runs/output/animal-lr-recruitment-diagnostics/D/flye-shuffle-22-2.9.6/flye.log --threads 4 --min-ovlp 2000
[2026-08-12 18:58:18] DEBUG: Build date: May  4 2025 23:21:00
[2026-08-12 18:58:18] DEBUG: Total RAM: 188 Gb
[2026-08-12 18:58:18] DEBUG: Available RAM: 158 Gb
[2026-08-12 18:58:18] DEBUG: Total CPUs: 32
[2026-08-12 18:58:18] DEBUG: Loading /home/iris-hp/miniconda3/envs/flye/lib/python3.10/site-packages/flye/config/bin_cfg/asm_raw_reads.cfg
[2026-08-12 18:58:18] DEBUG: Loading /home/iris-hp/miniconda3/envs/flye/lib/python3.10/site-packages/flye/config/bin_cfg/asm_defaults.cfg
[2026-08-12 18:58:18] DEBUG: 	big_genome_threshold=29000000
[2026-08-12 18:58:18] DEBUG: 	meta_read_filter_kmer_freq=100
[2026-08-12 18:58:18] DEBUG: 	chain_large_gap_penalty=2
[2026-08-12 18:58:18] DEBUG: 	chain_small_gap_penalty=0.5
[2026-08-12 18:58:18] DEBUG: 	chain_gap_jump_threshold=100
[2026-08-12 18:58:18] DEBUG: 	max_jump_gap=500
[2026-08-12 18:58:18] DEBUG: 	max_coverage_drop_rate=5
[2026-08-12 18:58:18] DEBUG: 	max_extensions_drop_rate=5
[2026-08-12 18:58:18] DEBUG: 	chimera_window=100
[2026-08-12 18:58:18] DEBUG: 	chimera_overhang=1000
[2026-08-12 18:58:18] DEBUG: 	min_reads_in_disjointig=4
[2026-08-12 18:58:18] DEBUG: 	max_inner_reads=10
[2026-08-12 18:58:18] DEBUG: 	max_inner_fraction=0.25
[2026-08-12 18:58:18] DEBUG: 	aggressive_dup_filter=1
[2026-08-12 18:58:18] DEBUG: 	max_separation=500
[2026-08-12 18:58:18] DEBUG: 	unique_edge_length=50000
[2026-08-12 18:58:18] DEBUG: 	min_repeat_res_support=0.51
[2026-08-12 18:58:18] DEBUG: 	out_paths_ratio=5
[2026-08-12 18:58:18] DEBUG: 	graph_cov_drop_rate=5
[2026-08-12 18:58:18] DEBUG: 	coverage_estimate_window=100
[2026-08-12 18:58:18] DEBUG: 	max_bubble_length=50000
[2026-08-12 18:58:18] DEBUG: 	loop_coverage_rate=1.5
[2026-08-12 18:58:18] DEBUG: 	repeat_edge_cov_mult=1.75
[2026-08-12 18:58:18] DEBUG: 	weak_detach_rate=5
[2026-08-12 18:58:18] DEBUG: 	tip_coverage_rate=2
[2026-08-12 18:58:18] DEBUG: 	tip_length_rate=2
[2026-08-12 18:58:18] DEBUG: 	output_gfa_before_rr=1
[2026-08-12 18:58:18] DEBUG: 	remove_alt_edges=0
[2026-08-12 18:58:18] DEBUG: 	low_cutoff_warning=1
[2026-08-12 18:58:18] DEBUG: 	kmer_size=17
[2026-08-12 18:58:18] DEBUG: 	use_minimizers=0
[2026-08-12 18:58:18] DEBUG: 	reads_base_alignment=0
[2026-08-12 18:58:18] DEBUG: 	meta_read_top_kmer_rate=0.40
[2026-08-12 18:58:18] DEBUG: 	maximum_jump=1500
[2026-08-12 18:58:18] DEBUG: 	maximum_overhang=1500
[2026-08-12 18:58:18] DEBUG: 	repeat_kmer_rate=100
[2026-08-12 18:58:18] DEBUG: 	assemble_ovlp_divergence=0.10
[2026-08-12 18:58:18] DEBUG: 	assemble_divergence_relative=1
[2026-08-12 18:58:18] DEBUG: 	repeat_graph_ovlp_divergence=0.08
[2026-08-12 18:58:18] DEBUG: 	read_align_ovlp_divergence=0.25
[2026-08-12 18:58:18] DEBUG: 	hpc_scoring_on=0
[2026-08-12 18:58:18] DEBUG: 	add_unassembled_reads=0
[2026-08-12 18:58:18] DEBUG: 	extend_contigs_with_repeats=0
[2026-08-12 18:58:18] DEBUG: 	min_read_cov_cutoff=3
[2026-08-12 18:58:18] DEBUG: 	short_tip_length=20000
[2026-08-12 18:58:18] DEBUG: 	long_tip_length=100000
[2026-08-12 18:58:18] DEBUG: Running with k-mer size: 17
[2026-08-12 18:58:18] DEBUG: Selected minimum overlap 2000
[2026-08-12 18:58:18] INFO: Reading sequences
[2026-08-12 18:58:18] DEBUG: Building positional index
[2026-08-12 18:58:18] DEBUG: Total sequence: 1895308 bp
[2026-08-12 18:58:18] DEBUG: Flipped 0
[2026-08-12 18:58:18] DEBUG: UPath 1: 1
[2026-08-12 18:58:18] DEBUG: UPath 2: -3 -> 2
[2026-08-12 18:58:18] DEBUG: UPath 3: 4
[2026-08-12 18:58:18] DEBUG: Final graph contains 3 egdes
[2026-08-12 18:58:18] DEBUG: Extending contigs into repeats
[2026-08-12 18:58:18] DEBUG: Covered 0 repetitive contigs
[2026-08-12 18:58:18] INFO: Generated 3 contigs
[2026-08-12 18:58:18] DEBUG: Writing FASTA
[2026-08-12 18:58:18] DEBUG: Generating scaffold connections
[2026-08-12 18:58:18] INFO: Added 0 scaffold connections
[2026-08-12 18:58:18] DEBUG: Writing Dot
[2026-08-12 18:58:18] DEBUG: Writing FASTA
[2026-08-12 18:58:18] DEBUG: Writing Gfa
[2026-08-12 18:58:18] DEBUG: Peak RAM usage: 0 Gb
-----------End assembly log------------
[2026-08-12 18:58:18] root: INFO: >>>STAGE: polishing
[2026-08-12 18:58:18] root: INFO: Polishing genome (1/1)
[2026-08-12 18:58:18] root: INFO: Running minimap2
[2026-08-12 18:58:20] root: INFO: Separating alignment into bubbles
[2026-08-12 18:58:22] root: DEBUG: Generated 850 bubbles
[2026-08-12 18:58:22] root: DEBUG: Split 0 long bubbles
[2026-08-12 18:58:22] root: DEBUG: Skipped 0 empty bubbles
[2026-08-12 18:58:22] root: DEBUG: Skipped 0 bubbles with long branches
[2026-08-12 18:58:22] root: INFO: Alignment error rate: 0.054465
[2026-08-12 18:58:22] root: INFO: Correcting bubbles
[2026-08-12 18:58:27] root: DEBUG: Mean contig coverage: 120, selected threshold: 24
[2026-08-12 18:58:27] root: DEBUG: Filtered 0 contigs of total length 0
[2026-08-12 18:58:27] root: DEBUG: Generating polished GFA
[2026-08-12 18:58:28] root: DEBUG: 0 sequences remained unpolished
[2026-08-12 18:58:28] root: INFO: >>>STAGE: finalize
[2026-08-12 18:58:28] root: DEBUG: ---Output dir contents:----
[2026-08-12 18:58:28] root: DEBUG: flye-shuffle-22-2.9.6/
[2026-08-12 18:58:28] root: DEBUG:     15.0 K      assembly.fasta
[2026-08-12 18:58:28] root: DEBUG:     31.0 K      flye.log
[2026-08-12 18:58:28] root: DEBUG:     799.0 B     assembly_graph.gv
[2026-08-12 18:58:28] root: DEBUG:     96.0 B      params.json
[2026-08-12 18:58:28] root: DEBUG:     15.0 K      assembly_graph.gfa
[2026-08-12 18:58:28] root: DEBUG:     20-repeat/
[2026-08-12 18:58:28] root: DEBUG:         15.0 K      graph_before_rr.fasta
[2026-08-12 18:58:28] root: DEBUG:         18.0 K      repeat_graph_edges.fasta
[2026-08-12 18:58:28] root: DEBUG:         788.0 B     graph_before_rr.gv
[2026-08-12 18:58:28] root: DEBUG:         1.0 K       repeat_graph_dump
[2026-08-12 18:58:28] root: DEBUG:         15.0 K      graph_before_rr.gfa
[2026-08-12 18:58:28] root: DEBUG:         112.0 K     read_alignment_dump
[2026-08-12 18:58:28] root: DEBUG:         948.0 B     graph_after_rr.gv
[2026-08-12 18:58:28] root: DEBUG:     00-assembly/
[2026-08-12 18:58:28] root: DEBUG:         28.0 B      draft_assembly.fasta.fai
[2026-08-12 18:58:28] root: DEBUG:         19.0 K      draft_assembly.fasta
[2026-08-12 18:58:28] root: DEBUG:     40-polishing/
[2026-08-12 18:58:28] root: DEBUG:         15.0 K      filtered_contigs.fasta
[2026-08-12 18:58:28] root: DEBUG:         1.0 K       minimap.stderr
[2026-08-12 18:58:28] root: DEBUG:         15.0 K      polished_edges.gfa
[2026-08-12 18:58:28] root: DEBUG:         80.0 B      filtered_stats.txt
[2026-08-12 18:58:28] root: DEBUG:         121.0 B     edges_aln.bam.csi
[2026-08-12 18:58:28] root: DEBUG:         74.0 B      filtered_contigs.fasta.fai
[2026-08-12 18:58:28] root: DEBUG:         129.0 B     minimap_1.bam.csi
[2026-08-12 18:58:28] root: DEBUG:         80.0 B      contigs_stats.txt
[2026-08-12 18:58:28] root: DEBUG:         3.0 K       base_coverage.bed.gz
[2026-08-12 18:58:28] root: DEBUG:     10-consensus/
[2026-08-12 18:58:28] root: DEBUG:         1.0 K       minimap.stderr
[2026-08-12 18:58:28] root: DEBUG:         18.0 K      consensus.fasta
[2026-08-12 18:58:28] root: DEBUG:         533.0 B     minimap.bam.csi
[2026-08-12 18:58:28] root: DEBUG:     30-contigger/
[2026-08-12 18:58:28] root: DEBUG:         15.0 K      graph_final.gfa
[2026-08-12 18:58:28] root: DEBUG:         0.0 B       scaffolds_links.txt
[2026-08-12 18:58:28] root: DEBUG:         15.0 K      graph_final.fasta
[2026-08-12 18:58:28] root: DEBUG:         15.0 K      contigs.fasta
[2026-08-12 18:58:28] root: DEBUG:         799.0 B     graph_final.gv
[2026-08-12 18:58:28] root: DEBUG:         174.0 B     contigs_stats.txt
[2026-08-12 18:58:28] root: DEBUG:         75.0 B      contigs.fasta.fai
[2026-08-12 18:58:28] root: DEBUG: --------------------------
[2026-08-12 18:58:28] root: INFO: Assembly statistics:

	Total length:	15832
	Fragments:	3
	Fragments N50:	10749
	Largest frg:	10749
	Scaffolds:	0
	Mean coverage:	120

[2026-08-12 18:58:28] root: INFO: Final assembly: /home/iris-hp/Project/organelle-auth-ci-fix/runs/output/animal-lr-recruitment-diagnostics/D/flye-shuffle-22-2.9.6/assembly.fasta
