[2026-08-12 17:55:56] root: INFO: Starting Flye 2.9.6-b1802
[2026-08-12 17:55:56] root: DEBUG: Cmd: /home/iris-hp/miniconda3/envs/flye/bin/flye --nano-raw /home/iris-hp/Project/organelle-auth-ci-fix/runs/output/animal-lr-recruitment-diagnostics/D/recruited.v03-25000.fastq.gz --genome-size 15k --asm-coverage 50 --iterations 1 --threads 4 --out-dir /home/iris-hp/Project/organelle-auth-ci-fix/runs/output/animal-lr-recruitment-diagnostics/D/flye-v03-25000-2.9.6
[2026-08-12 17:55:56] root: DEBUG: Python version: 3.10.14 | packaged by conda-forge | (main, Mar 20 2024, 12:45:18) [GCC 12.3.0]
[2026-08-12 17:55:56] root: INFO: >>>STAGE: configure
[2026-08-12 17:55:56] root: INFO: Configuring run
[2026-08-12 17:55:56] root: INFO: Total read length: 1895308
[2026-08-12 17:55:56] root: INFO: Input genome size: 15000
[2026-08-12 17:55:56] root: INFO: Estimated coverage: 126
[2026-08-12 17:55:56] root: INFO: Reads N50/N90: 8024 / 1867
[2026-08-12 17:55:56] root: INFO: Minimum overlap set to 2000
[2026-08-12 17:55:56] root: INFO: Using longest 50x reads for contig assembly
[2026-08-12 17:55:56] root: DEBUG: Min read length cutoff: 11043
[2026-08-12 17:55:56] root: INFO: >>>STAGE: assembly
[2026-08-12 17:55:56] root: INFO: Assembling disjointigs
[2026-08-12 17:55:56] root: DEBUG: -----Begin assembly log------
[2026-08-12 17:55:56] root: DEBUG: Running: flye-modules assemble --reads /home/iris-hp/Project/organelle-auth-ci-fix/runs/output/animal-lr-recruitment-diagnostics/D/recruited.v03-25000.fastq.gz --out-asm /home/iris-hp/Project/organelle-auth-ci-fix/runs/output/animal-lr-recruitment-diagnostics/D/flye-v03-25000-2.9.6/00-assembly/draft_assembly.fasta --config /home/iris-hp/miniconda3/envs/flye/lib/python3.10/site-packages/flye/config/bin_cfg/asm_raw_reads.cfg --log /home/iris-hp/Project/organelle-auth-ci-fix/runs/output/animal-lr-recruitment-diagnostics/D/flye-v03-25000-2.9.6/flye.log --threads 4 --genome-size 15000 --min-ovlp 2000 --min-read 11043
[2026-08-12 17:55:56] DEBUG: Build date: May  4 2025 23:20:28
[2026-08-12 17:55:56] DEBUG: Total RAM: 188 Gb
[2026-08-12 17:55:56] DEBUG: Available RAM: 159 Gb
[2026-08-12 17:55:56] DEBUG: Total CPUs: 32
[2026-08-12 17:55:56] DEBUG: Loading /home/iris-hp/miniconda3/envs/flye/lib/python3.10/site-packages/flye/config/bin_cfg/asm_raw_reads.cfg
[2026-08-12 17:55:56] DEBUG: Loading /home/iris-hp/miniconda3/envs/flye/lib/python3.10/site-packages/flye/config/bin_cfg/asm_defaults.cfg
[2026-08-12 17:55:56] DEBUG: 	big_genome_threshold=29000000
[2026-08-12 17:55:56] DEBUG: 	meta_read_filter_kmer_freq=100
[2026-08-12 17:55:56] DEBUG: 	chain_large_gap_penalty=2
[2026-08-12 17:55:56] DEBUG: 	chain_small_gap_penalty=0.5
[2026-08-12 17:55:56] DEBUG: 	chain_gap_jump_threshold=100
[2026-08-12 17:55:56] DEBUG: 	max_jump_gap=500
[2026-08-12 17:55:56] DEBUG: 	max_coverage_drop_rate=5
[2026-08-12 17:55:56] DEBUG: 	max_extensions_drop_rate=5
[2026-08-12 17:55:56] DEBUG: 	chimera_window=100
[2026-08-12 17:55:56] DEBUG: 	chimera_overhang=1000
[2026-08-12 17:55:56] DEBUG: 	min_reads_in_disjointig=4
[2026-08-12 17:55:56] DEBUG: 	max_inner_reads=10
[2026-08-12 17:55:56] DEBUG: 	max_inner_fraction=0.25
[2026-08-12 17:55:56] DEBUG: 	aggressive_dup_filter=1
[2026-08-12 17:55:56] DEBUG: 	max_separation=500
[2026-08-12 17:55:56] DEBUG: 	unique_edge_length=50000
[2026-08-12 17:55:56] DEBUG: 	min_repeat_res_support=0.51
[2026-08-12 17:55:56] DEBUG: 	out_paths_ratio=5
[2026-08-12 17:55:56] DEBUG: 	graph_cov_drop_rate=5
[2026-08-12 17:55:56] DEBUG: 	coverage_estimate_window=100
[2026-08-12 17:55:56] DEBUG: 	max_bubble_length=50000
[2026-08-12 17:55:56] DEBUG: 	loop_coverage_rate=1.5
[2026-08-12 17:55:56] DEBUG: 	repeat_edge_cov_mult=1.75
[2026-08-12 17:55:56] DEBUG: 	weak_detach_rate=5
[2026-08-12 17:55:56] DEBUG: 	tip_coverage_rate=2
[2026-08-12 17:55:56] DEBUG: 	tip_length_rate=2
[2026-08-12 17:55:56] DEBUG: 	output_gfa_before_rr=1
[2026-08-12 17:55:56] DEBUG: 	remove_alt_edges=0
[2026-08-12 17:55:56] DEBUG: 	low_cutoff_warning=1
[2026-08-12 17:55:56] DEBUG: 	kmer_size=17
[2026-08-12 17:55:56] DEBUG: 	use_minimizers=0
[2026-08-12 17:55:56] DEBUG: 	reads_base_alignment=0
[2026-08-12 17:55:56] DEBUG: 	meta_read_top_kmer_rate=0.40
[2026-08-12 17:55:56] DEBUG: 	maximum_jump=1500
[2026-08-12 17:55:56] DEBUG: 	maximum_overhang=1500
[2026-08-12 17:55:56] DEBUG: 	repeat_kmer_rate=100
[2026-08-12 17:55:56] DEBUG: 	assemble_ovlp_divergence=0.10
[2026-08-12 17:55:56] DEBUG: 	assemble_divergence_relative=1
[2026-08-12 17:55:56] DEBUG: 	repeat_graph_ovlp_divergence=0.08
[2026-08-12 17:55:56] DEBUG: 	read_align_ovlp_divergence=0.25
[2026-08-12 17:55:56] DEBUG: 	hpc_scoring_on=0
[2026-08-12 17:55:56] DEBUG: 	add_unassembled_reads=0
[2026-08-12 17:55:56] DEBUG: 	extend_contigs_with_repeats=0
[2026-08-12 17:55:56] DEBUG: 	min_read_cov_cutoff=3
[2026-08-12 17:55:56] DEBUG: 	short_tip_length=20000
[2026-08-12 17:55:56] DEBUG: 	long_tip_length=100000
[2026-08-12 17:55:56] DEBUG: Running with k-mer size: 17
[2026-08-12 17:55:56] DEBUG: Running with minimum overlap 2000
[2026-08-12 17:55:56] DEBUG: Metagenome mode: N
[2026-08-12 17:55:56] DEBUG: Short mode: N
[2026-08-12 17:55:56] INFO: Reading sequences
[2026-08-12 17:55:56] DEBUG: Building positional index
[2026-08-12 17:55:56] DEBUG: Total sequence: 741203 bp
[2026-08-12 17:56:03] INFO: Counting k-mers:
[2026-08-12 17:56:03] DEBUG: Updating k-mer histogram
[2026-08-12 17:57:34] DEBUG: Hash size: 14681
[2026-08-12 17:57:34] DEBUG: Total k-mers 173029
[2026-08-12 17:57:34] INFO: Filling index table (1/2)
[2026-08-12 17:57:34] DEBUG: Mean k-mer frequency: 33.3873
[2026-08-12 17:57:34] DEBUG: Repetitive k-mer frequency: 3338
[2026-08-12 17:57:34] DEBUG: Filtered 0 repetitive k-mers (0)
[2026-08-12 17:57:34] INFO: Filling index table (2/2)
[2026-08-12 17:57:35] DEBUG: Sorting k-mer index
[2026-08-12 17:57:35] DEBUG: Selected k-mers: 9717
[2026-08-12 17:57:35] DEBUG: Index size: 298438
[2026-08-12 17:57:35] DEBUG: Mean k-mer index frequency: 30.713
[2026-08-12 17:57:35] DEBUG: Peak RAM usage: 8 Gb
[2026-08-12 17:57:35] DEBUG: Estimating k-mer identity bias
[2026-08-12 18:11:58] DEBUG: Initial divergence estimate : 0.0653443
[2026-08-12 18:11:58] DEBUG: Relative threshold: Y
[2026-08-12 18:11:58] DEBUG: Max divergence threshold set to 0.165344
[2026-08-12 18:11:58] INFO: Extending reads
[2026-08-12 18:11:58] DEBUG: Estimating overlap coverage
[2026-08-12 18:14:07] INFO: Overlap-based coverage: 23
[2026-08-12 18:14:07] INFO: Median overlap divergence: 0.0655194
[2026-08-12 18:14:07] DEBUG: Sequence divergence distribution:

    |             *                   |
    |             *                   |
    |             *                   |
    |             *                   |
    |             *                   |
    |         *   *                   |
    |         **  *                   |
    |         **  *                   |
    |         *******                 |
    |         *******                 |
    |         *******                 |
    |         *******                 |
    |         *******                 |
    |         *******                 |
    |         *******                 |
    |      *  *******                 |
    |      *  ********** *            |
    |      *  ********** *            |
    |     ************** *            * *  *        ***
    |     ************** *            * *  *        ***
    ----------------------------------------------------------------------------------------------------
    0%        5%        10%       15%       20%       25%       30%       35%       40%       45%

    Q25 = 0.053, Q50 = 0.066, Q75 = 0.076

[2026-08-12 18:14:15] DEBUG: Assembled disjointig 1
	With 10 reads
	Start read: +SRR27841065.2743628
	At position: 6
	leftTip: 0 rightTip: 0
	Suspicious: 4
	Short ext: 0
	Mean extensions: 17
	Avg overlap len: 11466
	Min overlap len: 4076
	Inner reads: 0
	Length: 45841
[2026-08-12 18:14:15] DEBUG: Inner: 36 covered: 90 total: 90
[2026-08-12 18:14:15] DEBUG: Discarded disjointig with 6 reads and 3 inner overlaps
[2026-08-12 18:14:16] DEBUG: Discarded disjointig with 4 reads and 2 inner overlaps
[2026-08-12 18:14:39] DEBUG: Assembled disjointig 2
	With 3 reads
	Start read: +SRR27841065.1750737
	At position: 2
	leftTip: 0 rightTip: 0
	Suspicious: 0
	Short ext: 0
	Mean extensions: 27
	Avg overlap len: 10492
	Min overlap len: 2807
	Inner reads: 0
	Length: 27497
[2026-08-12 18:14:39] DEBUG: Inner: 38 covered: 90 total: 90
[2026-08-12 18:14:39] INFO: Assembled 2 disjointigs
[2026-08-12 18:14:39] INFO: Generating sequence
[2026-08-12 18:14:39] DEBUG: Building positional index
[2026-08-12 18:14:39] DEBUG: Total sequence: 54583 bp
[2026-08-12 18:14:39] DEBUG: Mean k-mer frequency: 1.98425
[2026-08-12 18:14:39] DEBUG: Repetitive k-mer frequency: 198
[2026-08-12 18:14:39] DEBUG: Filtered 729 repetitive k-mers (0.0133641)
[2026-08-12 18:14:39] DEBUG: Sorting k-mer index
[2026-08-12 18:14:40] DEBUG: Selected k-mers: 27489
[2026-08-12 18:14:40] DEBUG: K-mer index size: 53820
[2026-08-12 18:14:40] DEBUG: Mean k-mer frequency: 1.95787
[2026-08-12 18:14:40] DEBUG: Minimizer rate: 1.01418
[2026-08-12 18:14:40] INFO: Filtering contained disjointigs
[2026-08-12 18:14:40] DEBUG: Computing transitive closure for overlaps
[2026-08-12 18:14:40] DEBUG: Found 24 overlaps
[2026-08-12 18:14:40] DEBUG: Left 12 overlaps after filtering
[2026-08-12 18:14:40] INFO: Contained seqs: 0
[2026-08-12 18:14:40] DEBUG: Writing FASTA
[2026-08-12 18:14:40] DEBUG: Peak RAM usage: 8 Gb
-----------End assembly log------------
[2026-08-12 18:14:40] root: DEBUG: Disjointigs length: 54583, N50: 27496
[2026-08-12 18:14:40] root: INFO: >>>STAGE: consensus
[2026-08-12 18:14:40] root: INFO: Running Minimap2
[2026-08-12 18:14:42] root: INFO: Computing consensus
[2026-08-12 18:14:43] root: INFO: Alignment error rate: 0.076966
[2026-08-12 18:14:43] root: INFO: >>>STAGE: repeat
[2026-08-12 18:14:43] root: INFO: Building and resolving repeat graph
[2026-08-12 18:14:43] root: DEBUG: -----Begin repeat analyser log------
[2026-08-12 18:14:43] root: DEBUG: Running: flye-modules repeat --disjointigs /home/iris-hp/Project/organelle-auth-ci-fix/runs/output/animal-lr-recruitment-diagnostics/D/flye-v03-25000-2.9.6/10-consensus/consensus.fasta --reads /home/iris-hp/Project/organelle-auth-ci-fix/runs/output/animal-lr-recruitment-diagnostics/D/recruited.v03-25000.fastq.gz --out-dir /home/iris-hp/Project/organelle-auth-ci-fix/runs/output/animal-lr-recruitment-diagnostics/D/flye-v03-25000-2.9.6/20-repeat --config /home/iris-hp/miniconda3/envs/flye/lib/python3.10/site-packages/flye/config/bin_cfg/asm_raw_reads.cfg --log /home/iris-hp/Project/organelle-auth-ci-fix/runs/output/animal-lr-recruitment-diagnostics/D/flye-v03-25000-2.9.6/flye.log --threads 4 --min-ovlp 2000
[2026-08-12 18:14:43] DEBUG: Build date: May  4 2025 23:20:44
[2026-08-12 18:14:43] DEBUG: Total RAM: 188 Gb
[2026-08-12 18:14:43] DEBUG: Available RAM: 160 Gb
[2026-08-12 18:14:43] DEBUG: Total CPUs: 32
[2026-08-12 18:14:43] DEBUG: Loading /home/iris-hp/miniconda3/envs/flye/lib/python3.10/site-packages/flye/config/bin_cfg/asm_raw_reads.cfg
[2026-08-12 18:14:43] DEBUG: Loading /home/iris-hp/miniconda3/envs/flye/lib/python3.10/site-packages/flye/config/bin_cfg/asm_defaults.cfg
[2026-08-12 18:14:43] DEBUG: 	big_genome_threshold=29000000
[2026-08-12 18:14:43] DEBUG: 	meta_read_filter_kmer_freq=100
[2026-08-12 18:14:43] DEBUG: 	chain_large_gap_penalty=2
[2026-08-12 18:14:43] DEBUG: 	chain_small_gap_penalty=0.5
[2026-08-12 18:14:43] DEBUG: 	chain_gap_jump_threshold=100
[2026-08-12 18:14:43] DEBUG: 	max_jump_gap=500
[2026-08-12 18:14:43] DEBUG: 	max_coverage_drop_rate=5
[2026-08-12 18:14:43] DEBUG: 	max_extensions_drop_rate=5
[2026-08-12 18:14:43] DEBUG: 	chimera_window=100
[2026-08-12 18:14:43] DEBUG: 	chimera_overhang=1000
[2026-08-12 18:14:43] DEBUG: 	min_reads_in_disjointig=4
[2026-08-12 18:14:43] DEBUG: 	max_inner_reads=10
[2026-08-12 18:14:43] DEBUG: 	max_inner_fraction=0.25
[2026-08-12 18:14:43] DEBUG: 	aggressive_dup_filter=1
[2026-08-12 18:14:43] DEBUG: 	max_separation=500
[2026-08-12 18:14:43] DEBUG: 	unique_edge_length=50000
[2026-08-12 18:14:43] DEBUG: 	min_repeat_res_support=0.51
[2026-08-12 18:14:43] DEBUG: 	out_paths_ratio=5
[2026-08-12 18:14:43] DEBUG: 	graph_cov_drop_rate=5
[2026-08-12 18:14:43] DEBUG: 	coverage_estimate_window=100
[2026-08-12 18:14:43] DEBUG: 	max_bubble_length=50000
[2026-08-12 18:14:43] DEBUG: 	loop_coverage_rate=1.5
[2026-08-12 18:14:43] DEBUG: 	repeat_edge_cov_mult=1.75
[2026-08-12 18:14:43] DEBUG: 	weak_detach_rate=5
[2026-08-12 18:14:43] DEBUG: 	tip_coverage_rate=2
[2026-08-12 18:14:43] DEBUG: 	tip_length_rate=2
[2026-08-12 18:14:43] DEBUG: 	output_gfa_before_rr=1
[2026-08-12 18:14:43] DEBUG: 	remove_alt_edges=0
[2026-08-12 18:14:43] DEBUG: 	low_cutoff_warning=1
[2026-08-12 18:14:43] DEBUG: 	kmer_size=17
[2026-08-12 18:14:43] DEBUG: 	use_minimizers=0
[2026-08-12 18:14:43] DEBUG: 	reads_base_alignment=0
[2026-08-12 18:14:43] DEBUG: 	meta_read_top_kmer_rate=0.40
[2026-08-12 18:14:43] DEBUG: 	maximum_jump=1500
[2026-08-12 18:14:43] DEBUG: 	maximum_overhang=1500
[2026-08-12 18:14:43] DEBUG: 	repeat_kmer_rate=100
[2026-08-12 18:14:43] DEBUG: 	assemble_ovlp_divergence=0.10
[2026-08-12 18:14:43] DEBUG: 	assemble_divergence_relative=1
[2026-08-12 18:14:43] DEBUG: 	repeat_graph_ovlp_divergence=0.08
[2026-08-12 18:14:43] DEBUG: 	read_align_ovlp_divergence=0.25
[2026-08-12 18:14:43] DEBUG: 	hpc_scoring_on=0
[2026-08-12 18:14:43] DEBUG: 	add_unassembled_reads=0
[2026-08-12 18:14:43] DEBUG: 	extend_contigs_with_repeats=0
[2026-08-12 18:14:43] DEBUG: 	min_read_cov_cutoff=3
[2026-08-12 18:14:43] DEBUG: 	short_tip_length=20000
[2026-08-12 18:14:43] DEBUG: 	long_tip_length=100000
[2026-08-12 18:14:43] DEBUG: Running with k-mer size: 17
[2026-08-12 18:14:43] DEBUG: Selected minimum overlap 2000
[2026-08-12 18:14:43] DEBUG: Metagenome mode: N
[2026-08-12 18:14:43] INFO: Parsing disjointigs
[2026-08-12 18:14:43] DEBUG: Building positional index
[2026-08-12 18:14:43] DEBUG: Total sequence: 54333 bp
[2026-08-12 18:14:43] INFO: Building repeat graph
[2026-08-12 18:14:43] DEBUG: Mean k-mer frequency: 3.40625
[2026-08-12 18:14:43] DEBUG: Repetitive k-mer frequency: 340
[2026-08-12 18:14:43] DEBUG: Filtered 631 repetitive k-mers (0.0116208)
[2026-08-12 18:14:43] DEBUG: Sorting k-mer index
[2026-08-12 18:14:43] DEBUG: Selected k-mers: 15939
[2026-08-12 18:14:43] DEBUG: K-mer index size: 53668
[2026-08-12 18:14:43] DEBUG: Mean k-mer frequency: 3.36709
[2026-08-12 18:14:43] DEBUG: Minimizer rate: 1.01239
[2026-08-12 18:14:44] DEBUG: Computing transitive closure for overlaps
[2026-08-12 18:14:44] DEBUG: Found 68 overlaps
[2026-08-12 18:14:44] DEBUG: Left 28 overlaps after filtering
[2026-08-12 18:14:44] INFO: Median overlap divergence: 0.00718337
[2026-08-12 18:14:44] DEBUG: Sequence divergence distribution:

    | *              |
    | *              |
    | *              |
    | *              |
    | *              |
    | *              |
    | *              |
    | *              |
    | *              |
    | *              |
    |**              *
    |**              *
    |**              *
    |**              *
    |**              *
    |**              *
    |**              *
    |**              *
    |**              *
    |**              *
    ----------------------------------------------------------------------------------------------------
    0%        5%        10%       15%       20%       25%       30%       35%       40%       45%

    Q25 = 0.0072, Q50 = 0.0072, Q75 = 0.082

[2026-08-12 18:14:44] DEBUG: Computing gluepoints
[2026-08-12 18:14:44] DEBUG: Added 1 gluepoint projections
[2026-08-12 18:14:44] DEBUG: Added 0 gluepoint projections
[2026-08-12 18:14:44] DEBUG: Created 52 gluepoints
[2026-08-12 18:14:44] DEBUG: Artificial loops removed: 0 left, 0 right, 0 both
[2026-08-12 18:14:44] DEBUG: Initializing edges
[2026-08-12 18:14:44] DEBUG: Edges length checksum: 260966799
[2026-08-12 18:14:44] DEBUG: Filtered 0 singleton segments
[2026-08-12 18:14:44] DEBUG: Removed 0 simple and 0 double chimeric junctions
[2026-08-12 18:14:44] DEBUG: Collapsed 3 edges
[2026-08-12 18:14:44] DEBUG:  	2	+disjointig_1	7021	7642	621
[2026-08-12 18:14:44] DEBUG:  	3	+disjointig_1	7642	8884	1242
[2026-08-12 18:14:44] DEBUG:  	2	+disjointig_1	8884	9659	775
[2026-08-12 18:14:44] DEBUG:  	3	+disjointig_1	9659	10844	1185
[2026-08-12 18:14:44] DEBUG:  	2	+disjointig_1	10844	11397	553
[2026-08-12 18:14:44] DEBUG: *	7	+disjointig_1	11397	25693	14296
[2026-08-12 18:14:44] DEBUG:  	2	+disjointig_1	25693	26314	621
[2026-08-12 18:14:44] DEBUG:  	3	+disjointig_1	26314	26936	622
[2026-08-12 18:14:44] DEBUG:  	3	+disjointig_2	11225	12541	1316
[2026-08-12 18:14:44] DEBUG:  	2	+disjointig_2	12541	13307	766
[2026-08-12 18:14:44] DEBUG:  	3	+disjointig_2	13307	14292	985
[2026-08-12 18:14:44] DEBUG:  	2	+disjointig_2	14292	15209	917
[2026-08-12 18:14:44] DEBUG: Total edges: 7
[2026-08-12 18:14:44] INFO: Parsing reads
[2026-08-12 18:14:44] DEBUG: Building positional index
[2026-08-12 18:14:44] DEBUG: Total sequence: 1895308 bp
[2026-08-12 18:14:44] DEBUG: Building positional index
[2026-08-12 18:14:44] DEBUG: Total sequence: 23899 bp
[2026-08-12 18:14:44] INFO: Aligning reads to the graph
[2026-08-12 18:14:44] DEBUG: Mean k-mer frequency: 1.54264
[2026-08-12 18:14:44] DEBUG: Repetitive k-mer frequency: 154
[2026-08-12 18:14:44] DEBUG: Filtered 513 repetitive k-mers (0.0216968)
[2026-08-12 18:14:44] DEBUG: Sorting k-mer index
[2026-08-12 18:14:44] DEBUG: Selected k-mers: 15325
[2026-08-12 18:14:44] DEBUG: K-mer index size: 23131
[2026-08-12 18:14:44] DEBUG: Mean k-mer frequency: 1.50936
[2026-08-12 18:14:44] DEBUG: Minimizer rate: 1.0332
[2026-08-12 18:14:45] DEBUG: Total reads : 256
[2026-08-12 18:14:45] DEBUG: Read with aligned parts : 246
[2026-08-12 18:14:45] DEBUG: Aligned in one piece : 240
[2026-08-12 18:14:45] INFO: Aligned read sequence: 1630947 / 1678285 (0.971794)
[2026-08-12 18:14:45] INFO: Median overlap divergence: 0.0144451
[2026-08-12 18:14:45] DEBUG: Sequence divergence distribution:

    |  *                                               |
    |  *                                               |
    |  *                                               |
    |  *                                               |
    |  *                                               |
    |  *                                               |
    |  *                                               |
    |  *                                               |
    | ***                                              |
    | ***                                              |
    | ***                                              |
    | ***                                              |
    | ***                                              |
    | ***                                              |
    | ***                                              |
    | ****                                             |
    | *****                                            |
    | ******                                           |
    | *******                                          |
    |*********** *       * * *  *                      |
    ----------------------------------------------------------------------------------------------------
    0%        5%        10%       15%       20%       25%       30%       35%       40%       45%

    Q25 = 0.011, Q50 = 0.014, Q75 = 0.021

[2026-08-12 18:14:45] INFO: Mean edge coverage: 112
[2026-08-12 18:14:45] DEBUG: 2	len:708	cov:780	mult:6.96429
[2026-08-12 18:14:45] DEBUG: 3	len:668	cov:58	mult:0.517857
[2026-08-12 18:14:45] DEBUG: 7	len:14296	cov:101	mult:0.901786
[2026-08-12 18:14:45] DEBUG: -7	len:14296	cov:101	mult:0.901786
[2026-08-12 18:14:45] DEBUG: Unique coverage threshold 176
[2026-08-12 18:14:45] INFO: Simplifying the graph
[2026-08-12 18:14:45] DEBUG: Read coverage cutoff: 22
[2026-08-12 18:14:45] DEBUG: [SIMPL] Removed 0 paths with low coverage
[2026-08-12 18:14:45] DEBUG: [SIMPL] Masked 0 heterozygous loops
[2026-08-12 18:14:45] DEBUG: [SIMPL] Masked 0 simple bubbles
[2026-08-12 18:14:45] DEBUG: Finding repeats
[2026-08-12 18:14:45] DEBUG: Read coverage cutoff: 22
[2026-08-12 18:14:45] DEBUG: High-cov: 2	708	780
[2026-08-12 18:14:45] DEBUG: Short-loop: 2
[2026-08-12 18:14:45] DEBUG: Self-compl: 2
[2026-08-12 18:14:45] DEBUG: Short-loop: 3
[2026-08-12 18:14:45] DEBUG: Self-compl: 3
[2026-08-12 18:14:45] DEBUG: Repeat detection iteration 1
[2026-08-12 18:14:45] DEBUG: Writing Dot
[2026-08-12 18:14:45] DEBUG: Writing FASTA
[2026-08-12 18:14:45] DEBUG: Writing Gfa
[2026-08-12 18:14:45] DEBUG: [SIMPL] == Iteration 1 ==
[2026-08-12 18:14:45] DEBUG: Splitting nodes
[2026-08-12 18:14:45] DEBUG: [SIMPL] Split 0 nodes
[2026-08-12 18:14:45] DEBUG: [SIMPL] Clipped 0 short and 0 long tips
[2026-08-12 18:14:45] DEBUG: [SIMPL] Masked 0 heterozygous loops
[2026-08-12 18:14:45] DEBUG: [SIMPL] Masked 0 simple bubbles
[2026-08-12 18:14:45] DEBUG: Finding repeats
[2026-08-12 18:14:45] DEBUG: Read coverage cutoff: 22
[2026-08-12 18:14:45] DEBUG: High-cov: 2	708	780
[2026-08-12 18:14:45] DEBUG: Short-loop: 2
[2026-08-12 18:14:45] DEBUG: Self-compl: 2
[2026-08-12 18:14:45] DEBUG: Short-loop: 3
[2026-08-12 18:14:45] DEBUG: Self-compl: 3
[2026-08-12 18:14:45] DEBUG: Repeat detection iteration 1
[2026-08-12 18:14:45] DEBUG: Total unique edges: 1
[2026-08-12 18:14:45] DEBUG: [SIMPL] Resolved repeats: 0
[2026-08-12 18:14:45] DEBUG: RR links: 0
[2026-08-12 18:14:45] DEBUG: Unresolved: 0
[2026-08-12 18:14:45] DEBUG: Removed 0 simple and 0 double chimeric junctions
[2026-08-12 18:14:45] DEBUG: [SIMPL] Collapsed 0 haplotypes
[2026-08-12 18:14:45] DEBUG: [SIMPL] Resolved 0 simple repeats
[2026-08-12 18:14:45] DEBUG: Read coverage cutoff: 22
[2026-08-12 18:14:45] DEBUG: [SIMPL] Removed 0 paths with low coverage
[2026-08-12 18:14:45] DEBUG: Finding repeats
[2026-08-12 18:14:45] DEBUG: Read coverage cutoff: 22
[2026-08-12 18:14:45] DEBUG: High-cov: 2	708	780
[2026-08-12 18:14:45] DEBUG: Short-loop: 2
[2026-08-12 18:14:45] DEBUG: Self-compl: 2
[2026-08-12 18:14:45] DEBUG: Short-loop: 3
[2026-08-12 18:14:45] DEBUG: Self-compl: 3
[2026-08-12 18:14:45] DEBUG: Repeat detection iteration 1
[2026-08-12 18:14:45] DEBUG: Writing Dot
[2026-08-12 18:14:45] DEBUG: Writing FASTA
[2026-08-12 18:14:45] DEBUG: Peak RAM usage: 0 Gb
-----------End assembly log------------
[2026-08-12 18:14:45] root: INFO: >>>STAGE: contigger
[2026-08-12 18:14:45] root: INFO: Generating contigs
[2026-08-12 18:14:45] root: DEBUG: -----Begin contigger analyser log------
[2026-08-12 18:14:45] root: DEBUG: Running: flye-modules contigger --graph-edges /home/iris-hp/Project/organelle-auth-ci-fix/runs/output/animal-lr-recruitment-diagnostics/D/flye-v03-25000-2.9.6/20-repeat/repeat_graph_edges.fasta --reads /home/iris-hp/Project/organelle-auth-ci-fix/runs/output/animal-lr-recruitment-diagnostics/D/recruited.v03-25000.fastq.gz --out-dir /home/iris-hp/Project/organelle-auth-ci-fix/runs/output/animal-lr-recruitment-diagnostics/D/flye-v03-25000-2.9.6/30-contigger --config /home/iris-hp/miniconda3/envs/flye/lib/python3.10/site-packages/flye/config/bin_cfg/asm_raw_reads.cfg --repeat-graph /home/iris-hp/Project/organelle-auth-ci-fix/runs/output/animal-lr-recruitment-diagnostics/D/flye-v03-25000-2.9.6/20-repeat/repeat_graph_dump --graph-aln /home/iris-hp/Project/organelle-auth-ci-fix/runs/output/animal-lr-recruitment-diagnostics/D/flye-v03-25000-2.9.6/20-repeat/read_alignment_dump --log /home/iris-hp/Project/organelle-auth-ci-fix/runs/output/animal-lr-recruitment-diagnostics/D/flye-v03-25000-2.9.6/flye.log --threads 4 --min-ovlp 2000
[2026-08-12 18:14:45] DEBUG: Build date: May  4 2025 23:21:00
[2026-08-12 18:14:45] DEBUG: Total RAM: 188 Gb
[2026-08-12 18:14:45] DEBUG: Available RAM: 160 Gb
[2026-08-12 18:14:45] DEBUG: Total CPUs: 32
[2026-08-12 18:14:45] DEBUG: Loading /home/iris-hp/miniconda3/envs/flye/lib/python3.10/site-packages/flye/config/bin_cfg/asm_raw_reads.cfg
[2026-08-12 18:14:45] DEBUG: Loading /home/iris-hp/miniconda3/envs/flye/lib/python3.10/site-packages/flye/config/bin_cfg/asm_defaults.cfg
[2026-08-12 18:14:45] DEBUG: 	big_genome_threshold=29000000
[2026-08-12 18:14:45] DEBUG: 	meta_read_filter_kmer_freq=100
[2026-08-12 18:14:45] DEBUG: 	chain_large_gap_penalty=2
[2026-08-12 18:14:45] DEBUG: 	chain_small_gap_penalty=0.5
[2026-08-12 18:14:45] DEBUG: 	chain_gap_jump_threshold=100
[2026-08-12 18:14:45] DEBUG: 	max_jump_gap=500
[2026-08-12 18:14:45] DEBUG: 	max_coverage_drop_rate=5
[2026-08-12 18:14:45] DEBUG: 	max_extensions_drop_rate=5
[2026-08-12 18:14:45] DEBUG: 	chimera_window=100
[2026-08-12 18:14:45] DEBUG: 	chimera_overhang=1000
[2026-08-12 18:14:45] DEBUG: 	min_reads_in_disjointig=4
[2026-08-12 18:14:45] DEBUG: 	max_inner_reads=10
[2026-08-12 18:14:45] DEBUG: 	max_inner_fraction=0.25
[2026-08-12 18:14:45] DEBUG: 	aggressive_dup_filter=1
[2026-08-12 18:14:45] DEBUG: 	max_separation=500
[2026-08-12 18:14:45] DEBUG: 	unique_edge_length=50000
[2026-08-12 18:14:45] DEBUG: 	min_repeat_res_support=0.51
[2026-08-12 18:14:45] DEBUG: 	out_paths_ratio=5
[2026-08-12 18:14:45] DEBUG: 	graph_cov_drop_rate=5
[2026-08-12 18:14:45] DEBUG: 	coverage_estimate_window=100
[2026-08-12 18:14:45] DEBUG: 	max_bubble_length=50000
[2026-08-12 18:14:45] DEBUG: 	loop_coverage_rate=1.5
[2026-08-12 18:14:45] DEBUG: 	repeat_edge_cov_mult=1.75
[2026-08-12 18:14:45] DEBUG: 	weak_detach_rate=5
[2026-08-12 18:14:45] DEBUG: 	tip_coverage_rate=2
[2026-08-12 18:14:45] DEBUG: 	tip_length_rate=2
[2026-08-12 18:14:45] DEBUG: 	output_gfa_before_rr=1
[2026-08-12 18:14:45] DEBUG: 	remove_alt_edges=0
[2026-08-12 18:14:45] DEBUG: 	low_cutoff_warning=1
[2026-08-12 18:14:45] DEBUG: 	kmer_size=17
[2026-08-12 18:14:45] DEBUG: 	use_minimizers=0
[2026-08-12 18:14:45] DEBUG: 	reads_base_alignment=0
[2026-08-12 18:14:45] DEBUG: 	meta_read_top_kmer_rate=0.40
[2026-08-12 18:14:45] DEBUG: 	maximum_jump=1500
[2026-08-12 18:14:45] DEBUG: 	maximum_overhang=1500
[2026-08-12 18:14:45] DEBUG: 	repeat_kmer_rate=100
[2026-08-12 18:14:45] DEBUG: 	assemble_ovlp_divergence=0.10
[2026-08-12 18:14:45] DEBUG: 	assemble_divergence_relative=1
[2026-08-12 18:14:45] DEBUG: 	repeat_graph_ovlp_divergence=0.08
[2026-08-12 18:14:45] DEBUG: 	read_align_ovlp_divergence=0.25
[2026-08-12 18:14:45] DEBUG: 	hpc_scoring_on=0
[2026-08-12 18:14:45] DEBUG: 	add_unassembled_reads=0
[2026-08-12 18:14:45] DEBUG: 	extend_contigs_with_repeats=0
[2026-08-12 18:14:45] DEBUG: 	min_read_cov_cutoff=3
[2026-08-12 18:14:45] DEBUG: 	short_tip_length=20000
[2026-08-12 18:14:45] DEBUG: 	long_tip_length=100000
[2026-08-12 18:14:45] DEBUG: Running with k-mer size: 17
[2026-08-12 18:14:45] DEBUG: Selected minimum overlap 2000
[2026-08-12 18:14:45] INFO: Reading sequences
[2026-08-12 18:14:45] DEBUG: Building positional index
[2026-08-12 18:14:45] DEBUG: Total sequence: 1895308 bp
[2026-08-12 18:14:45] DEBUG: Flipped 0
[2026-08-12 18:14:45] DEBUG: UPath 1: 2
[2026-08-12 18:14:45] DEBUG: UPath 2: 3
[2026-08-12 18:14:45] DEBUG: UPath 3: 7
[2026-08-12 18:14:45] DEBUG: Final graph contains 2 egdes
[2026-08-12 18:14:45] DEBUG: Extending contigs into repeats
[2026-08-12 18:14:45] DEBUG: Covered 2 repetitive contigs
[2026-08-12 18:14:45] INFO: Generated 1 contigs
[2026-08-12 18:14:45] DEBUG: Writing FASTA
[2026-08-12 18:14:45] DEBUG: Generating scaffold connections
[2026-08-12 18:14:45] INFO: Added 0 scaffold connections
[2026-08-12 18:14:45] DEBUG: Writing Dot
[2026-08-12 18:14:45] DEBUG: Writing FASTA
[2026-08-12 18:14:45] DEBUG: Writing Gfa
[2026-08-12 18:14:45] DEBUG: Peak RAM usage: 0 Gb
-----------End assembly log------------
[2026-08-12 18:14:45] root: INFO: >>>STAGE: polishing
[2026-08-12 18:14:45] root: INFO: Polishing genome (1/1)
[2026-08-12 18:14:45] root: INFO: Running minimap2
[2026-08-12 18:14:58] root: INFO: Separating alignment into bubbles
[2026-08-12 18:15:00] root: DEBUG: Generated 1023 bubbles
[2026-08-12 18:15:00] root: DEBUG: Split 0 long bubbles
[2026-08-12 18:15:00] root: DEBUG: Skipped 0 empty bubbles
[2026-08-12 18:15:00] root: DEBUG: Skipped 0 bubbles with long branches
[2026-08-12 18:15:01] root: INFO: Alignment error rate: 0.056045
[2026-08-12 18:15:01] root: INFO: Correcting bubbles
[2026-08-12 18:15:03] root: DEBUG: Mean contig coverage: 105, selected threshold: 21
[2026-08-12 18:15:03] root: DEBUG: Filtered 0 contigs of total length 0
[2026-08-12 18:15:03] root: DEBUG: Generating polished GFA
[2026-08-12 18:15:03] root: DEBUG: 0 sequences remained unpolished
[2026-08-12 18:15:03] root: INFO: >>>STAGE: finalize
[2026-08-12 18:15:03] root: DEBUG: ---Output dir contents:----
[2026-08-12 18:15:03] root: DEBUG: flye-v03-25000-2.9.6/
[2026-08-12 18:15:03] root: DEBUG:     20.0 K      assembly.fasta
[2026-08-12 18:15:03] root: DEBUG:     32.0 K      flye.log
[2026-08-12 18:15:03] root: DEBUG:     356.0 B     assembly_graph.gv
[2026-08-12 18:15:03] root: DEBUG:     96.0 B      params.json
[2026-08-12 18:15:03] root: DEBUG:     15.0 K      assembly_graph.gfa
[2026-08-12 18:15:03] root: DEBUG:     20-repeat/
[2026-08-12 18:15:03] root: DEBUG:         15.0 K      graph_before_rr.fasta
[2026-08-12 18:15:03] root: DEBUG:         24.0 K      repeat_graph_edges.fasta
[2026-08-12 18:15:03] root: DEBUG:         370.0 B     graph_before_rr.gv
[2026-08-12 18:15:03] root: DEBUG:         2.0 K       repeat_graph_dump
[2026-08-12 18:15:03] root: DEBUG:         15.0 K      graph_before_rr.gfa
[2026-08-12 18:15:03] root: DEBUG:         162.0 K     read_alignment_dump
[2026-08-12 18:15:03] root: DEBUG:         356.0 B     graph_after_rr.gv
[2026-08-12 18:15:03] root: DEBUG:     00-assembly/
[2026-08-12 18:15:03] root: DEBUG:         59.0 B      draft_assembly.fasta.fai
[2026-08-12 18:15:03] root: DEBUG:         53.0 K      draft_assembly.fasta
[2026-08-12 18:15:03] root: DEBUG:     40-polishing/
[2026-08-12 18:15:03] root: DEBUG:         20.0 K      filtered_contigs.fasta
[2026-08-12 18:15:03] root: DEBUG:         1.0 K       minimap.stderr
[2026-08-12 18:15:03] root: DEBUG:         15.0 K      polished_edges.gfa
[2026-08-12 18:15:03] root: DEBUG:         45.0 B      filtered_stats.txt
[2026-08-12 18:15:03] root: DEBUG:         94.0 B      edges_aln.bam.csi
[2026-08-12 18:15:03] root: DEBUG:         24.0 B      filtered_contigs.fasta.fai
[2026-08-12 18:15:03] root: DEBUG:         408.0 B     minimap_1.bam.csi
[2026-08-12 18:15:03] root: DEBUG:         45.0 B      contigs_stats.txt
[2026-08-12 18:15:03] root: DEBUG:         4.0 K       base_coverage.bed.gz
[2026-08-12 18:15:03] root: DEBUG:     10-consensus/
[2026-08-12 18:15:03] root: DEBUG:         1.0 K       minimap.stderr
[2026-08-12 18:15:03] root: DEBUG:         53.0 K      consensus.fasta
[2026-08-12 18:15:03] root: DEBUG:         490.0 B     minimap.bam.csi
[2026-08-12 18:15:03] root: DEBUG:     30-contigger/
[2026-08-12 18:15:03] root: DEBUG:         15.0 K      graph_final.gfa
[2026-08-12 18:15:03] root: DEBUG:         0.0 B       scaffolds_links.txt
[2026-08-12 18:15:03] root: DEBUG:         15.0 K      graph_final.fasta
[2026-08-12 18:15:03] root: DEBUG:         20.0 K      contigs.fasta
[2026-08-12 18:15:03] root: DEBUG:         356.0 B     graph_final.gv
[2026-08-12 18:15:03] root: DEBUG:         137.0 B     contigs_stats.txt
[2026-08-12 18:15:03] root: DEBUG:         24.0 B      contigs.fasta.fai
[2026-08-12 18:15:03] root: DEBUG: --------------------------
[2026-08-12 18:15:03] root: INFO: Assembly statistics:

	Total length:	21031
	Fragments:	1
	Fragments N50:	21031
	Largest frg:	21031
	Scaffolds:	0
	Mean coverage:	105

[2026-08-12 18:15:03] root: INFO: Final assembly: /home/iris-hp/Project/organelle-auth-ci-fix/runs/output/animal-lr-recruitment-diagnostics/D/flye-v03-25000-2.9.6/assembly.fasta
