[2026-08-12 18:36:44] root: INFO: Starting Flye 2.9.6-b1802
[2026-08-12 18:36:44] root: DEBUG: Cmd: /home/iris-hp/miniconda3/envs/flye/bin/flye --nano-raw runs/output/animal-lr-recruitment-diagnostics/D/recruited.shuffle-33.fastq.gz --genome-size 15k --asm-coverage 50 --iterations 1 --threads 4 --out-dir runs/output/animal-lr-recruitment-diagnostics/D/flye-shuffle-33-2.9.6
[2026-08-12 18:36:44] root: DEBUG: Python version: 3.10.14 | packaged by conda-forge | (main, Mar 20 2024, 12:45:18) [GCC 12.3.0]
[2026-08-12 18:36:44] root: INFO: >>>STAGE: configure
[2026-08-12 18:36:44] root: INFO: Configuring run
[2026-08-12 18:36:44] root: INFO: Total read length: 1895308
[2026-08-12 18:36:44] root: INFO: Input genome size: 15000
[2026-08-12 18:36:44] root: INFO: Estimated coverage: 126
[2026-08-12 18:36:44] root: INFO: Reads N50/N90: 8024 / 1867
[2026-08-12 18:36:44] root: INFO: Minimum overlap set to 2000
[2026-08-12 18:36:44] root: INFO: Using longest 50x reads for contig assembly
[2026-08-12 18:36:44] root: DEBUG: Min read length cutoff: 11043
[2026-08-12 18:36:44] root: INFO: >>>STAGE: assembly
[2026-08-12 18:36:44] root: INFO: Assembling disjointigs
[2026-08-12 18:36:44] root: DEBUG: -----Begin assembly log------
[2026-08-12 18:36:44] root: DEBUG: Running: flye-modules assemble --reads /home/iris-hp/Project/organelle-auth-ci-fix/runs/output/animal-lr-recruitment-diagnostics/D/recruited.shuffle-33.fastq.gz --out-asm /home/iris-hp/Project/organelle-auth-ci-fix/runs/output/animal-lr-recruitment-diagnostics/D/flye-shuffle-33-2.9.6/00-assembly/draft_assembly.fasta --config /home/iris-hp/miniconda3/envs/flye/lib/python3.10/site-packages/flye/config/bin_cfg/asm_raw_reads.cfg --log /home/iris-hp/Project/organelle-auth-ci-fix/runs/output/animal-lr-recruitment-diagnostics/D/flye-shuffle-33-2.9.6/flye.log --threads 4 --genome-size 15000 --min-ovlp 2000 --min-read 11043
[2026-08-12 18:36:44] DEBUG: Build date: May  4 2025 23:20:28
[2026-08-12 18:36:44] DEBUG: Total RAM: 188 Gb
[2026-08-12 18:36:44] DEBUG: Available RAM: 160 Gb
[2026-08-12 18:36:44] DEBUG: Total CPUs: 32
[2026-08-12 18:36:44] DEBUG: Loading /home/iris-hp/miniconda3/envs/flye/lib/python3.10/site-packages/flye/config/bin_cfg/asm_raw_reads.cfg
[2026-08-12 18:36:44] DEBUG: Loading /home/iris-hp/miniconda3/envs/flye/lib/python3.10/site-packages/flye/config/bin_cfg/asm_defaults.cfg
[2026-08-12 18:36:44] DEBUG: 	big_genome_threshold=29000000
[2026-08-12 18:36:44] DEBUG: 	meta_read_filter_kmer_freq=100
[2026-08-12 18:36:44] DEBUG: 	chain_large_gap_penalty=2
[2026-08-12 18:36:44] DEBUG: 	chain_small_gap_penalty=0.5
[2026-08-12 18:36:44] DEBUG: 	chain_gap_jump_threshold=100
[2026-08-12 18:36:44] DEBUG: 	max_jump_gap=500
[2026-08-12 18:36:44] DEBUG: 	max_coverage_drop_rate=5
[2026-08-12 18:36:44] DEBUG: 	max_extensions_drop_rate=5
[2026-08-12 18:36:44] DEBUG: 	chimera_window=100
[2026-08-12 18:36:44] DEBUG: 	chimera_overhang=1000
[2026-08-12 18:36:44] DEBUG: 	min_reads_in_disjointig=4
[2026-08-12 18:36:44] DEBUG: 	max_inner_reads=10
[2026-08-12 18:36:44] DEBUG: 	max_inner_fraction=0.25
[2026-08-12 18:36:44] DEBUG: 	aggressive_dup_filter=1
[2026-08-12 18:36:44] DEBUG: 	max_separation=500
[2026-08-12 18:36:44] DEBUG: 	unique_edge_length=50000
[2026-08-12 18:36:44] DEBUG: 	min_repeat_res_support=0.51
[2026-08-12 18:36:44] DEBUG: 	out_paths_ratio=5
[2026-08-12 18:36:44] DEBUG: 	graph_cov_drop_rate=5
[2026-08-12 18:36:44] DEBUG: 	coverage_estimate_window=100
[2026-08-12 18:36:44] DEBUG: 	max_bubble_length=50000
[2026-08-12 18:36:44] DEBUG: 	loop_coverage_rate=1.5
[2026-08-12 18:36:44] DEBUG: 	repeat_edge_cov_mult=1.75
[2026-08-12 18:36:44] DEBUG: 	weak_detach_rate=5
[2026-08-12 18:36:44] DEBUG: 	tip_coverage_rate=2
[2026-08-12 18:36:44] DEBUG: 	tip_length_rate=2
[2026-08-12 18:36:44] DEBUG: 	output_gfa_before_rr=1
[2026-08-12 18:36:44] DEBUG: 	remove_alt_edges=0
[2026-08-12 18:36:44] DEBUG: 	low_cutoff_warning=1
[2026-08-12 18:36:44] DEBUG: 	kmer_size=17
[2026-08-12 18:36:44] DEBUG: 	use_minimizers=0
[2026-08-12 18:36:44] DEBUG: 	reads_base_alignment=0
[2026-08-12 18:36:44] DEBUG: 	meta_read_top_kmer_rate=0.40
[2026-08-12 18:36:44] DEBUG: 	maximum_jump=1500
[2026-08-12 18:36:44] DEBUG: 	maximum_overhang=1500
[2026-08-12 18:36:44] DEBUG: 	repeat_kmer_rate=100
[2026-08-12 18:36:44] DEBUG: 	assemble_ovlp_divergence=0.10
[2026-08-12 18:36:44] DEBUG: 	assemble_divergence_relative=1
[2026-08-12 18:36:44] DEBUG: 	repeat_graph_ovlp_divergence=0.08
[2026-08-12 18:36:44] DEBUG: 	read_align_ovlp_divergence=0.25
[2026-08-12 18:36:44] DEBUG: 	hpc_scoring_on=0
[2026-08-12 18:36:44] DEBUG: 	add_unassembled_reads=0
[2026-08-12 18:36:44] DEBUG: 	extend_contigs_with_repeats=0
[2026-08-12 18:36:44] DEBUG: 	min_read_cov_cutoff=3
[2026-08-12 18:36:44] DEBUG: 	short_tip_length=20000
[2026-08-12 18:36:44] DEBUG: 	long_tip_length=100000
[2026-08-12 18:36:44] DEBUG: Running with k-mer size: 17
[2026-08-12 18:36:44] DEBUG: Running with minimum overlap 2000
[2026-08-12 18:36:44] DEBUG: Metagenome mode: N
[2026-08-12 18:36:44] DEBUG: Short mode: N
[2026-08-12 18:36:44] INFO: Reading sequences
[2026-08-12 18:36:44] DEBUG: Building positional index
[2026-08-12 18:36:44] DEBUG: Total sequence: 741203 bp
[2026-08-12 18:36:52] INFO: Counting k-mers:
[2026-08-12 18:36:52] DEBUG: Updating k-mer histogram
[2026-08-12 18:38:32] DEBUG: Hash size: 14681
[2026-08-12 18:38:32] DEBUG: Total k-mers 173029
[2026-08-12 18:38:32] INFO: Filling index table (1/2)
[2026-08-12 18:38:33] DEBUG: Mean k-mer frequency: 33.3873
[2026-08-12 18:38:33] DEBUG: Repetitive k-mer frequency: 3338
[2026-08-12 18:38:33] DEBUG: Filtered 0 repetitive k-mers (0)
[2026-08-12 18:38:33] INFO: Filling index table (2/2)
[2026-08-12 18:38:34] DEBUG: Sorting k-mer index
[2026-08-12 18:38:34] DEBUG: Selected k-mers: 9717
[2026-08-12 18:38:34] DEBUG: Index size: 298438
[2026-08-12 18:38:34] DEBUG: Mean k-mer index frequency: 30.713
[2026-08-12 18:38:34] DEBUG: Peak RAM usage: 8 Gb
[2026-08-12 18:38:34] DEBUG: Estimating k-mer identity bias
[2026-08-12 18:54:51] DEBUG: Initial divergence estimate : 0.0653855
[2026-08-12 18:54:51] DEBUG: Relative threshold: Y
[2026-08-12 18:54:51] DEBUG: Max divergence threshold set to 0.165386
[2026-08-12 18:54:51] INFO: Extending reads
[2026-08-12 18:54:51] DEBUG: Estimating overlap coverage
[2026-08-12 18:57:21] INFO: Overlap-based coverage: 23
[2026-08-12 18:57:21] INFO: Median overlap divergence: 0.0655194
[2026-08-12 18:57:21] DEBUG: Sequence divergence distribution:

    |             *                   |
    |             *                   |
    |             *                   |
    |             *                   |
    |             *                   |
    |         *   *                   |
    |         ** **                   |
    |         ** **                   |
    |         ** ****                 |
    |         ** ****                 |
    |         *******                 |
    |         *******                 |
    |         *******                 |
    |         *******                 |
    |         *******                 |
    |      *  *******                 |
    |      *  ********** *            |               *
    |      *  ********** *            |               *
    |     ************** *            * *   *        **
    |     ************** *            * *   *        **
    ----------------------------------------------------------------------------------------------------
    0%        5%        10%       15%       20%       25%       30%       35%       40%       45%

    Q25 = 0.055, Q50 = 0.066, Q75 = 0.076

[2026-08-12 18:57:34] DEBUG: Assembled disjointig 1
	With 10 reads
	Start read: +SRR27841065.2587868
	At position: 5
	leftTip: 0 rightTip: 1
	Suspicious: 4
	Short ext: 0
	Mean extensions: 17
	Avg overlap len: 12965
	Min overlap len: 4751
	Inner reads: 0
	Length: 40441
[2026-08-12 18:57:34] DEBUG: Inner: 42 covered: 90 total: 90
[2026-08-12 18:57:38] DEBUG: Discarded disjointig with 5 reads and 2 inner overlaps
[2026-08-12 18:57:39] DEBUG: Discarded disjointig with 8 reads and 5 inner overlaps
[2026-08-12 18:58:00] INFO: Assembled 1 disjointigs
[2026-08-12 18:58:00] INFO: Generating sequence
[2026-08-12 18:58:00] DEBUG: Building positional index
[2026-08-12 18:58:00] DEBUG: Total sequence: 40476 bp
[2026-08-12 18:58:01] DEBUG: Mean k-mer frequency: 1.76269
[2026-08-12 18:58:01] DEBUG: Repetitive k-mer frequency: 176
[2026-08-12 18:58:01] DEBUG: Filtered 721 repetitive k-mers (0.0178205)
[2026-08-12 18:58:01] DEBUG: Sorting k-mer index
[2026-08-12 18:58:01] DEBUG: Selected k-mers: 22951
[2026-08-12 18:58:01] DEBUG: K-mer index size: 39738
[2026-08-12 18:58:01] DEBUG: Mean k-mer frequency: 1.73143
[2026-08-12 18:58:01] DEBUG: Minimizer rate: 1.01857
[2026-08-12 18:58:01] INFO: Filtering contained disjointigs
[2026-08-12 18:58:02] DEBUG: Computing transitive closure for overlaps
[2026-08-12 18:58:02] DEBUG: Found 4 overlaps
[2026-08-12 18:58:02] DEBUG: Left 4 overlaps after filtering
[2026-08-12 18:58:02] INFO: Contained seqs: 0
[2026-08-12 18:58:02] DEBUG: Writing FASTA
[2026-08-12 18:58:02] DEBUG: Peak RAM usage: 8 Gb
-----------End assembly log------------
[2026-08-12 18:58:02] root: DEBUG: Disjointigs length: 40476, N50: 40476
[2026-08-12 18:58:02] root: INFO: >>>STAGE: consensus
[2026-08-12 18:58:02] root: INFO: Running Minimap2
[2026-08-12 18:58:29] root: INFO: Computing consensus
[2026-08-12 18:58:31] root: INFO: Alignment error rate: 0.071352
[2026-08-12 18:58:31] root: INFO: >>>STAGE: repeat
[2026-08-12 18:58:31] root: INFO: Building and resolving repeat graph
[2026-08-12 18:58:31] root: DEBUG: -----Begin repeat analyser log------
[2026-08-12 18:58:31] root: DEBUG: Running: flye-modules repeat --disjointigs /home/iris-hp/Project/organelle-auth-ci-fix/runs/output/animal-lr-recruitment-diagnostics/D/flye-shuffle-33-2.9.6/10-consensus/consensus.fasta --reads /home/iris-hp/Project/organelle-auth-ci-fix/runs/output/animal-lr-recruitment-diagnostics/D/recruited.shuffle-33.fastq.gz --out-dir /home/iris-hp/Project/organelle-auth-ci-fix/runs/output/animal-lr-recruitment-diagnostics/D/flye-shuffle-33-2.9.6/20-repeat --config /home/iris-hp/miniconda3/envs/flye/lib/python3.10/site-packages/flye/config/bin_cfg/asm_raw_reads.cfg --log /home/iris-hp/Project/organelle-auth-ci-fix/runs/output/animal-lr-recruitment-diagnostics/D/flye-shuffle-33-2.9.6/flye.log --threads 4 --min-ovlp 2000
[2026-08-12 18:58:31] DEBUG: Build date: May  4 2025 23:20:44
[2026-08-12 18:58:31] DEBUG: Total RAM: 188 Gb
[2026-08-12 18:58:31] DEBUG: Available RAM: 159 Gb
[2026-08-12 18:58:31] DEBUG: Total CPUs: 32
[2026-08-12 18:58:31] DEBUG: Loading /home/iris-hp/miniconda3/envs/flye/lib/python3.10/site-packages/flye/config/bin_cfg/asm_raw_reads.cfg
[2026-08-12 18:58:31] DEBUG: Loading /home/iris-hp/miniconda3/envs/flye/lib/python3.10/site-packages/flye/config/bin_cfg/asm_defaults.cfg
[2026-08-12 18:58:31] DEBUG: 	big_genome_threshold=29000000
[2026-08-12 18:58:31] DEBUG: 	meta_read_filter_kmer_freq=100
[2026-08-12 18:58:31] DEBUG: 	chain_large_gap_penalty=2
[2026-08-12 18:58:31] DEBUG: 	chain_small_gap_penalty=0.5
[2026-08-12 18:58:31] DEBUG: 	chain_gap_jump_threshold=100
[2026-08-12 18:58:31] DEBUG: 	max_jump_gap=500
[2026-08-12 18:58:31] DEBUG: 	max_coverage_drop_rate=5
[2026-08-12 18:58:31] DEBUG: 	max_extensions_drop_rate=5
[2026-08-12 18:58:31] DEBUG: 	chimera_window=100
[2026-08-12 18:58:31] DEBUG: 	chimera_overhang=1000
[2026-08-12 18:58:31] DEBUG: 	min_reads_in_disjointig=4
[2026-08-12 18:58:31] DEBUG: 	max_inner_reads=10
[2026-08-12 18:58:31] DEBUG: 	max_inner_fraction=0.25
[2026-08-12 18:58:31] DEBUG: 	aggressive_dup_filter=1
[2026-08-12 18:58:31] DEBUG: 	max_separation=500
[2026-08-12 18:58:31] DEBUG: 	unique_edge_length=50000
[2026-08-12 18:58:31] DEBUG: 	min_repeat_res_support=0.51
[2026-08-12 18:58:31] DEBUG: 	out_paths_ratio=5
[2026-08-12 18:58:31] DEBUG: 	graph_cov_drop_rate=5
[2026-08-12 18:58:31] DEBUG: 	coverage_estimate_window=100
[2026-08-12 18:58:31] DEBUG: 	max_bubble_length=50000
[2026-08-12 18:58:31] DEBUG: 	loop_coverage_rate=1.5
[2026-08-12 18:58:31] DEBUG: 	repeat_edge_cov_mult=1.75
[2026-08-12 18:58:31] DEBUG: 	weak_detach_rate=5
[2026-08-12 18:58:31] DEBUG: 	tip_coverage_rate=2
[2026-08-12 18:58:31] DEBUG: 	tip_length_rate=2
[2026-08-12 18:58:31] DEBUG: 	output_gfa_before_rr=1
[2026-08-12 18:58:31] DEBUG: 	remove_alt_edges=0
[2026-08-12 18:58:31] DEBUG: 	low_cutoff_warning=1
[2026-08-12 18:58:31] DEBUG: 	kmer_size=17
[2026-08-12 18:58:31] DEBUG: 	use_minimizers=0
[2026-08-12 18:58:31] DEBUG: 	reads_base_alignment=0
[2026-08-12 18:58:31] DEBUG: 	meta_read_top_kmer_rate=0.40
[2026-08-12 18:58:31] DEBUG: 	maximum_jump=1500
[2026-08-12 18:58:31] DEBUG: 	maximum_overhang=1500
[2026-08-12 18:58:31] DEBUG: 	repeat_kmer_rate=100
[2026-08-12 18:58:31] DEBUG: 	assemble_ovlp_divergence=0.10
[2026-08-12 18:58:31] DEBUG: 	assemble_divergence_relative=1
[2026-08-12 18:58:31] DEBUG: 	repeat_graph_ovlp_divergence=0.08
[2026-08-12 18:58:31] DEBUG: 	read_align_ovlp_divergence=0.25
[2026-08-12 18:58:31] DEBUG: 	hpc_scoring_on=0
[2026-08-12 18:58:31] DEBUG: 	add_unassembled_reads=0
[2026-08-12 18:58:31] DEBUG: 	extend_contigs_with_repeats=0
[2026-08-12 18:58:31] DEBUG: 	min_read_cov_cutoff=3
[2026-08-12 18:58:31] DEBUG: 	short_tip_length=20000
[2026-08-12 18:58:31] DEBUG: 	long_tip_length=100000
[2026-08-12 18:58:31] DEBUG: Running with k-mer size: 17
[2026-08-12 18:58:31] DEBUG: Selected minimum overlap 2000
[2026-08-12 18:58:31] DEBUG: Metagenome mode: N
[2026-08-12 18:58:31] INFO: Parsing disjointigs
[2026-08-12 18:58:31] DEBUG: Building positional index
[2026-08-12 18:58:31] DEBUG: Total sequence: 39061 bp
[2026-08-12 18:58:31] INFO: Building repeat graph
[2026-08-12 18:58:31] DEBUG: Mean k-mer frequency: 2.26473
[2026-08-12 18:58:31] DEBUG: Repetitive k-mer frequency: 226
[2026-08-12 18:58:31] DEBUG: Filtered 565 repetitive k-mers (0.0144709)
[2026-08-12 18:58:31] DEBUG: Sorting k-mer index
[2026-08-12 18:58:31] DEBUG: Selected k-mers: 17238
[2026-08-12 18:58:31] DEBUG: K-mer index size: 38479
[2026-08-12 18:58:31] DEBUG: Mean k-mer frequency: 2.23222
[2026-08-12 18:58:31] DEBUG: Minimizer rate: 1.01513
[2026-08-12 18:58:33] DEBUG: Computing transitive closure for overlaps
[2026-08-12 18:58:33] DEBUG: Found 16 overlaps
[2026-08-12 18:58:33] DEBUG: Left 8 overlaps after filtering
[2026-08-12 18:58:33] INFO: Median overlap divergence: 0.0494632
[2026-08-12 18:58:33] DEBUG: Sequence divergence distribution:

    |         *      |
    |         *      |
    |         *      |
    |         *      |
    |         *      |
    |         *      |
    |         *      |
    |         *      |
    |         *      |
    |         *      |
    |         *      |                                                      *
    |         *      |                                                      *
    |         *      |                                                      *
    |         *      |                                                      *
    |         *      |                                                      *
    |         *      |                                                      *
    |         *      |                                                      *
    |         *      |                                                      *
    |         *      |                                                      *
    |         *      |                                                      *
    ----------------------------------------------------------------------------------------------------
    0%        5%        10%       15%       20%       25%       30%       35%       40%       45%

    Q25 = 0.049, Q50 = 0.049, Q75 = 0.36

[2026-08-12 18:58:33] DEBUG: Computing gluepoints
[2026-08-12 18:58:33] DEBUG: Added 2 gluepoint projections
[2026-08-12 18:58:33] DEBUG: Added 0 gluepoint projections
[2026-08-12 18:58:33] DEBUG: Created 36 gluepoints
[2026-08-12 18:58:33] DEBUG: Artificial loops removed: 0 left, 0 right, 0 both
[2026-08-12 18:58:33] DEBUG: Initializing edges
[2026-08-12 18:58:33] DEBUG: Edges length checksum: 278344655
[2026-08-12 18:58:33] DEBUG: Filtered 0 singleton segments
[2026-08-12 18:58:33] DEBUG: Removed 0 simple and 0 double chimeric junctions
[2026-08-12 18:58:33] DEBUG: Collapsed 2 edges
[2026-08-12 18:58:33] DEBUG:  	4	+disjointig_1	12398	13320	922
[2026-08-12 18:58:33] DEBUG:  	-5	+disjointig_1	13320	14144	824
[2026-08-12 18:58:33] DEBUG:  	4	+disjointig_1	14144	15062	918
[2026-08-12 18:58:33] DEBUG:  	-5	+disjointig_1	15062	15884	822
[2026-08-12 18:58:33] DEBUG:  	4	+disjointig_1	15884	16803	919
[2026-08-12 18:58:33] DEBUG: *	6	+disjointig_1	16803	31097	14294
[2026-08-12 18:58:33] DEBUG:  	4	+disjointig_1	31097	32012	915
[2026-08-12 18:58:33] DEBUG:  	-5	+disjointig_1	32012	32825	813
[2026-08-12 18:58:33] DEBUG:  	4	+disjointig_1	32825	34002	1177
[2026-08-12 18:58:33] DEBUG:  	-5	+disjointig_1	34002	34840	838
[2026-08-12 18:58:33] DEBUG:  	4	+disjointig_1	34840	36174	1334
[2026-08-12 18:58:33] DEBUG: Total edges: 6
[2026-08-12 18:58:33] INFO: Parsing reads
[2026-08-12 18:58:33] DEBUG: Building positional index
[2026-08-12 18:58:33] DEBUG: Total sequence: 1895308 bp
[2026-08-12 18:58:33] DEBUG: Building positional index
[2026-08-12 18:58:33] DEBUG: Total sequence: 23776 bp
[2026-08-12 18:58:33] INFO: Aligning reads to the graph
[2026-08-12 18:58:33] DEBUG: Mean k-mer frequency: 1.56322
[2026-08-12 18:58:33] DEBUG: Repetitive k-mer frequency: 156
[2026-08-12 18:58:33] DEBUG: Filtered 565 repetitive k-mers (0.0239518)
[2026-08-12 18:58:33] DEBUG: Sorting k-mer index
[2026-08-12 18:58:33] DEBUG: Selected k-mers: 15088
[2026-08-12 18:58:33] DEBUG: K-mer index size: 23024
[2026-08-12 18:58:33] DEBUG: Mean k-mer frequency: 1.52598
[2026-08-12 18:58:33] DEBUG: Minimizer rate: 1.03266
[2026-08-12 18:58:34] DEBUG: Total reads : 256
[2026-08-12 18:58:34] DEBUG: Read with aligned parts : 246
[2026-08-12 18:58:34] DEBUG: Aligned in one piece : 240
[2026-08-12 18:58:34] INFO: Aligned read sequence: 1627229 / 1678285 (0.969578)
[2026-08-12 18:58:34] INFO: Median overlap divergence: 0.0144328
[2026-08-12 18:58:34] DEBUG: Sequence divergence distribution:

    |  *                                               |
    |  *                                               |
    |  *                                               |
    |  *                                               |
    |  *                                               |
    |  *                                               |
    |  *                                               |
    |  *                                               |
    | ***                                              |
    | ***                                              |
    | ***                                              |
    | ***                                              |
    | ***                                              |
    | ***                                              |
    | ***                                              |
    | ****                                             |
    | *****                                            |
    | ******                                           |
    | *******                                          |
    |*********** *       * * *  *                      |
    ----------------------------------------------------------------------------------------------------
    0%        5%        10%       15%       20%       25%       30%       35%       40%       45%

    Q25 = 0.011, Q50 = 0.014, Q75 = 0.022

[2026-08-12 18:58:34] INFO: Mean edge coverage: 100
[2026-08-12 18:58:34] DEBUG: 4	len:1030	cov:152	mult:1.52
[2026-08-12 18:58:34] DEBUG: -4	len:1030	cov:152	mult:1.52
[2026-08-12 18:58:34] DEBUG: 5	len:824	cov:98	mult:0.98
[2026-08-12 18:58:34] DEBUG: -5	len:824	cov:98	mult:0.98
[2026-08-12 18:58:34] DEBUG: 6	len:14294	cov:101	mult:1.01
[2026-08-12 18:58:34] DEBUG: -6	len:14294	cov:101	mult:1.01
[2026-08-12 18:58:34] DEBUG: Unique coverage threshold 176
[2026-08-12 18:58:34] INFO: Simplifying the graph
[2026-08-12 18:58:34] DEBUG: Read coverage cutoff: 20
[2026-08-12 18:58:34] DEBUG: [SIMPL] Removed 0 paths with low coverage
[2026-08-12 18:58:34] DEBUG: [SIMPL] Masked 0 heterozygous loops
[2026-08-12 18:58:34] DEBUG: Regular bubble: {-4,1030,152} {-4,1030,152}
[2026-08-12 18:58:34] DEBUG: 	Internal: {5,824,98} {-6,14294,101}
[2026-08-12 18:58:34] DEBUG: [SIMPL] Masked 1 simple bubbles
[2026-08-12 18:58:34] DEBUG: Finding repeats
[2026-08-12 18:58:34] DEBUG: Read coverage cutoff: 20
[2026-08-12 18:58:34] DEBUG: Tandem: 4
[2026-08-12 18:58:34] DEBUG: Haplo-edge: 5
[2026-08-12 18:58:34] DEBUG: Haplo-edge: 6
[2026-08-12 18:58:34] DEBUG: Repeat detection iteration 1
[2026-08-12 18:58:34] DEBUG: Writing Dot
[2026-08-12 18:58:34] DEBUG: Writing FASTA
[2026-08-12 18:58:34] DEBUG: Writing Gfa
[2026-08-12 18:58:34] DEBUG: [SIMPL] == Iteration 1 ==
[2026-08-12 18:58:34] DEBUG: Splitting nodes
[2026-08-12 18:58:34] DEBUG: [SIMPL] Split 0 nodes
[2026-08-12 18:58:34] DEBUG: [SIMPL] Clipped 0 short and 0 long tips
[2026-08-12 18:58:34] DEBUG: [SIMPL] Masked 0 heterozygous loops
[2026-08-12 18:58:34] DEBUG: Regular bubble: {-4,1030,152} {-4,1030,152}
[2026-08-12 18:58:34] DEBUG: 	Internal: {5,824,98} {-6,14294,101}
[2026-08-12 18:58:34] DEBUG: [SIMPL] Masked 1 simple bubbles
[2026-08-12 18:58:34] DEBUG: Finding repeats
[2026-08-12 18:58:34] DEBUG: Read coverage cutoff: 20
[2026-08-12 18:58:34] DEBUG: Tandem: 4
[2026-08-12 18:58:34] DEBUG: Haplo-edge: 5
[2026-08-12 18:58:34] DEBUG: Haplo-edge: 6
[2026-08-12 18:58:34] DEBUG: Repeat detection iteration 1
[2026-08-12 18:58:34] DEBUG: Total unique edges: 0
[2026-08-12 18:58:34] DEBUG: [SIMPL] Resolved repeats: 0
[2026-08-12 18:58:34] DEBUG: RR links: 0
[2026-08-12 18:58:34] DEBUG: Unresolved: 0
[2026-08-12 18:58:34] DEBUG: Removed 0 simple and 0 double chimeric junctions
[2026-08-12 18:58:34] DEBUG: [SIMPL] Collapsed 1 haplotypes
[2026-08-12 18:58:34] DEBUG: [SIMPL] Resolved 0 simple repeats
[2026-08-12 18:58:34] DEBUG: Read coverage cutoff: 20
[2026-08-12 18:58:34] DEBUG: [SIMPL] Removed 0 paths with low coverage
[2026-08-12 18:58:34] DEBUG: Finding repeats
[2026-08-12 18:58:34] DEBUG: Read coverage cutoff: 20
[2026-08-12 18:58:34] DEBUG: Short-loop: 7 -> 4
[2026-08-12 18:58:34] DEBUG: Haplo-edge: 5
[2026-08-12 18:58:34] DEBUG: Haplo-edge: 6
[2026-08-12 18:58:34] DEBUG: Repeat detection iteration 1
[2026-08-12 18:58:34] DEBUG: Writing Dot
[2026-08-12 18:58:34] DEBUG: Writing FASTA
[2026-08-12 18:58:34] DEBUG: Peak RAM usage: 0 Gb
-----------End assembly log------------
[2026-08-12 18:58:34] root: INFO: >>>STAGE: contigger
[2026-08-12 18:58:34] root: INFO: Generating contigs
[2026-08-12 18:58:34] root: DEBUG: -----Begin contigger analyser log------
[2026-08-12 18:58:34] root: DEBUG: Running: flye-modules contigger --graph-edges /home/iris-hp/Project/organelle-auth-ci-fix/runs/output/animal-lr-recruitment-diagnostics/D/flye-shuffle-33-2.9.6/20-repeat/repeat_graph_edges.fasta --reads /home/iris-hp/Project/organelle-auth-ci-fix/runs/output/animal-lr-recruitment-diagnostics/D/recruited.shuffle-33.fastq.gz --out-dir /home/iris-hp/Project/organelle-auth-ci-fix/runs/output/animal-lr-recruitment-diagnostics/D/flye-shuffle-33-2.9.6/30-contigger --config /home/iris-hp/miniconda3/envs/flye/lib/python3.10/site-packages/flye/config/bin_cfg/asm_raw_reads.cfg --repeat-graph /home/iris-hp/Project/organelle-auth-ci-fix/runs/output/animal-lr-recruitment-diagnostics/D/flye-shuffle-33-2.9.6/20-repeat/repeat_graph_dump --graph-aln /home/iris-hp/Project/organelle-auth-ci-fix/runs/output/animal-lr-recruitment-diagnostics/D/flye-shuffle-33-2.9.6/20-repeat/read_alignment_dump --log /home/iris-hp/Project/organelle-auth-ci-fix/runs/output/animal-lr-recruitment-diagnostics/D/flye-shuffle-33-2.9.6/flye.log --threads 4 --min-ovlp 2000
[2026-08-12 18:58:34] DEBUG: Build date: May  4 2025 23:21:00
[2026-08-12 18:58:34] DEBUG: Total RAM: 188 Gb
[2026-08-12 18:58:34] DEBUG: Available RAM: 159 Gb
[2026-08-12 18:58:34] DEBUG: Total CPUs: 32
[2026-08-12 18:58:34] DEBUG: Loading /home/iris-hp/miniconda3/envs/flye/lib/python3.10/site-packages/flye/config/bin_cfg/asm_raw_reads.cfg
[2026-08-12 18:58:34] DEBUG: Loading /home/iris-hp/miniconda3/envs/flye/lib/python3.10/site-packages/flye/config/bin_cfg/asm_defaults.cfg
[2026-08-12 18:58:34] DEBUG: 	big_genome_threshold=29000000
[2026-08-12 18:58:34] DEBUG: 	meta_read_filter_kmer_freq=100
[2026-08-12 18:58:34] DEBUG: 	chain_large_gap_penalty=2
[2026-08-12 18:58:34] DEBUG: 	chain_small_gap_penalty=0.5
[2026-08-12 18:58:34] DEBUG: 	chain_gap_jump_threshold=100
[2026-08-12 18:58:34] DEBUG: 	max_jump_gap=500
[2026-08-12 18:58:34] DEBUG: 	max_coverage_drop_rate=5
[2026-08-12 18:58:34] DEBUG: 	max_extensions_drop_rate=5
[2026-08-12 18:58:34] DEBUG: 	chimera_window=100
[2026-08-12 18:58:34] DEBUG: 	chimera_overhang=1000
[2026-08-12 18:58:34] DEBUG: 	min_reads_in_disjointig=4
[2026-08-12 18:58:34] DEBUG: 	max_inner_reads=10
[2026-08-12 18:58:34] DEBUG: 	max_inner_fraction=0.25
[2026-08-12 18:58:34] DEBUG: 	aggressive_dup_filter=1
[2026-08-12 18:58:34] DEBUG: 	max_separation=500
[2026-08-12 18:58:34] DEBUG: 	unique_edge_length=50000
[2026-08-12 18:58:34] DEBUG: 	min_repeat_res_support=0.51
[2026-08-12 18:58:34] DEBUG: 	out_paths_ratio=5
[2026-08-12 18:58:34] DEBUG: 	graph_cov_drop_rate=5
[2026-08-12 18:58:34] DEBUG: 	coverage_estimate_window=100
[2026-08-12 18:58:34] DEBUG: 	max_bubble_length=50000
[2026-08-12 18:58:34] DEBUG: 	loop_coverage_rate=1.5
[2026-08-12 18:58:34] DEBUG: 	repeat_edge_cov_mult=1.75
[2026-08-12 18:58:34] DEBUG: 	weak_detach_rate=5
[2026-08-12 18:58:34] DEBUG: 	tip_coverage_rate=2
[2026-08-12 18:58:34] DEBUG: 	tip_length_rate=2
[2026-08-12 18:58:34] DEBUG: 	output_gfa_before_rr=1
[2026-08-12 18:58:34] DEBUG: 	remove_alt_edges=0
[2026-08-12 18:58:34] DEBUG: 	low_cutoff_warning=1
[2026-08-12 18:58:34] DEBUG: 	kmer_size=17
[2026-08-12 18:58:34] DEBUG: 	use_minimizers=0
[2026-08-12 18:58:34] DEBUG: 	reads_base_alignment=0
[2026-08-12 18:58:34] DEBUG: 	meta_read_top_kmer_rate=0.40
[2026-08-12 18:58:34] DEBUG: 	maximum_jump=1500
[2026-08-12 18:58:34] DEBUG: 	maximum_overhang=1500
[2026-08-12 18:58:34] DEBUG: 	repeat_kmer_rate=100
[2026-08-12 18:58:34] DEBUG: 	assemble_ovlp_divergence=0.10
[2026-08-12 18:58:34] DEBUG: 	assemble_divergence_relative=1
[2026-08-12 18:58:34] DEBUG: 	repeat_graph_ovlp_divergence=0.08
[2026-08-12 18:58:34] DEBUG: 	read_align_ovlp_divergence=0.25
[2026-08-12 18:58:34] DEBUG: 	hpc_scoring_on=0
[2026-08-12 18:58:34] DEBUG: 	add_unassembled_reads=0
[2026-08-12 18:58:34] DEBUG: 	extend_contigs_with_repeats=0
[2026-08-12 18:58:34] DEBUG: 	min_read_cov_cutoff=3
[2026-08-12 18:58:34] DEBUG: 	short_tip_length=20000
[2026-08-12 18:58:34] DEBUG: 	long_tip_length=100000
[2026-08-12 18:58:34] DEBUG: Running with k-mer size: 17
[2026-08-12 18:58:34] DEBUG: Selected minimum overlap 2000
[2026-08-12 18:58:34] INFO: Reading sequences
[2026-08-12 18:58:34] DEBUG: Building positional index
[2026-08-12 18:58:34] DEBUG: Total sequence: 1895308 bp
[2026-08-12 18:58:34] DEBUG: Flipped 1
[2026-08-12 18:58:34] DEBUG: UPath 1: 7 -> 4
[2026-08-12 18:58:34] DEBUG: UPath 2: 5
[2026-08-12 18:58:34] DEBUG: UPath 3: -6
[2026-08-12 18:58:34] DEBUG: Final graph contains 3 egdes
[2026-08-12 18:58:34] DEBUG: Extending contigs into repeats
[2026-08-12 18:58:34] DEBUG: Covered 0 repetitive contigs
[2026-08-12 18:58:34] INFO: Generated 3 contigs
[2026-08-12 18:58:34] DEBUG: Writing FASTA
[2026-08-12 18:58:34] DEBUG: Generating scaffold connections
[2026-08-12 18:58:34] INFO: Added 0 scaffold connections
[2026-08-12 18:58:34] DEBUG: Writing Dot
[2026-08-12 18:58:34] DEBUG: Writing FASTA
[2026-08-12 18:58:34] DEBUG: Writing Gfa
[2026-08-12 18:58:34] DEBUG: Peak RAM usage: 0 Gb
-----------End assembly log------------
[2026-08-12 18:58:34] root: INFO: >>>STAGE: polishing
[2026-08-12 18:58:34] root: INFO: Polishing genome (1/1)
[2026-08-12 18:58:34] root: INFO: Running minimap2
[2026-08-12 18:58:36] root: INFO: Separating alignment into bubbles
[2026-08-12 18:58:38] root: DEBUG: Generated 891 bubbles
[2026-08-12 18:58:38] root: DEBUG: Split 1 long bubbles
[2026-08-12 18:58:38] root: DEBUG: Skipped 1 empty bubbles
[2026-08-12 18:58:38] root: DEBUG: Skipped 0 bubbles with long branches
[2026-08-12 18:58:38] root: INFO: Alignment error rate: 0.053631
[2026-08-12 18:58:38] root: INFO: Correcting bubbles
[2026-08-12 18:58:38] root: DEBUG: Mean contig coverage: 125, selected threshold: 25
[2026-08-12 18:58:38] root: DEBUG: Filtered 1 contigs of total length 311
[2026-08-12 18:58:38] root: DEBUG: Generating polished GFA
[2026-08-12 18:58:39] root: DEBUG: 0 sequences remained unpolished
[2026-08-12 18:58:39] root: INFO: >>>STAGE: finalize
[2026-08-12 18:58:39] root: DEBUG: ---Output dir contents:----
[2026-08-12 18:58:39] root: DEBUG: flye-shuffle-33-2.9.6/
[2026-08-12 18:58:39] root: DEBUG:     15.0 K      assembly.fasta
[2026-08-12 18:58:39] root: DEBUG:     31.0 K      flye.log
[2026-08-12 18:58:39] root: DEBUG:     689.0 B     assembly_graph.gv
[2026-08-12 18:58:39] root: DEBUG:     96.0 B      params.json
[2026-08-12 18:58:39] root: DEBUG:     16.0 K      assembly_graph.gfa
[2026-08-12 18:58:39] root: DEBUG:     20-repeat/
[2026-08-12 18:58:39] root: DEBUG:         15.0 K      graph_before_rr.fasta
[2026-08-12 18:58:39] root: DEBUG:         24.0 K      repeat_graph_edges.fasta
[2026-08-12 18:58:39] root: DEBUG:         501.0 B     graph_before_rr.gv
[2026-08-12 18:58:39] root: DEBUG:         1.0 K       repeat_graph_dump
[2026-08-12 18:58:39] root: DEBUG:         15.0 K      graph_before_rr.gfa
[2026-08-12 18:58:39] root: DEBUG:         125.0 K     read_alignment_dump
[2026-08-12 18:58:39] root: DEBUG:         844.0 B     graph_after_rr.gv
[2026-08-12 18:58:39] root: DEBUG:     00-assembly/
[2026-08-12 18:58:39] root: DEBUG:         28.0 B      draft_assembly.fasta.fai
[2026-08-12 18:58:39] root: DEBUG:         40.0 K      draft_assembly.fasta
[2026-08-12 18:58:39] root: DEBUG:     40-polishing/
[2026-08-12 18:58:39] root: DEBUG:         15.0 K      filtered_contigs.fasta
[2026-08-12 18:58:39] root: DEBUG:         1.0 K       minimap.stderr
[2026-08-12 18:58:39] root: DEBUG:         16.0 K      polished_edges.gfa
[2026-08-12 18:58:39] root: DEBUG:         63.0 B      filtered_stats.txt
[2026-08-12 18:58:39] root: DEBUG:         105.0 B     edges_aln.bam.csi
[2026-08-12 18:58:39] root: DEBUG:         49.0 B      filtered_contigs.fasta.fai
[2026-08-12 18:58:39] root: DEBUG:         129.0 B     minimap_1.bam.csi
[2026-08-12 18:58:39] root: DEBUG:         78.0 B      contigs_stats.txt
[2026-08-12 18:58:39] root: DEBUG:         3.0 K       base_coverage.bed.gz
[2026-08-12 18:58:39] root: DEBUG:     10-consensus/
[2026-08-12 18:58:39] root: DEBUG:         1.0 K       minimap.stderr
[2026-08-12 18:58:39] root: DEBUG:         38.0 K      consensus.fasta
[2026-08-12 18:58:39] root: DEBUG:         498.0 B     minimap.bam.csi
[2026-08-12 18:58:39] root: DEBUG:     30-contigger/
[2026-08-12 18:58:39] root: DEBUG:         16.0 K      graph_final.gfa
[2026-08-12 18:58:39] root: DEBUG:         0.0 B       scaffolds_links.txt
[2026-08-12 18:58:39] root: DEBUG:         16.0 K      graph_final.fasta
[2026-08-12 18:58:39] root: DEBUG:         16.0 K      contigs.fasta
[2026-08-12 18:58:39] root: DEBUG:         689.0 B     graph_final.gv
[2026-08-12 18:58:39] root: DEBUG:         175.0 B     contigs_stats.txt
[2026-08-12 18:58:39] root: DEBUG:         73.0 B      contigs.fasta.fai
[2026-08-12 18:58:39] root: DEBUG: --------------------------
[2026-08-12 18:58:39] root: INFO: Assembly statistics:

	Total length:	16054
	Fragments:	2
	Fragments N50:	14304
	Largest frg:	14304
	Scaffolds:	0
	Mean coverage:	127

[2026-08-12 18:58:39] root: INFO: Final assembly: /home/iris-hp/Project/organelle-auth-ci-fix/runs/output/animal-lr-recruitment-diagnostics/D/flye-shuffle-33-2.9.6/assembly.fasta
