[2026-08-12 18:36:44] INFO: Starting Flye 2.9.6-b1802
[2026-08-12 18:36:44] INFO: >>>STAGE: configure
[2026-08-12 18:36:44] INFO: Configuring run
[2026-08-12 18:36:44] INFO: Total read length: 1895308
[2026-08-12 18:36:44] INFO: Input genome size: 15000
[2026-08-12 18:36:44] INFO: Estimated coverage: 126
[2026-08-12 18:36:44] INFO: Reads N50/N90: 8024 / 1867
[2026-08-12 18:36:44] INFO: Minimum overlap set to 2000
[2026-08-12 18:36:44] INFO: Using longest 50x reads for contig assembly
[2026-08-12 18:36:44] INFO: >>>STAGE: assembly
[2026-08-12 18:36:44] INFO: Assembling disjointigs
[2026-08-12 18:36:44] INFO: Reading sequences
[2026-08-12 18:36:52] INFO: Counting k-mers:
0% 10% 20% 30% 40% 50% 60% 70% 80% 90% 100%
[2026-08-12 18:38:30] INFO: Filling index table (1/2)
0% 10% 20% 30% 40% 50% 60% 70% 80% 90% 100%
[2026-08-12 18:38:30] INFO: Filling index table (2/2)
0% 10% 20% 30% 40% 50% 60% 70% 80% 90% 100%
[2026-08-12 18:54:41] INFO: Extending reads
[2026-08-12 18:57:16] INFO: Overlap-based coverage: 23
[2026-08-12 18:57:16] INFO: Median overlap divergence: 0.0660028
0% 90% 100%
[2026-08-12 18:57:59] INFO: Assembled 1 disjointigs
[2026-08-12 18:57:59] INFO: Generating sequence
0% 10% 20% 40% 50% 70% 80% 100%
[2026-08-12 18:57:59] INFO: Filtering contained disjointigs
0% 100%
[2026-08-12 18:57:59] INFO: Contained seqs: 0
[2026-08-12 18:57:59] INFO: >>>STAGE: consensus
[2026-08-12 18:57:59] INFO: Running Minimap2
[2026-08-12 18:58:14] INFO: Computing consensus
[2026-08-12 18:58:17] INFO: Alignment error rate: 0.075798
[2026-08-12 18:58:17] INFO: >>>STAGE: repeat
[2026-08-12 18:58:17] INFO: Building and resolving repeat graph
[2026-08-12 18:58:17] INFO: Parsing disjointigs
[2026-08-12 18:58:17] INFO: Building repeat graph
0% 100%
[2026-08-12 18:58:17] INFO: Median overlap divergence: 0.0564437
[2026-08-12 18:58:17] INFO: Parsing reads
[2026-08-12 18:58:17] INFO: Aligning reads to the graph
0% 10% 20% 30% 40% 50% 60% 70% 80% 90% 100%
[2026-08-12 18:58:18] INFO: Aligned read sequence: 1453100 / 1678285 (0.865824)
[2026-08-12 18:58:18] INFO: Median overlap divergence: 0.0154287
[2026-08-12 18:58:18] INFO: Mean edge coverage: 90
[2026-08-12 18:58:18] INFO: Simplifying the graph
[2026-08-12 18:58:18] INFO: >>>STAGE: contigger
[2026-08-12 18:58:18] INFO: Generating contigs
[2026-08-12 18:58:18] INFO: Reading sequences
[2026-08-12 18:58:18] INFO: Generated 3 contigs
[2026-08-12 18:58:18] INFO: Added 0 scaffold connections
[2026-08-12 18:58:18] INFO: >>>STAGE: polishing
[2026-08-12 18:58:18] INFO: Polishing genome (1/1)
[2026-08-12 18:58:18] INFO: Running minimap2
[2026-08-12 18:58:20] INFO: Separating alignment into bubbles
[2026-08-12 18:58:22] INFO: Alignment error rate: 0.054465
[2026-08-12 18:58:22] INFO: Correcting bubbles
10% 20% 30% 40% 60% 70% 80% 90% 100%
[2026-08-12 18:58:28] INFO: >>>STAGE: finalize
[2026-08-12 18:58:28] INFO: Assembly statistics:

	Total length:	15832
	Fragments:	3
	Fragments N50:	10749
	Largest frg:	10749
	Scaffolds:	0
	Mean coverage:	120

[2026-08-12 18:58:28] INFO: Final assembly: /home/iris-hp/Project/organelle-auth-ci-fix/runs/output/animal-lr-recruitment-diagnostics/D/flye-shuffle-22-2.9.6/assembly.fasta
