[2026-08-12 18:36:44] INFO: Starting Flye 2.9.6-b1802
[2026-08-12 18:36:44] INFO: >>>STAGE: configure
[2026-08-12 18:36:44] INFO: Configuring run
[2026-08-12 18:36:44] INFO: Total read length: 1895308
[2026-08-12 18:36:44] INFO: Input genome size: 15000
[2026-08-12 18:36:44] INFO: Estimated coverage: 126
[2026-08-12 18:36:44] INFO: Reads N50/N90: 8024 / 1867
[2026-08-12 18:36:44] INFO: Minimum overlap set to 2000
[2026-08-12 18:36:44] INFO: Using longest 50x reads for contig assembly
[2026-08-12 18:36:44] INFO: >>>STAGE: assembly
[2026-08-12 18:36:44] INFO: Assembling disjointigs
[2026-08-12 18:36:44] INFO: Reading sequences
[2026-08-12 18:36:52] INFO: Counting k-mers:
0% 10% 20% 30% 40% 50% 60% 70% 80% 90% 100%
[2026-08-12 18:38:30] INFO: Filling index table (1/2)
0% 10% 20% 30% 40% 50% 60% 70% 80% 90% 100%
[2026-08-12 18:38:31] INFO: Filling index table (2/2)
0% 10% 20% 30% 40% 50% 60% 70% 80% 90% 100%
[2026-08-12 18:54:43] INFO: Extending reads
[2026-08-12 18:57:19] INFO: Overlap-based coverage: 23
[2026-08-12 18:57:19] INFO: Median overlap divergence: 0.0655822
0% 90% 100%
[2026-08-12 18:57:57] INFO: Assembled 2 disjointigs
[2026-08-12 18:57:57] INFO: Generating sequence
0% 10% 20% 30% 40% 50% 60% 70% 80% 90% 100%
[2026-08-12 18:57:57] INFO: Filtering contained disjointigs
0% 50% 100%
[2026-08-12 18:57:57] INFO: Contained seqs: 0
[2026-08-12 18:57:57] INFO: >>>STAGE: consensus
[2026-08-12 18:57:57] INFO: Running Minimap2
[2026-08-12 18:58:23] INFO: Computing consensus
[2026-08-12 18:58:24] INFO: Alignment error rate: 0.074909
[2026-08-12 18:58:24] INFO: >>>STAGE: repeat
[2026-08-12 18:58:24] INFO: Building and resolving repeat graph
[2026-08-12 18:58:24] INFO: Parsing disjointigs
[2026-08-12 18:58:24] INFO: Building repeat graph
0% 50% 100%
[2026-08-12 18:58:25] INFO: Median overlap divergence: 0.0647361
[2026-08-12 18:58:25] INFO: Parsing reads
[2026-08-12 18:58:25] INFO: Aligning reads to the graph
0% 10% 20% 30% 40% 50% 60% 70% 80% 90% 100%
[2026-08-12 18:58:27] INFO: Aligned read sequence: 1459246 / 1678285 (0.869486)
[2026-08-12 18:58:27] INFO: Median overlap divergence: 0.0162489
[2026-08-12 18:58:27] INFO: Mean edge coverage: 89
[2026-08-12 18:58:27] INFO: Simplifying the graph
[2026-08-12 18:58:27] INFO: >>>STAGE: contigger
[2026-08-12 18:58:27] INFO: Generating contigs
[2026-08-12 18:58:27] INFO: Reading sequences
[2026-08-12 18:58:27] INFO: Generated 3 contigs
[2026-08-12 18:58:27] INFO: Added 0 scaffold connections
[2026-08-12 18:58:27] INFO: >>>STAGE: polishing
[2026-08-12 18:58:27] INFO: Polishing genome (1/1)
[2026-08-12 18:58:27] INFO: Running minimap2
[2026-08-12 18:58:31] INFO: Separating alignment into bubbles
[2026-08-12 18:58:33] INFO: Alignment error rate: 0.051828
[2026-08-12 18:58:33] INFO: Correcting bubbles
10% 20% 30% 40% 50% 60% 70% 80% 90% 100%
[2026-08-12 18:58:34] INFO: >>>STAGE: finalize
[2026-08-12 18:58:34] INFO: Assembly statistics:

	Total length:	17641
	Fragments:	3
	Fragments N50:	10805
	Largest frg:	10805
	Scaffolds:	0
	Mean coverage:	104

[2026-08-12 18:58:34] INFO: Final assembly: /home/iris-hp/Project/organelle-auth-ci-fix/runs/output/animal-lr-recruitment-diagnostics/D/flye-shuffle-11-2.9.6/assembly.fasta
