[2026-08-12 18:36:44] INFO: Starting Flye 2.9.6-b1802
[2026-08-12 18:36:44] INFO: >>>STAGE: configure
[2026-08-12 18:36:44] INFO: Configuring run
[2026-08-12 18:36:44] INFO: Total read length: 1895308
[2026-08-12 18:36:44] INFO: Input genome size: 15000
[2026-08-12 18:36:44] INFO: Estimated coverage: 126
[2026-08-12 18:36:44] INFO: Reads N50/N90: 8024 / 1867
[2026-08-12 18:36:44] INFO: Minimum overlap set to 2000
[2026-08-12 18:36:44] INFO: Using longest 50x reads for contig assembly
[2026-08-12 18:36:44] INFO: >>>STAGE: assembly
[2026-08-12 18:36:44] INFO: Assembling disjointigs
[2026-08-12 18:36:44] INFO: Reading sequences
[2026-08-12 18:36:52] INFO: Counting k-mers:
0% 10% 20% 30% 40% 50% 60% 70% 80% 90% 100%
[2026-08-12 18:38:32] INFO: Filling index table (1/2)
0% 10% 20% 30% 40% 50% 60% 70% 80% 90% 100%
[2026-08-12 18:38:33] INFO: Filling index table (2/2)
0% 10% 20% 30% 40% 50% 60% 70% 80% 90% 100%
[2026-08-12 18:54:51] INFO: Extending reads
[2026-08-12 18:57:21] INFO: Overlap-based coverage: 23
[2026-08-12 18:57:21] INFO: Median overlap divergence: 0.0655194
0% 100%
[2026-08-12 18:58:00] INFO: Assembled 1 disjointigs
[2026-08-12 18:58:00] INFO: Generating sequence
0% 10% 20% 30% 40% 50% 60% 70% 80% 100%
[2026-08-12 18:58:01] INFO: Filtering contained disjointigs
0% 100%
[2026-08-12 18:58:02] INFO: Contained seqs: 0
[2026-08-12 18:58:02] INFO: >>>STAGE: consensus
[2026-08-12 18:58:02] INFO: Running Minimap2
[2026-08-12 18:58:29] INFO: Computing consensus
[2026-08-12 18:58:31] INFO: Alignment error rate: 0.071352
[2026-08-12 18:58:31] INFO: >>>STAGE: repeat
[2026-08-12 18:58:31] INFO: Building and resolving repeat graph
[2026-08-12 18:58:31] INFO: Parsing disjointigs
[2026-08-12 18:58:31] INFO: Building repeat graph
0% 100%
[2026-08-12 18:58:33] INFO: Median overlap divergence: 0.0494632
[2026-08-12 18:58:33] INFO: Parsing reads
[2026-08-12 18:58:33] INFO: Aligning reads to the graph
0% 10% 20% 30% 40% 50% 60% 70% 80% 90% 100%
[2026-08-12 18:58:34] INFO: Aligned read sequence: 1627229 / 1678285 (0.969578)
[2026-08-12 18:58:34] INFO: Median overlap divergence: 0.0144328
[2026-08-12 18:58:34] INFO: Mean edge coverage: 100
[2026-08-12 18:58:34] INFO: Simplifying the graph
[2026-08-12 18:58:34] INFO: >>>STAGE: contigger
[2026-08-12 18:58:34] INFO: Generating contigs
[2026-08-12 18:58:34] INFO: Reading sequences
[2026-08-12 18:58:34] INFO: Generated 3 contigs
[2026-08-12 18:58:34] INFO: Added 0 scaffold connections
[2026-08-12 18:58:34] INFO: >>>STAGE: polishing
[2026-08-12 18:58:34] INFO: Polishing genome (1/1)
[2026-08-12 18:58:34] INFO: Running minimap2
[2026-08-12 18:58:36] INFO: Separating alignment into bubbles
[2026-08-12 18:58:38] INFO: Alignment error rate: 0.053631
[2026-08-12 18:58:38] INFO: Correcting bubbles
10% 20% 30% 40% 50% 60% 70% 90% 100%
[2026-08-12 18:58:39] INFO: >>>STAGE: finalize
[2026-08-12 18:58:39] INFO: Assembly statistics:

	Total length:	16054
	Fragments:	2
	Fragments N50:	14304
	Largest frg:	14304
	Scaffolds:	0
	Mean coverage:	127

[2026-08-12 18:58:39] INFO: Final assembly: /home/iris-hp/Project/organelle-auth-ci-fix/runs/output/animal-lr-recruitment-diagnostics/D/flye-shuffle-33-2.9.6/assembly.fasta
